[2025-08-28 09:52:40] ===== Starting NMF pipeline =====
[2025-08-28 09:52:40] Loading data from: /data/zusers/kresgeb/hippocampus/R_download/spatial_hpc_snrna_seq.Rdata
Loading objects:
  spatial_hpc_snrna_seq
[2025-08-28 09:53:32] Data successfully loaded.
[2025-08-28 09:53:32] snrna object: SingleCellExperiment
[2025-08-28 09:53:32] Dimensions of logcounts: 36601 genes x 75411 cells
[2025-08-28 09:53:32] Size of logcounts assay: 4833.07 MB
[2025-08-28 09:53:32] Running NMF with RcppML...

iter |      tol 
---------------
   1 | 9.19e-01
   2 | 1.53e-01
   3 | 5.16e-02
   4 | 2.78e-02
   5 | 1.81e-02
   6 | 1.08e-02
   7 | 7.23e-03
   8 | 5.52e-03
   9 | 4.50e-03
  10 | 3.74e-03
  11 | 3.19e-03
  12 | 2.85e-03
  13 | 2.58e-03
  14 | 2.33e-03
  15 | 2.09e-03
  16 | 1.82e-03
  17 | 1.57e-03
  18 | 1.36e-03
  19 | 1.21e-03
  20 | 1.10e-03
  21 | 1.02e-03
  22 | 9.74e-04
  23 | 9.47e-04
  24 | 9.26e-04
  25 | 8.60e-04
  26 | 8.16e-04
  27 | 7.74e-04
  28 | 7.28e-04
  29 | 6.76e-04
  30 | 6.30e-04
  31 | 5.78e-04
  32 | 5.13e-04
  33 | 4.31e-04
  34 | 3.45e-04
  35 | 2.69e-04
  36 | 2.15e-04
  37 | 1.76e-04
  38 | 1.47e-04
  39 | 1.26e-04
  40 | 1.12e-04
  41 | 1.02e-04
  42 | 9.54e-05
  43 | 9.12e-05
  44 | 8.97e-05
  45 | 9.06e-05
  46 | 9.30e-05
  47 | 9.68e-05
  48 | 1.00e-04
  49 | 1.02e-04
  50 | 1.02e-04
  51 | 1.01e-04
  52 | 9.80e-05
  53 | 9.35e-05
  54 | 8.92e-05
  55 | 8.52e-05
  56 | 8.10e-05
  57 | 7.64e-05
  58 | 7.18e-05
  59 | 6.86e-05
  60 | 6.73e-05
  61 | 6.71e-05
  62 | 6.77e-05
  63 | 6.83e-05
  64 | 6.90e-05
  65 | 6.90e-05
  66 | 6.76e-05
  67 | 6.54e-05
  68 | 6.21e-05
  69 | 5.75e-05
  70 | 5.08e-05
  71 | 4.59e-05
  72 | 4.16e-05
  73 | 3.81e-05
  74 | 3.57e-05
  75 | 3.42e-05
  76 | 3.34e-05
  77 | 3.35e-05
  78 | 3.43e-05
  79 | 3.57e-05
  80 | 3.73e-05
  81 | 3.85e-05
  82 | 3.85e-05
  83 | 3.65e-05
  84 | 3.25e-05
  85 | 2.75e-05
  86 | 2.30e-05
  87 | 1.94e-05
  88 | 1.69e-05
  89 | 1.50e-05
  90 | 1.35e-05
  91 | 1.23e-05
  92 | 1.13e-05
  93 | 1.05e-05
  94 | 9.73e-06
  95 | 8.97e-06
  96 | 8.36e-06
  97 | 7.84e-06
  98 | 7.38e-06
  99 | 6.98e-06
 100 | 6.65e-06
 101 | 6.36e-06
 102 | 6.13e-06
 103 | 5.93e-06
 104 | 5.77e-06
 105 | 5.63e-06
 106 | 5.53e-06
 107 | 5.46e-06
 108 | 5.41e-06
 109 | 5.38e-06
 110 | 5.37e-06
 111 | 5.38e-06
 112 | 5.41e-06
 113 | 5.47e-06
 114 | 5.54e-06
 115 | 5.64e-06
 116 | 5.73e-06
 117 | 5.82e-06
 118 | 5.92e-06
 119 | 6.02e-06
 120 | 6.12e-06
 121 | 6.19e-06
 122 | 6.22e-06
 123 | 6.25e-06
 124 | 6.24e-06
 125 | 6.20e-06
 126 | 6.13e-06
 127 | 6.03e-06
 128 | 5.86e-06
 129 | 5.65e-06
 130 | 5.42e-06
 131 | 5.18e-06
 132 | 4.93e-06
 133 | 4.67e-06
 134 | 4.42e-06
 135 | 4.18e-06
 136 | 3.95e-06
 137 | 3.72e-06
 138 | 3.51e-06
 139 | 3.30e-06
 140 | 3.10e-06
 141 | 2.90e-06
 142 | 2.70e-06
 143 | 2.52e-06
 144 | 2.35e-06
 145 | 2.19e-06
 146 | 2.03e-06
 147 | 1.87e-06
 148 | 1.73e-06
 149 | 1.61e-06
 150 | 1.49e-06
 151 | 1.39e-06
 152 | 1.29e-06
 153 | 1.20e-06
 154 | 1.11e-06
 155 | 1.03e-06
 156 | 9.61e-07
[2025-08-28 10:00:38] NMF completed in 7.09 minutes
[2025-08-28 10:00:38] Saving NMF result to: /zata/zippy/kresgeb/hippocampus/my_output/nmf/simple_nmf_x.rda
[2025-08-28 10:00:40] Save complete.
[2025-08-28 10:00:40] ===== Session Info =====
R version 4.4.2 (2024-10-31)
Platform: x86_64-pc-linux-gnu
Running under: Ubuntu 22.04.5 LTS

Matrix products: default
BLAS:   /usr/lib/x86_64-linux-gnu/blas/libblas.so.3.10.0 
LAPACK: /usr/lib/x86_64-linux-gnu/lapack/liblapack.so.3.10.0

locale:
[1] C

time zone: America/New_York
tzcode source: system (glibc)

attached base packages:
[1] stats4    stats     graphics  grDevices utils     datasets  methods   base     

other attached packages:
 [1] sessioninfo_1.2.2           Matrix_1.7-1                RcppML_0.3.7                SpatialExperiment_1.16.0   
 [5] SingleCellExperiment_1.28.1 SummarizedExperiment_1.36.0 Biobase_2.66.0              GenomicRanges_1.58.0       
 [9] GenomeInfoDb_1.42.1         IRanges_2.40.1              S4Vectors_0.44.0            BiocGenerics_0.52.0        
[13] MatrixGenerics_1.18.0       matrixStats_1.5.0          

loaded via a namespace (and not attached):
 [1] crayon_1.5.3            httr_1.4.7              cli_3.6.5               magick_2.8.6           
 [5] rlang_1.1.6             UCSC.utils_1.2.0        jsonlite_2.0.0          DelayedArray_0.32.0    
 [9] rjson_0.2.23            grid_4.4.2              abind_1.4-8             compiler_4.4.2         
[13] Rcpp_1.1.0              XVector_0.46.0          lattice_0.22-5          R6_2.6.1               
[17] SparseArray_1.6.0       GenomeInfoDbData_1.2.13 magrittr_2.0.3          tools_4.4.2            
[21] zlibbioc_1.52.0         S4Arrays_1.6.0         
- Session info ------------------------------------------------------------------------------------------------------------------------------------------------------------------------------------------------------------------------------------------
 setting  value
 version  R version 4.4.2 (2024-10-31)
 os       Ubuntu 22.04.5 LTS
 system   x86_64, linux-gnu
 ui       X11
 language (EN)
 collate  C
 ctype    C
 tz       America/New_York
 date     2025-08-28
 pandoc   2.9.2.1 @ /usr/bin/pandoc

- Packages ----------------------------------------------------------------------------------------------------------------------------------------------------------------------------------------------------------------------------------------------
 package              * version date (UTC) lib source
 abind                  1.4-8   2024-09-12 [1] CRAN (R 4.4.2)
 Biobase              * 2.66.0  2024-10-29 [1] Bioconductor 3.20 (R 4.4.2)
 BiocGenerics         * 0.52.0  2024-10-29 [1] Bioconductor 3.20 (R 4.4.2)
 cli                    3.6.5   2025-04-23 [1] CRAN (R 4.4.2)
 crayon                 1.5.3   2024-06-20 [1] CRAN (R 4.4.2)
 DelayedArray           0.32.0  2024-10-29 [1] Bioconductor 3.20 (R 4.4.2)
 GenomeInfoDb         * 1.42.1  2024-11-28 [1] Bioconductor 3.20 (R 4.4.2)
 GenomeInfoDbData       1.2.13  2025-01-10 [1] Bioconductor
 GenomicRanges        * 1.58.0  2024-10-29 [1] Bioconductor 3.20 (R 4.4.2)
 httr                   1.4.7   2023-08-15 [1] CRAN (R 4.4.2)
 IRanges              * 2.40.1  2024-12-05 [1] Bioconductor 3.20 (R 4.4.2)
 jsonlite               2.0.0   2025-03-27 [1] CRAN (R 4.4.2)
 lattice                0.22-5  2023-10-24 [3] CRAN (R 4.3.1)
 magick                 2.8.6   2025-03-23 [1] CRAN (R 4.4.2)
 magrittr               2.0.3   2022-03-30 [1] CRAN (R 4.4.2)
 Matrix               * 1.7-1   2024-10-18 [3] CRAN (R 4.4.1)
 MatrixGenerics       * 1.18.0  2024-10-29 [1] Bioconductor 3.20 (R 4.4.2)
 matrixStats          * 1.5.0   2025-01-07 [1] CRAN (R 4.4.2)
 R6                     2.6.1   2025-02-15 [1] CRAN (R 4.4.2)
 Rcpp                   1.1.0   2025-07-02 [1] CRAN (R 4.4.2)
 RcppML               * 0.3.7   2021-09-21 [1] CRAN (R 4.4.2)
 rjson                  0.2.23  2024-09-16 [1] CRAN (R 4.4.2)
 rlang                  1.1.6   2025-04-11 [1] CRAN (R 4.4.2)
 S4Arrays               1.6.0   2024-10-29 [1] Bioconductor 3.20 (R 4.4.2)
 S4Vectors            * 0.44.0  2024-10-29 [1] Bioconductor 3.20 (R 4.4.2)
 sessioninfo          * 1.2.2   2021-12-06 [1] CRAN (R 4.4.2)
 SingleCellExperiment * 1.28.1  2024-11-10 [1] Bioconductor 3.20 (R 4.4.2)
 SparseArray            1.6.0   2024-10-29 [1] Bioconductor 3.20 (R 4.4.2)
 SpatialExperiment    * 1.16.0  2024-10-29 [1] Bioconductor 3.20 (R 4.4.2)
 SummarizedExperiment * 1.36.0  2024-10-29 [1] Bioconductor 3.20 (R 4.4.2)
 UCSC.utils             1.2.0   2024-10-29 [1] Bioconductor 3.20 (R 4.4.2)
 XVector                0.46.0  2024-10-29 [1] Bioconductor 3.20 (R 4.4.2)
 zlibbioc               1.52.0  2024-10-29 [1] Bioconductor 3.20 (R 4.4.2)

 [1] /usr/local/lib/R/site-library
 [2] /usr/lib/R/site-library
 [3] /usr/lib/R/library

---------------------------------------------------------------------------------------------------------------------------------------------------------------------------------------------------------------------------------------------------------
[2025-08-28 10:00:40] ===== Finished NMF process =====
