[2025-11-12 19:12:54] Log file created: /zata/zippy/kresgeb/nmf_stuff/dlPFC/logs/batched_registration_dotplot_2025-11-12_19-12-54.log
[2025-11-12 19:12:54] ======Snapshot of script: batched_registration_dotplot.R======

----- Begin Script Snapshot -----
#!/usr/bin/env Rscript

suppressPackageStartupMessages({
    library(here)
    library(SingleCellExperiment)
    library(SpatialExperiment)
    library(RcppML)
    library(tidyr)
    library(duckplyr)
    library(ggplot2)
    library(scater)
    library(sessioninfo)
    library(mclust)
    library(viridis)
    library(readr)
})

# ------------------------------
# Setup
# ------------------------------
my_relative_path <- "scripts/batched_registration_dotplot.R"
here::i_am(my_relative_path)
source(here("scripts", "utils.R"))

setup_log(prefix = "batched_registration_dotplot")
snapshot_script(here(my_relative_path))
log_msg("===== Session Info =====")
print(sessionInfo())
print(session_info())
log_msg("===== Starting batched registration dotplot =====")

# ------------------------------
# Input parameters
# ------------------------------
# Column names in sce/spe that contain cell-type and domain annotations
cell_type_col_name <- "cellType_hc"
domain_col_name <- "BayesSpace_harmony_09"
skip_completed <- TRUE # set FALSE to force re-run even if already completed

# ------------------------------
# Paths
# ------------------------------
# baseline SCE and SPE that do NOT have nmf/projection columns appended permanently
dlpfc_spe_path <- "/data/zusers/kresgeb/psych_encode/spatialLIBD_fetch_data/2024.RData"
dlpfc_sce_path <- "/data/zusers/kresgeb/psych_encode/spatialDLPFC_snRNAseq_fetch/2024_snRNA.RData"

nmf_summary_tsv_path <- here("data", "batched_nmf", "summary.tsv")
proj_summary_tsv_path <- here("data", "batched_projection", "summary.tsv")
output_root <- here("output", "batched_registration_dotplot")

# ------------------------------
# File initialization
# ------------------------------

dir.create(output_root, recursive = TRUE, showWarnings = FALSE)

# Load existing summary or create empty one
summary_tsv_path <- file.path(output_root, "summary.tsv")

if (file.exists(summary_tsv_path)) {
    summary_df <- read_tsv(summary_tsv_path, show_col_types = FALSE)
    log_msg(paste("Loaded existing summary TSV with", nrow(summary_df), "rows"))
} else {
    summary_df <- tibble(
        timestamp = character(),
        k = integer(),
        seed = integer(),
        tol = numeric(),
        L1 = numeric(),
        nmf_input = character(),
        projection_input = character(),
        n_common_genes = integer(),
        n_specific = integer(),
        specific_factors = character(),
        n_general = integer(),
        general_factors = character(),
        elapsed_min = numeric(),
        output_dir = character()
    )
    write_tsv(summary_df, summary_tsv_path)
    log_msg(paste("Initialized empty summary TSV at:", summary_tsv_path))
}
# ------------------------------
# Helper Functions
# ------------------------------
get_col <- function(obj, colname) {
    if (!colname %in% colnames(colData(obj))) {
        stop(sprintf("Column '%s' not found in colData", colname))
    }
    return(as.factor(colData(obj)[[colname]]))
}

# ------------------------------
# Read NMF and projection summaries
# ------------------------------
if (!file.exists(nmf_summary_tsv_path)) stop("NMF summary TSV not found at: ", nmf_summary_tsv_path)
if (!file.exists(proj_summary_tsv_path)) stop("Projection summary TSV not found at: ", proj_summary_tsv_path)

nmf_summary_df <- read_tsv(nmf_summary_tsv_path, show_col_types = FALSE)
proj_summary_df <- read_tsv(proj_summary_tsv_path, show_col_types = FALSE)

log_msg(sprintf("Found %d NMF runs and %d projections", nrow(nmf_summary_df), nrow(proj_summary_df)))

# Join summaries on shared parameters, verify path match, and clean up columns
joined_summary_df <- nmf_summary_df %>%
    rename(nmf_path = output_path) %>%
    inner_join(
        proj_summary_df %>%
            rename(projection_path = projection_output),
        by = c("k", "seed", "tol", "L1"),
        suffix = c("_nmf", "_proj")
    ) %>%
    # sanity check: ensure nmf_path matches proj nmf_input
    filter(nmf_path == nmf_input) %>%
    # drop redundant or unneeded columns
    select(k, seed, tol, L1, nmf_path, projection_path)



# ------------------------------
# Load in SPE & SCE
# ------------------------------
log_msg("Loading SPE and SCE")
log_msg(paste("Loading SPE from:", dlpfc_spe_path))
load_and_rename(dlpfc_spe_path, "spe")
log_msg("Loaded SPE")

log_msg(paste("Loading SCE from:", dlpfc_sce_path))
load_and_rename(dlpfc_sce_path, "sce")
log_msg("Loaded SCE")

stopifnot(inherits(sce, "SingleCellExperiment"))
stopifnot(inherits(spe, "SpatialExperiment"))

# Ensure SPE rownames are gene symbols (as in projection code)
log_msg("Ensuring SPE rownames are gene names")
gene_names <- as.character(rowData(spe)$gene_name)
na_idx <- which(is.na(gene_names) | gene_names == "")
if (length(na_idx) > 0) {
    gene_names[na_idx] <- rownames(spe)[na_idx]
    log_msg(sprintf("Replaced %d NA gene_name entries with Ensembl IDs", length(na_idx)))
}
rownames(spe) <- make.unique(gene_names)

# ------------------------------
# Iterate over joined summary and create plots
# ------------------------------
for (i in seq_len(nrow(joined_summary_df))) {
    job_row <- joined_summary_df[i, ]
    nmf_path <- job_row$nmf_path
    proj_path <- job_row$projection_path
    k <- job_row$k
    seed <- job_row$seed
    tol <- job_row$tol
    L1 <- job_row$L1

    run_prefix <- sprintf("k%d_seed%d_tol%.0e_L1%.1f", k, seed, tol, L1)
    run_outdir <- file.path(output_root, paste0("run_", run_prefix))

    dir.create(run_outdir, recursive = TRUE, showWarnings = FALSE)
    plots_dir <- file.path(run_outdir, "plots")
    dir.create(plots_dir, recursive = TRUE, showWarnings = FALSE)

    log_msg("--------------------------------------------")
    log_msg(sprintf("Starting run %d / %d: %s", i, nrow(joined_summary_df), run_prefix))
    log_msg(paste("nmf_path:", nmf_path))
    log_msg(paste("projection path:", proj_path))

    # Load NMF object (RcppML nmf)
    nmf_obj <- readRDS(nmf_path)

    # Convert from RcppML NMF object to matrix (genes x patterns)
    nmf_matrix <- as.matrix(t(nmf_obj$h))
    colnames(nmf_matrix) <- paste0("nmf", seq_len(ncol(nmf_matrix)))

    log_msg(sprintf("NMF matrix: %d rows, %d cols", nrow(nmf_matrix), ncol(nmf_matrix)))
    log_msg(sprintf("Duplicate NMF rownames: %d", anyDuplicated(rownames(nmf_matrix))))

    # Load projection (spots x patterns)
    proj_matrix <- readRDS(proj_path)

    log_msg(sprintf("Projection matrix: %d rows, %d cols", nrow(proj_matrix), ncol(proj_matrix)))
    log_msg(sprintf("Duplicate projection rownames: %d", anyDuplicated(rownames(proj_matrix))))

    start_time <- Sys.time()

    # Prepare local copies of sce and spe for this run
    sce_run <- sce
    spe_run <- spe
    log_msg("Attaching NMF matrix to SCE colData...")
    log_msg(sprintf(
        "SCE colData rows: %d, unique rownames: %d",
        nrow(colData(sce_run)), length(unique(rownames(colData(sce_run))))
    ))
    # Attach NMF columns to sce_run$colData (temporary)
    # If dimensions match by rows, cbind; otherwise try to match by rownames
    if (nrow(nmf_matrix) == nrow(colData(sce_run))) {
        new_nmf_df <- as.data.frame(nmf_matrix, stringsAsFactors = FALSE)
        colData(sce_run) <- cbind(colData(sce_run), new_nmf_df)
        log_msg("NMF matrix attached by row order")
    } else {
        log_msg("WARNING: NMF matrix rows do not match SCE colData rows; skipping this run.")
        next
    }

    # Attach projection to spe_run$colData temporarily
    # projection matrix assumed rows = spots (colData rows)
    log_msg("Attaching projection matrix to SPE colData...")
    log_msg(sprintf(
        "SPE colData rows: %d, unique rownames: %d",
        nrow(colData(spe_run)), length(unique(rownames(colData(spe_run))))
    ))
    if (nrow(proj_matrix) == nrow(colData(spe_run))) {
        proj_df <- as.data.frame(proj_matrix, stringsAsFactors = FALSE)
        colData(spe_run) <- cbind(colData(spe_run), proj_df)
        log_msg("Projection matrix attached by row order")
    } else {
        log_msg("WARNING: Projection rows do not match SPE colData rows; skipping this run.")
        next
    }

    # Identify nmf columns in the (now augmented) sce_run colData
    nmf_cols <- grep("^nmf[0-9]+$", colnames(colData(sce_run)), value = TRUE)
    if (length(nmf_cols) == 0) {
        log_msg("No nmf columns found after attaching matrix; skipping.")
        next
    }
    log_msg(sprintf("Found %d nmf patterns for plotting", length(nmf_cols)))

    # ------------------------------
    # ECDF of nonzero counts (nuclei + spots)
    # ------------------------------
    log_msg("Creating ECDF plot for nonzero NMF pattern weights...")
    # Count nonzeros
    nonzero_nuclei <- colSums(as.matrix(colData(sce_run)[, nmf_cols]) > 0)
    nonzero_spots <- colSums(as.matrix(colData(spe_run)[, nmf_cols]) > 0)

    # Build long dataframe with source column
    nonzero_df <- bind_rows(
        data.frame(nonzero_count = nonzero_nuclei, source = "Nuclei"),
        data.frame(nonzero_count = nonzero_spots, source = "Spots")
    )

    # Single ECDF plot with facet_wrap
    p_ecdf <- ggplot(nonzero_df, aes(x = log10(nonzero_count))) +
        stat_ecdf(geom = "step") +
        coord_cartesian(xlim = c(0, 5)) +
        facet_wrap(~source, ncol = 1, scales = "fixed") +
        labs(
            x = "log10(# with nonzero weight) per NMF pattern",
            y = "ECDF",
            title = "ECDF of nonzero NMF pattern weights"
        ) +
        theme_minimal()

    ggsave(
        filename = file.path(plots_dir, "ecdf_nonzero_nuclei_spots_nmf_patterns_faceted.pdf"),
        plot = p_ecdf, width = 6, height = 8, dpi = 300
    )

    # ------------------------------
    # Dotplot: nuclei proportion (presence) and scaled avg
    # ------------------------------
    log_msg("Preparing data for dotplot of NMF pattern presence by cell type...")

    nmf_weight_matrix <- as.matrix(colData(sce_run)[, nmf_cols])
    # binary presence
    nuclei_nmf_nonzero_binary <- nmf_weight_matrix > 0
    nuclei_nmf_presence <- data.frame(
        cell_type = get_col(sce_run, cell_type_col_name),
        nuclei_nmf_nonzero_binary,
        check.names = FALSE
    )

    nuclei_nmf_prop_summary <- nuclei_nmf_presence %>%
        group_by(cell_type) %>%
        add_tally(name = "total") %>%
        group_by(cell_type, total) %>%
        summarize(across(all_of(nmf_cols), sum), .groups = "drop") %>%
        pivot_longer(cols = all_of(nmf_cols), names_to = "nmf", values_to = "n") %>%
        mutate(prop = n / total)

    # scaled avg
    nmf_scaled_matrix <- apply(nmf_weight_matrix, 2, scale)
    nuclei_nmf_scaled <- data.frame(
        cell_type = get_col(sce_run, cell_type_col_name),
        nmf_scaled_matrix,
        check.names = FALSE
    )

    nuclei_nmf_scaled_summary <- nuclei_nmf_scaled %>%
        group_by(cell_type) %>%
        summarize(across(all_of(nmf_cols), mean), .groups = "drop") %>%
        pivot_longer(cols = all_of(nmf_cols), names_to = "nmf", values_to = "scaled_avg")

    # ------------------------------
    # Abundance, entropy and GMM split
    # ------------------------------
    log_msg("Computing specificity / entropy and GMM split...")

    pseudo_count <- 1e-9
    specificity_df <- nuclei_nmf_prop_summary %>%
        group_by(nmf) %>%
        summarize(
            mean_prop = mean(prop),
            sd_prop = sd(prop),
            prop_cv = sd(prop) / mean(prop),
            entropy = -sum(((prop + pseudo_count) / sum(prop + pseudo_count)) * log((prop + pseudo_count) / sum(prop + pseudo_count)))
        )

    # Mclust on entropy (G=2)
    gmm_fit <- Mclust(specificity_df$entropy, G = 2, verbose = FALSE)
    specificity_df$entropy_cluster <- gmm_fit$classification
    cluster_means <- tapply(specificity_df$entropy, specificity_df$entropy_cluster, mean)
    specificity_df$pattern_type <- ifelse(
        specificity_df$entropy_cluster == which.max(cluster_means),
        "general", "specific"
    )

    log_msg("Plotting entropy histogram with GMM cluster split...")

    split_plot <- ggplot(specificity_df, aes(x = entropy, fill = pattern_type)) +
        geom_histogram(
            bins = max(5, floor(k / 2)), # dynamic bins with lower bound for stability
            color = "white",
            position = "identity",
            alpha = 0.6
        ) +
        scale_fill_manual(values = c("specific" = "#E69F00", "general" = "#56B4E9")) +
        theme_minimal(base_size = 14) +
        labs(
            title = sprintf("Entropy split (GMM, k=%d): General vs Specific patterns", k),
            x = "Entropy",
            y = "Count",
            fill = "Pattern type"
        ) +
        theme(
            plot.title = element_text(hjust = 0.5),
            legend.position = "top"
        )

    ggsave(
        filename = file.path(plots_dir, "dotplot_entropy_bimodal_split.pdf"),
        plot = split_plot,
        height = 6, width = 8, dpi = 300
    )
    log_msg("Saved entropy split histogram plot.")

    # Patterns abundance thresholds
    allowed_nmf <- setdiff(nmf_cols, character(0)) # no manual removal by default
    nonzero_spots_clean <- nonzero_spots[!is.na(nonzero_spots) & names(nonzero_spots) %in% allowed_nmf]
    abundance_threshold <- 1050
    low_abundance_nmf <- names(nonzero_spots_clean[nonzero_spots_clean < abundance_threshold])
    high_abundance_nmf <- setdiff(allowed_nmf, low_abundance_nmf)

    nmf_info <- data.frame(
        nmf = allowed_nmf,
        abundance = ifelse(allowed_nmf %in% low_abundance_nmf, "low", "high"),
        stringsAsFactors = FALSE
    ) %>%
        left_join(specificity_df[, c("nmf", "pattern_type")], by = "nmf")

    # staircase center_of_mass ordering
    staircase_df <- nuclei_nmf_scaled_summary %>%
        group_by(nmf) %>%
        summarize(center_of_mass = weighted.mean(
            x = as.numeric(factor(cell_type)),
            w = pmax(scaled_avg, 0)
        )) %>%
        ungroup()

    nmf_info <- nmf_info %>%
        left_join(staircase_df, by = "nmf") %>%
        mutate(order_group = case_when(
            TRUE ~ 5
        )) %>%
        arrange(order_group, center_of_mass)

    nmf_order <- nmf_info$nmf
    nmf_order <- nmf_order[!is.na(nmf_order)]

    # Merge summaries for plotting
    dot_df <- left_join(
        nuclei_nmf_prop_summary[, c("cell_type", "nmf", "prop")],
        nuclei_nmf_scaled_summary[, c("cell_type", "nmf", "scaled_avg")],
        by = c("cell_type", "nmf")
    ) %>%
        mutate(
            nmf_f = factor(nmf, levels = nmf_order),
            cell_type = factor(cell_type, levels = unique(cell_type))
        ) %>%
        filter(!is.na(nmf) & nmf %in% nmf_order)

    # Plot 1: nuclei dotplot
    p1 <- ggplot(dot_df, aes(x = nmf_f, y = cell_type, size = prop, color = scaled_avg)) +
        geom_point(stroke = 0, alpha = 0.9) +
        scale_size(range = c(0, 3), name = "Proportion") +
        scale_color_viridis_c(option = "F", direction = -1, name = "Scaled avg") +
        theme_bw(base_size = 12) +
        theme(
            axis.text.x = element_text(angle = 90, hjust = 1, vjust = 0.5),
            axis.text.y = element_text(size = 8),
            axis.title = element_blank(), panel.grid = element_blank(), legend.position = "right"
        ) +
        labs(
            title = "Dotplot of NMF patterns vs. snRNA-seq cell types",
            subtitle = sprintf("Dataset: dlPFC (run: %s)", run_prefix)
        )

    ggsave(
        filename = file.path(plots_dir, "dotplot_nmf_patterns_by_cell_type.pdf"),
        plot = p1, height = 8, width = 16
    )

    # ------------------------------
    # Spot dotplot by domain using spe_run
    # ------------------------------
    log_msg("Creating SRT projection dotplot of NMF patterns by anatomical domain...")

    nmf_weight_matrix_spe <- as.matrix(colData(spe_run)[, nmf_cols])
    spots_nmf_nonzero_binary <- nmf_weight_matrix_spe > 0
    spots_nmf_presence <- data.frame(
        domain = get_col(spe_run, domain_col_name),
        spots_nmf_nonzero_binary,
        check.names = FALSE
    )

    spots_nmf_prop_summary <- spots_nmf_presence %>%
        group_by(domain) %>%
        add_tally(name = "total") %>%
        group_by(domain, total) %>%
        summarize(across(all_of(nmf_cols), sum), .groups = "drop") %>%
        pivot_longer(cols = all_of(nmf_cols), names_to = "nmf", values_to = "n") %>%
        mutate(prop = n / total)

    nmf_scaled_matrix_spe <- apply(nmf_weight_matrix_spe, 2, scale)
    spots_nmf_scaled <- data.frame(
        domain = get_col(spe_run, domain_col_name),
        nmf_scaled_matrix_spe,
        check.names = FALSE
    )

    spots_nmf_scaled_summary <- spots_nmf_scaled %>%
        group_by(domain) %>%
        summarize(across(all_of(nmf_cols), mean), .groups = "drop") %>%
        pivot_longer(cols = all_of(nmf_cols), names_to = "nmf", values_to = "scaled_avg")

    spot_dot_df <- left_join(
        spots_nmf_prop_summary[, c("domain", "nmf", "prop")],
        spots_nmf_scaled_summary[, c("domain", "nmf", "scaled_avg")],
        by = c("domain", "nmf")
    ) %>%
        filter(!is.na(nmf) & nmf %in% high_abundance_nmf) %>%
        mutate(
            nmf_f = factor(nmf, levels = nmf_order[nmf_order %in% high_abundance_nmf]),
            domain = factor(domain, levels = unique(domain))
        )

    p2 <- ggplot(spot_dot_df, aes(x = nmf_f, y = domain, size = prop, color = scaled_avg)) +
        geom_point(stroke = 0, alpha = 0.9) +
        scale_size(range = c(0, 3), name = "Proportion") +
        scale_color_viridis_c(option = "F", direction = -1, name = "Scaled avg") +
        theme_bw(base_size = 12) +
        theme(
            axis.text.x = element_text(angle = 90, hjust = 1, vjust = 0.5),
            axis.text.y = element_text(size = 8),
            axis.title = element_blank(), panel.grid = element_blank(), legend.position = "right"
        ) +
        labs(
            title = "Dotplot of NMF patterns vs. SRT anatomical domains",
            subtitle = sprintf("High-abundance NMF patterns (run: %s)", run_prefix)
        )

    ggsave(
        filename = file.path(plots_dir, "dotplot_nmf_patterns_by_srt_domain.pdf"),
        plot = p2, height = 6, width = 12
    )

    # ------------------------------
    # Summarize this run and append to master CSV
    # ------------------------------
    n_specific <- sum(specificity_df$pattern_type == "specific", na.rm = TRUE)
    n_general <- sum(specificity_df$pattern_type == "general", na.rm = TRUE)
    n_common <- length(intersect(rownames(nmf_matrix), rownames(spe)))

    end_time <- Sys.time()
    elapsed <- as.numeric(difftime(end_time, start_time, units = "mins"))

    new_row <- tibble(
        timestamp = format(Sys.time(), "%Y-%m-%dT%H:%M:%SZ", tz = "UTC"),
        k = k,
        seed = seed,
        tol = tol,
        nmf_input = nmf_path,
        projection_input = proj_path,
        n_common_genes = n_common,
        n_specific = n_specific,
        specific_factors = paste(specificity_df$nmf[specificity_df$pattern_type == "specific"], collapse = ","),
        n_general = n_general,
        general_factors = paste(specificity_df$nmf[specificity_df$pattern_type == "general"], collapse = ","),
        elapsed_min = elapsed,
        output_dir = run_outdir,
        stringsAsFactors = FALSE
    )

    write_tsv(new_row, summary_tsv_path, append = TRUE)
    log_msg(sprintf("Appended run summary to %s", summary_tsv_path))

    # cleanup for next run
    rm(nmf_obj, nmf_matrix, proj_matrix, proj_df, new_nmf_df, sce_run, spe_run, proj_df)
    gc()
} # end for runs

log_msg("===== All runs complete for batched_registration_dotplot =====")
close_log()

----- End Script Snapshot -----

[2025-11-12 19:12:54] ===== Session Info =====
R version 4.4.2 (2024-10-31)
Platform: x86_64-pc-linux-gnu
Running under: Ubuntu 22.04.5 LTS

Matrix products: default
BLAS:   /usr/lib/x86_64-linux-gnu/blas/libblas.so.3.10.0 
LAPACK: /usr/lib/x86_64-linux-gnu/lapack/liblapack.so.3.10.0

locale:
[1] C

time zone: America/New_York
tzcode source: system (glibc)

attached base packages:
[1] stats4    stats     graphics  grDevices utils     datasets  methods   base     

other attached packages:
 [1] readr_2.1.5                 viridis_0.6.5               viridisLite_0.4.2           mclust_6.1.1               
 [5] sessioninfo_1.2.2           scater_1.34.1               scuttle_1.16.0              ggplot2_4.0.0              
 [9] duckplyr_1.1.3              dplyr_1.1.4                 tidyr_1.3.1                 RcppML_0.5.5               
[13] SpatialExperiment_1.16.0    SingleCellExperiment_1.28.1 SummarizedExperiment_1.36.0 Biobase_2.66.0             
[17] GenomicRanges_1.58.0        GenomeInfoDb_1.42.1         IRanges_2.40.1              S4Vectors_0.44.0           
[21] BiocGenerics_0.52.0         MatrixGenerics_1.18.0       matrixStats_1.5.0           here_1.0.1                 

loaded via a namespace (and not attached):
 [1] beeswarm_0.4.0          gtable_0.3.6            rjson_0.2.23            xfun_0.53              
 [5] ggrepel_0.9.6           lattice_0.22-5          tzdb_0.4.0              vctrs_0.6.5            
 [9] tools_4.4.2             generics_0.1.4          parallel_4.4.2          tibble_3.3.0           
[13] BiocNeighbors_2.0.1     pkgconfig_2.0.3         Matrix_1.7-1            RColorBrewer_1.1-3     
[17] S7_0.2.0                lifecycle_1.0.4         GenomeInfoDbData_1.2.13 compiler_4.4.2         
[21] farver_2.1.2            codetools_0.2-19        vipor_0.4.7             pillar_1.11.1          
[25] crayon_1.5.3            BiocParallel_1.40.0     DelayedArray_0.32.0     cachem_1.1.0           
[29] magick_2.8.6            abind_1.4-8             rsvd_1.0.5              tidyselect_1.2.1       
[33] BiocSingular_1.22.0     duckdb_1.4.1            purrr_1.1.0             rprojroot_2.1.1        
[37] fastmap_1.2.0           grid_4.4.2              cli_3.6.5               SparseArray_1.6.0      
[41] magrittr_2.0.4          S4Arrays_1.6.0          withr_3.0.2             UCSC.utils_1.2.0       
[45] scales_1.4.0            ggbeeswarm_0.7.2        XVector_0.46.0          httr_1.4.7             
[49] gridExtra_2.3           RcppEigen_0.3.4.0.2     hms_1.1.3               ScaledMatrix_1.14.0    
[53] beachmat_2.22.0         memoise_2.0.1           evaluate_1.0.5          knitr_1.50             
[57] irlba_2.3.5.1           rlang_1.1.6             Rcpp_1.1.0              glue_1.8.0             
[61] DBI_1.2.3               collections_0.3.8       jsonlite_2.0.0          R6_2.6.1               
[65] zlibbioc_1.52.0        
- Session info ---------------------------------------------------------------
 setting  value
 version  R version 4.4.2 (2024-10-31)
 os       Ubuntu 22.04.5 LTS
 system   x86_64, linux-gnu
 ui       X11
 language (EN)
 collate  C
 ctype    C
 tz       America/New_York
 date     2025-11-12
 pandoc   2.9.2.1 @ /usr/bin/pandoc

- Packages -------------------------------------------------------------------
 package              * version   date (UTC) lib source
 abind                  1.4-8     2024-09-12 [1] CRAN (R 4.4.2)
 beachmat               2.22.0    2024-10-29 [1] Bioconductor 3.20 (R 4.4.2)
 beeswarm               0.4.0     2021-06-01 [1] CRAN (R 4.4.2)
 Biobase              * 2.66.0    2024-10-29 [1] Bioconductor 3.20 (R 4.4.2)
 BiocGenerics         * 0.52.0    2024-10-29 [1] Bioconductor 3.20 (R 4.4.2)
 BiocNeighbors          2.0.1     2024-11-28 [1] Bioconductor 3.20 (R 4.4.2)
 BiocParallel           1.40.0    2024-10-29 [1] Bioconductor 3.20 (R 4.4.2)
 BiocSingular           1.22.0    2024-10-29 [1] Bioconductor 3.20 (R 4.4.2)
 cachem                 1.1.0     2024-05-16 [1] CRAN (R 4.4.2)
 cli                    3.6.5     2025-04-23 [1] CRAN (R 4.4.2)
 codetools              0.2-19    2023-02-01 [3] CRAN (R 4.2.2)
 collections            0.3.8     2025-05-08 [1] CRAN (R 4.4.2)
 crayon                 1.5.3     2024-06-20 [1] CRAN (R 4.4.2)
 DBI                    1.2.3     2024-06-02 [1] CRAN (R 4.4.2)
 DelayedArray           0.32.0    2024-10-29 [1] Bioconductor 3.20 (R 4.4.2)
 dplyr                * 1.1.4     2023-11-17 [1] CRAN (R 4.4.2)
 duckdb                 1.4.1     2025-10-16 [1] CRAN (R 4.4.2)
 duckplyr             * 1.1.3     2025-11-04 [1] CRAN (R 4.4.2)
 evaluate               1.0.5     2025-08-27 [1] CRAN (R 4.4.2)
 farver                 2.1.2     2024-05-13 [1] CRAN (R 4.4.2)
 fastmap                1.2.0     2024-05-15 [1] CRAN (R 4.4.2)
 generics               0.1.4     2025-05-09 [1] CRAN (R 4.4.2)
 GenomeInfoDb         * 1.42.1    2024-11-28 [1] Bioconductor 3.20 (R 4.4.2)
 GenomeInfoDbData       1.2.13    2025-01-10 [1] Bioconductor
 GenomicRanges        * 1.58.0    2024-10-29 [1] Bioconductor 3.20 (R 4.4.2)
 ggbeeswarm             0.7.2     2023-04-29 [1] CRAN (R 4.4.2)
 ggplot2              * 4.0.0     2025-09-11 [1] CRAN (R 4.4.2)
 ggrepel                0.9.6     2024-09-07 [1] CRAN (R 4.4.2)
 glue                   1.8.0     2024-09-30 [1] CRAN (R 4.4.2)
 gridExtra              2.3       2017-09-09 [1] CRAN (R 4.4.2)
 gtable                 0.3.6     2024-10-25 [1] CRAN (R 4.4.2)
 here                 * 1.0.1     2020-12-13 [1] CRAN (R 4.4.2)
 hms                    1.1.3     2023-03-21 [1] CRAN (R 4.4.2)
 httr                   1.4.7     2023-08-15 [1] CRAN (R 4.4.2)
 IRanges              * 2.40.1    2024-12-05 [1] Bioconductor 3.20 (R 4.4.2)
 irlba                  2.3.5.1   2022-10-03 [1] CRAN (R 4.4.2)
 jsonlite               2.0.0     2025-03-27 [1] CRAN (R 4.4.2)
 knitr                  1.50      2025-03-16 [1] CRAN (R 4.4.2)
 lattice                0.22-5    2023-10-24 [3] CRAN (R 4.3.1)
 lifecycle              1.0.4     2023-11-07 [1] CRAN (R 4.4.2)
 magick                 2.8.6     2025-03-23 [1] CRAN (R 4.4.2)
 magrittr               2.0.4     2025-09-12 [1] CRAN (R 4.4.2)
 Matrix                 1.7-1     2024-10-18 [3] CRAN (R 4.4.1)
 MatrixGenerics       * 1.18.0    2024-10-29 [1] Bioconductor 3.20 (R 4.4.2)
 matrixStats          * 1.5.0     2025-01-07 [1] CRAN (R 4.4.2)
 mclust               * 6.1.1     2024-04-29 [1] CRAN (R 4.4.2)
 memoise                2.0.1     2021-11-26 [1] CRAN (R 4.4.2)
 pillar                 1.11.1    2025-09-17 [1] CRAN (R 4.4.2)
 pkgconfig              2.0.3     2019-09-22 [1] CRAN (R 4.4.2)
 purrr                  1.1.0     2025-07-10 [1] CRAN (R 4.4.2)
 R6                     2.6.1     2025-02-15 [1] CRAN (R 4.4.2)
 RColorBrewer           1.1-3     2022-04-03 [1] CRAN (R 4.4.2)
 Rcpp                   1.1.0     2025-07-02 [1] CRAN (R 4.4.2)
 RcppEigen              0.3.4.0.2 2024-08-24 [1] CRAN (R 4.4.2)
 RcppML               * 0.5.5     2025-09-09 [1] Github (zdebruine/RcppML@c997bcd)
 readr                * 2.1.5     2024-01-10 [1] CRAN (R 4.4.2)
 rjson                  0.2.23    2024-09-16 [1] CRAN (R 4.4.2)
 rlang                  1.1.6     2025-04-11 [1] CRAN (R 4.4.2)
 rprojroot              2.1.1     2025-08-26 [1] CRAN (R 4.4.2)
 rsvd                   1.0.5     2021-04-16 [1] CRAN (R 4.4.2)
 S4Arrays               1.6.0     2024-10-29 [1] Bioconductor 3.20 (R 4.4.2)
 S4Vectors            * 0.44.0    2024-10-29 [1] Bioconductor 3.20 (R 4.4.2)
 S7                     0.2.0     2024-11-07 [1] CRAN (R 4.4.2)
 ScaledMatrix           1.14.0    2024-10-29 [1] Bioconductor 3.20 (R 4.4.2)
 scales                 1.4.0     2025-04-24 [1] CRAN (R 4.4.2)
 scater               * 1.34.1    2025-03-03 [1] Bioconductor 3.20 (R 4.4.2)
 scuttle              * 1.16.0    2024-10-29 [1] Bioconductor 3.20 (R 4.4.2)
 sessioninfo          * 1.2.2     2021-12-06 [1] CRAN (R 4.4.2)
 SingleCellExperiment * 1.28.1    2024-11-10 [1] Bioconductor 3.20 (R 4.4.2)
 SparseArray            1.6.0     2024-10-29 [1] Bioconductor 3.20 (R 4.4.2)
 SpatialExperiment    * 1.16.0    2024-10-29 [1] Bioconductor 3.20 (R 4.4.2)
 SummarizedExperiment * 1.36.0    2024-10-29 [1] Bioconductor 3.20 (R 4.4.2)
 tibble                 3.3.0     2025-06-08 [1] CRAN (R 4.4.2)
 tidyr                * 1.3.1     2024-01-24 [1] CRAN (R 4.4.2)
 tidyselect             1.2.1     2024-03-11 [1] CRAN (R 4.4.2)
 tzdb                   0.4.0     2023-05-12 [1] CRAN (R 4.4.2)
 UCSC.utils             1.2.0     2024-10-29 [1] Bioconductor 3.20 (R 4.4.2)
 vctrs                  0.6.5     2023-12-01 [1] CRAN (R 4.4.2)
 vipor                  0.4.7     2023-12-18 [1] CRAN (R 4.4.2)
 viridis              * 0.6.5     2024-01-29 [1] CRAN (R 4.4.2)
 viridisLite          * 0.4.2     2023-05-02 [1] CRAN (R 4.4.2)
 withr                  3.0.2     2024-10-28 [1] CRAN (R 4.4.2)
 xfun                   0.53      2025-08-19 [1] CRAN (R 4.4.2)
 XVector                0.46.0    2024-10-29 [1] Bioconductor 3.20 (R 4.4.2)
 zlibbioc               1.52.0    2024-10-29 [1] Bioconductor 3.20 (R 4.4.2)

 [1] /usr/local/lib/R/site-library
 [2] /usr/lib/R/site-library
 [3] /usr/lib/R/library

------------------------------------------------------------------------------
[2025-11-12 19:12:54] ===== Starting batched registration dotplot =====
[2025-11-12 19:12:55] Initialized empty summary TSV at: /zata/zippy/kresgeb/nmf_stuff/dlPFC/output/batched_registration_dotplot/summary.tsv
[2025-11-12 19:12:55] Found 187 NMF runs and 157 projections
[2025-11-12 19:12:55] Loading SPE and SCE
[2025-11-12 19:12:55] Loading SPE from: /data/zusers/kresgeb/psych_encode/spatialLIBD_fetch_data/2024.RData
[2025-11-12 19:17:20] Loaded SPE
[2025-11-12 19:17:20] Loading SCE from: /data/zusers/kresgeb/psych_encode/spatialDLPFC_snRNAseq_fetch/2024_snRNA.RData
[2025-11-12 19:20:36] Loaded SCE
[2025-11-12 19:20:36] Ensuring SPE rownames are gene names
[2025-11-12 19:20:37] --------------------------------------------
[2025-11-12 19:20:37] Starting run 1 / 157: k10_seed42_tol1e-05_L10.1
[2025-11-12 19:20:37] nmf_path: /zata/zippy/kresgeb/nmf_stuff/dlPFC/data/batched_nmf/nmf_k10_seed42_tol1e-05_L10.1.rds
[2025-11-12 19:20:37] projection path: /zata/zippy/kresgeb/nmf_stuff/dlPFC/data/batched_projection/proj_k10_seed42_tol1e-05_L10.1.rds
[2025-11-12 19:20:37] NMF matrix: 77604 rows, 10 cols
[2025-11-12 19:20:37] Duplicate NMF rownames: 0
[2025-11-12 19:20:37] Projection matrix: 113927 rows, 10 cols
[2025-11-12 19:20:37] Duplicate projection rownames: 4069
[2025-11-12 19:20:37] Attaching NMF matrix to SCE colData...
[2025-11-12 19:20:37] SCE colData rows: 77604, unique rownames: 77604
[2025-11-12 19:20:37] NMF matrix attached by row order
[2025-11-12 19:20:37] Attaching projection matrix to SPE colData...
[2025-11-12 19:20:37] SPE colData rows: 113927, unique rownames: 4991
[2025-11-12 19:20:39] Projection matrix attached by row order
[2025-11-12 19:20:39] Found 10 nmf patterns for plotting
[2025-11-12 19:20:39] Creating ECDF plot for nonzero NMF pattern weights...
[2025-11-12 19:20:41] Preparing data for dotplot of NMF pattern presence by cell type...
[2025-11-12 19:20:41] Computing specificity / entropy and GMM split...
[2025-11-12 19:20:41] Plotting entropy histogram with GMM cluster split...
[2025-11-12 19:20:42] Saved entropy split histogram plot.
[2025-11-12 19:20:44] Creating SRT projection dotplot of NMF patterns by anatomical domain...
[2025-11-12 19:20:51] Appended run summary to /zata/zippy/kresgeb/nmf_stuff/dlPFC/output/batched_registration_dotplot/summary.tsv
[2025-11-12 19:20:56] --------------------------------------------
[2025-11-12 19:20:56] Starting run 2 / 157: k20_seed42_tol1e-05_L10.1
[2025-11-12 19:20:56] nmf_path: /zata/zippy/kresgeb/nmf_stuff/dlPFC/data/batched_nmf/nmf_k20_seed42_tol1e-05_L10.1.rds
[2025-11-12 19:20:56] projection path: /zata/zippy/kresgeb/nmf_stuff/dlPFC/data/batched_projection/proj_k20_seed42_tol1e-05_L10.1.rds
[2025-11-12 19:20:57] NMF matrix: 77604 rows, 20 cols
[2025-11-12 19:20:57] Duplicate NMF rownames: 0
[2025-11-12 19:20:57] Projection matrix: 113927 rows, 20 cols
[2025-11-12 19:20:57] Duplicate projection rownames: 4069
[2025-11-12 19:20:57] Attaching NMF matrix to SCE colData...
[2025-11-12 19:20:57] SCE colData rows: 77604, unique rownames: 77604
[2025-11-12 19:20:57] NMF matrix attached by row order
[2025-11-12 19:20:57] Attaching projection matrix to SPE colData...
[2025-11-12 19:20:57] SPE colData rows: 113927, unique rownames: 4991
[2025-11-12 19:21:00] Projection matrix attached by row order
[2025-11-12 19:21:00] Found 20 nmf patterns for plotting
[2025-11-12 19:21:00] Creating ECDF plot for nonzero NMF pattern weights...
[2025-11-12 19:21:00] Preparing data for dotplot of NMF pattern presence by cell type...
[2025-11-12 19:21:01] Computing specificity / entropy and GMM split...
[2025-11-12 19:21:01] Plotting entropy histogram with GMM cluster split...
[2025-11-12 19:21:02] Saved entropy split histogram plot.
DuckDB progress:   0%                     [2025-11-12 19:21:03] Creating SRT projection dotplot of NMF patterns by anatomical domain...
[2025-11-12 19:21:05] Appended run summary to /zata/zippy/kresgeb/nmf_stuff/dlPFC/output/batched_registration_dotplot/summary.tsv
[2025-11-12 19:21:11] --------------------------------------------
[2025-11-12 19:21:11] Starting run 3 / 157: k30_seed42_tol1e-05_L10.1
[2025-11-12 19:21:11] nmf_path: /zata/zippy/kresgeb/nmf_stuff/dlPFC/data/batched_nmf/nmf_k30_seed42_tol1e-05_L10.1.rds
[2025-11-12 19:21:11] projection path: /zata/zippy/kresgeb/nmf_stuff/dlPFC/data/batched_projection/proj_k30_seed42_tol1e-05_L10.1.rds
[2025-11-12 19:21:11] NMF matrix: 77604 rows, 30 cols
[2025-11-12 19:21:11] Duplicate NMF rownames: 0
[2025-11-12 19:21:12] Projection matrix: 113927 rows, 30 cols
[2025-11-12 19:21:12] Duplicate projection rownames: 4069
[2025-11-12 19:21:12] Attaching NMF matrix to SCE colData...
[2025-11-12 19:21:12] SCE colData rows: 77604, unique rownames: 77604
[2025-11-12 19:21:12] NMF matrix attached by row order
[2025-11-12 19:21:12] Attaching projection matrix to SPE colData...
[2025-11-12 19:21:12] SPE colData rows: 113927, unique rownames: 4991
[2025-11-12 19:21:13] Projection matrix attached by row order
[2025-11-12 19:21:13] Found 30 nmf patterns for plotting
[2025-11-12 19:21:13] Creating ECDF plot for nonzero NMF pattern weights...
[2025-11-12 19:21:14] Preparing data for dotplot of NMF pattern presence by cell type...
[2025-11-12 19:21:15] Computing specificity / entropy and GMM split...
[2025-11-12 19:21:15] Plotting entropy histogram with GMM cluster split...
[2025-11-12 19:21:16] Saved entropy split histogram plot.
DuckDB progress:   0%                     [2025-11-12 19:21:16] Creating SRT projection dotplot of NMF patterns by anatomical domain...
[2025-11-12 19:21:20] Appended run summary to /zata/zippy/kresgeb/nmf_stuff/dlPFC/output/batched_registration_dotplot/summary.tsv
[2025-11-12 19:21:26] --------------------------------------------
[2025-11-12 19:21:26] Starting run 4 / 157: k40_seed42_tol1e-05_L10.1
[2025-11-12 19:21:26] nmf_path: /zata/zippy/kresgeb/nmf_stuff/dlPFC/data/batched_nmf/nmf_k40_seed42_tol1e-05_L10.1.rds
[2025-11-12 19:21:26] projection path: /zata/zippy/kresgeb/nmf_stuff/dlPFC/data/batched_projection/proj_k40_seed42_tol1e-05_L10.1.rds
[2025-11-12 19:21:26] NMF matrix: 77604 rows, 40 cols
[2025-11-12 19:21:26] Duplicate NMF rownames: 0
[2025-11-12 19:21:27] Projection matrix: 113927 rows, 40 cols
[2025-11-12 19:21:27] Duplicate projection rownames: 4069
[2025-11-12 19:21:27] Attaching NMF matrix to SCE colData...
[2025-11-12 19:21:27] SCE colData rows: 77604, unique rownames: 77604
[2025-11-12 19:21:27] NMF matrix attached by row order
[2025-11-12 19:21:27] Attaching projection matrix to SPE colData...
[2025-11-12 19:21:27] SPE colData rows: 113927, unique rownames: 4991
[2025-11-12 19:21:29] Projection matrix attached by row order
[2025-11-12 19:21:29] Found 40 nmf patterns for plotting
[2025-11-12 19:21:29] Creating ECDF plot for nonzero NMF pattern weights...
[2025-11-12 19:21:30] Preparing data for dotplot of NMF pattern presence by cell type...
[2025-11-12 19:21:31] Computing specificity / entropy and GMM split...
[2025-11-12 19:21:31] Plotting entropy histogram with GMM cluster split...
[2025-11-12 19:21:32] Saved entropy split histogram plot.
DuckDB progress:   0%                     [2025-11-12 19:21:33] Creating SRT projection dotplot of NMF patterns by anatomical domain...
[2025-11-12 19:21:36] Appended run summary to /zata/zippy/kresgeb/nmf_stuff/dlPFC/output/batched_registration_dotplot/summary.tsv
[2025-11-12 19:21:42] --------------------------------------------
[2025-11-12 19:21:42] Starting run 5 / 157: k50_seed42_tol1e-05_L10.1
[2025-11-12 19:21:42] nmf_path: /zata/zippy/kresgeb/nmf_stuff/dlPFC/data/batched_nmf/nmf_k50_seed42_tol1e-05_L10.1.rds
[2025-11-12 19:21:42] projection path: /zata/zippy/kresgeb/nmf_stuff/dlPFC/data/batched_projection/proj_k50_seed42_tol1e-05_L10.1.rds
[2025-11-12 19:21:43] NMF matrix: 77604 rows, 50 cols
[2025-11-12 19:21:43] Duplicate NMF rownames: 0
[2025-11-12 19:21:43] Projection matrix: 113927 rows, 50 cols
[2025-11-12 19:21:43] Duplicate projection rownames: 4069
[2025-11-12 19:21:43] Attaching NMF matrix to SCE colData...
[2025-11-12 19:21:43] SCE colData rows: 77604, unique rownames: 77604
[2025-11-12 19:21:44] NMF matrix attached by row order
[2025-11-12 19:21:44] Attaching projection matrix to SPE colData...
[2025-11-12 19:21:44] SPE colData rows: 113927, unique rownames: 4991
[2025-11-12 19:21:46] Projection matrix attached by row order
[2025-11-12 19:21:46] Found 50 nmf patterns for plotting
[2025-11-12 19:21:46] Creating ECDF plot for nonzero NMF pattern weights...
[2025-11-12 19:21:46] Preparing data for dotplot of NMF pattern presence by cell type...
[2025-11-12 19:21:48] Computing specificity / entropy and GMM split...
[2025-11-12 19:21:48] Plotting entropy histogram with GMM cluster split...
[2025-11-12 19:21:49] Saved entropy split histogram plot.
DuckDB progress:   0%                     [2025-11-12 19:21:50] Creating SRT projection dotplot of NMF patterns by anatomical domain...
[2025-11-12 19:21:53] Appended run summary to /zata/zippy/kresgeb/nmf_stuff/dlPFC/output/batched_registration_dotplot/summary.tsv
[2025-11-12 19:21:57] --------------------------------------------
[2025-11-12 19:21:57] Starting run 6 / 157: k60_seed42_tol1e-05_L10.1
[2025-11-12 19:21:57] nmf_path: /zata/zippy/kresgeb/nmf_stuff/dlPFC/data/batched_nmf/nmf_k60_seed42_tol1e-05_L10.1.rds
[2025-11-12 19:21:57] projection path: /zata/zippy/kresgeb/nmf_stuff/dlPFC/data/batched_projection/proj_k60_seed42_tol1e-05_L10.1.rds
[2025-11-12 19:21:57] NMF matrix: 77604 rows, 60 cols
[2025-11-12 19:21:57] Duplicate NMF rownames: 0
[2025-11-12 19:21:58] Projection matrix: 113927 rows, 60 cols
[2025-11-12 19:21:58] Duplicate projection rownames: 4069
[2025-11-12 19:21:58] Attaching NMF matrix to SCE colData...
[2025-11-12 19:21:58] SCE colData rows: 77604, unique rownames: 77604
[2025-11-12 19:21:58] NMF matrix attached by row order
[2025-11-12 19:21:58] Attaching projection matrix to SPE colData...
[2025-11-12 19:21:58] SPE colData rows: 113927, unique rownames: 4991
[2025-11-12 19:22:00] Projection matrix attached by row order
[2025-11-12 19:22:00] Found 60 nmf patterns for plotting
[2025-11-12 19:22:00] Creating ECDF plot for nonzero NMF pattern weights...
[2025-11-12 19:22:00] Preparing data for dotplot of NMF pattern presence by cell type...
[2025-11-12 19:22:02] Computing specificity / entropy and GMM split...
[2025-11-12 19:22:02] Plotting entropy histogram with GMM cluster split...
[2025-11-12 19:22:03] Saved entropy split histogram plot.
DuckDB progress:   0%                     [2025-11-12 19:22:04] Creating SRT projection dotplot of NMF patterns by anatomical domain...
[2025-11-12 19:22:08] Appended run summary to /zata/zippy/kresgeb/nmf_stuff/dlPFC/output/batched_registration_dotplot/summary.tsv
[2025-11-12 19:22:15] --------------------------------------------
[2025-11-12 19:22:15] Starting run 7 / 157: k70_seed42_tol1e-05_L10.1
[2025-11-12 19:22:15] nmf_path: /zata/zippy/kresgeb/nmf_stuff/dlPFC/data/batched_nmf/nmf_k70_seed42_tol1e-05_L10.1.rds
[2025-11-12 19:22:15] projection path: /zata/zippy/kresgeb/nmf_stuff/dlPFC/data/batched_projection/proj_k70_seed42_tol1e-05_L10.1.rds
[2025-11-12 19:22:16] NMF matrix: 77604 rows, 70 cols
[2025-11-12 19:22:16] Duplicate NMF rownames: 0
[2025-11-12 19:22:17] Projection matrix: 113927 rows, 70 cols
[2025-11-12 19:22:17] Duplicate projection rownames: 4069
[2025-11-12 19:22:17] Attaching NMF matrix to SCE colData...
[2025-11-12 19:22:17] SCE colData rows: 77604, unique rownames: 77604
[2025-11-12 19:22:17] NMF matrix attached by row order
[2025-11-12 19:22:17] Attaching projection matrix to SPE colData...
[2025-11-12 19:22:17] SPE colData rows: 113927, unique rownames: 4991
[2025-11-12 19:22:19] Projection matrix attached by row order
[2025-11-12 19:22:19] Found 70 nmf patterns for plotting
[2025-11-12 19:22:19] Creating ECDF plot for nonzero NMF pattern weights...
[2025-11-12 19:22:20] Preparing data for dotplot of NMF pattern presence by cell type...
[2025-11-12 19:22:22] Computing specificity / entropy and GMM split...
[2025-11-12 19:22:22] Plotting entropy histogram with GMM cluster split...
[2025-11-12 19:22:23] Saved entropy split histogram plot.
                     [2025-11-12 19:22:24] Creating SRT projection dotplot of NMF patterns by anatomical domain...
[2025-11-12 19:22:29] Appended run summary to /zata/zippy/kresgeb/nmf_stuff/dlPFC/output/batched_registration_dotplot/summary.tsv
[2025-11-12 19:22:34] --------------------------------------------
[2025-11-12 19:22:34] Starting run 8 / 157: k80_seed42_tol1e-05_L10.1
[2025-11-12 19:22:34] nmf_path: /zata/zippy/kresgeb/nmf_stuff/dlPFC/data/batched_nmf/nmf_k80_seed42_tol1e-05_L10.1.rds
[2025-11-12 19:22:34] projection path: /zata/zippy/kresgeb/nmf_stuff/dlPFC/data/batched_projection/proj_k80_seed42_tol1e-05_L10.1.rds
[2025-11-12 19:22:35] NMF matrix: 77604 rows, 80 cols
[2025-11-12 19:22:35] Duplicate NMF rownames: 0
[2025-11-12 19:22:36] Projection matrix: 113927 rows, 80 cols
[2025-11-12 19:22:36] Duplicate projection rownames: 4069
[2025-11-12 19:22:36] Attaching NMF matrix to SCE colData...
[2025-11-12 19:22:36] SCE colData rows: 77604, unique rownames: 77604
[2025-11-12 19:22:36] NMF matrix attached by row order
[2025-11-12 19:22:36] Attaching projection matrix to SPE colData...
[2025-11-12 19:22:36] SPE colData rows: 113927, unique rownames: 4991
[2025-11-12 19:22:38] Projection matrix attached by row order
[2025-11-12 19:22:38] Found 80 nmf patterns for plotting
[2025-11-12 19:22:38] Creating ECDF plot for nonzero NMF pattern weights...
[2025-11-12 19:22:39] Preparing data for dotplot of NMF pattern presence by cell type...
[2025-11-12 19:22:42] Computing specificity / entropy and GMM split...
[2025-11-12 19:22:42] Plotting entropy histogram with GMM cluster split...
[2025-11-12 19:22:42] Saved entropy split histogram plot.
                     [2025-11-12 19:22:44] Creating SRT projection dotplot of NMF patterns by anatomical domain...
[2025-11-12 19:22:48] Appended run summary to /zata/zippy/kresgeb/nmf_stuff/dlPFC/output/batched_registration_dotplot/summary.tsv
[2025-11-12 19:22:53] --------------------------------------------
[2025-11-12 19:22:53] Starting run 9 / 157: k90_seed42_tol1e-05_L10.1
[2025-11-12 19:22:53] nmf_path: /zata/zippy/kresgeb/nmf_stuff/dlPFC/data/batched_nmf/nmf_k90_seed42_tol1e-05_L10.1.rds
[2025-11-12 19:22:53] projection path: /zata/zippy/kresgeb/nmf_stuff/dlPFC/data/batched_projection/proj_k90_seed42_tol1e-05_L10.1.rds
[2025-11-12 19:22:55] NMF matrix: 77604 rows, 90 cols
[2025-11-12 19:22:55] Duplicate NMF rownames: 0
[2025-11-12 19:22:55] Projection matrix: 113927 rows, 90 cols
[2025-11-12 19:22:55] Duplicate projection rownames: 4069
[2025-11-12 19:22:55] Attaching NMF matrix to SCE colData...
[2025-11-12 19:22:55] SCE colData rows: 77604, unique rownames: 77604
[2025-11-12 19:22:56] NMF matrix attached by row order
[2025-11-12 19:22:56] Attaching projection matrix to SPE colData...
[2025-11-12 19:22:56] SPE colData rows: 113927, unique rownames: 4991
[2025-11-12 19:22:58] Projection matrix attached by row order
[2025-11-12 19:22:58] Found 90 nmf patterns for plotting
[2025-11-12 19:22:58] Creating ECDF plot for nonzero NMF pattern weights...
[2025-11-12 19:22:59] Preparing data for dotplot of NMF pattern presence by cell type...
[2025-11-12 19:23:01] Computing specificity / entropy and GMM split...
[2025-11-12 19:23:01] Plotting entropy histogram with GMM cluster split...
[2025-11-12 19:23:01] Saved entropy split histogram plot.
                     [2025-11-12 19:23:02] Creating SRT projection dotplot of NMF patterns by anatomical domain...
[2025-11-12 19:23:06] Appended run summary to /zata/zippy/kresgeb/nmf_stuff/dlPFC/output/batched_registration_dotplot/summary.tsv
[2025-11-12 19:23:12] --------------------------------------------
[2025-11-12 19:23:12] Starting run 10 / 157: k100_seed42_tol1e-05_L10.1
[2025-11-12 19:23:12] nmf_path: /zata/zippy/kresgeb/nmf_stuff/dlPFC/data/batched_nmf/nmf_k100_seed42_tol1e-05_L10.1.rds
[2025-11-12 19:23:12] projection path: /zata/zippy/kresgeb/nmf_stuff/dlPFC/data/batched_projection/proj_k100_seed42_tol1e-05_L10.1.rds
[2025-11-12 19:23:13] NMF matrix: 77604 rows, 100 cols
[2025-11-12 19:23:13] Duplicate NMF rownames: 0
[2025-11-12 19:23:14] Projection matrix: 113927 rows, 100 cols
[2025-11-12 19:23:14] Duplicate projection rownames: 4069
[2025-11-12 19:23:14] Attaching NMF matrix to SCE colData...
[2025-11-12 19:23:14] SCE colData rows: 77604, unique rownames: 77604
[2025-11-12 19:23:15] NMF matrix attached by row order
[2025-11-12 19:23:15] Attaching projection matrix to SPE colData...
[2025-11-12 19:23:15] SPE colData rows: 113927, unique rownames: 4991
[2025-11-12 19:23:17] Projection matrix attached by row order
[2025-11-12 19:23:17] Found 100 nmf patterns for plotting
[2025-11-12 19:23:17] Creating ECDF plot for nonzero NMF pattern weights...
[2025-11-12 19:23:18] Preparing data for dotplot of NMF pattern presence by cell type...
[2025-11-12 19:23:21] Computing specificity / entropy and GMM split...
[2025-11-12 19:23:21] Plotting entropy histogram with GMM cluster split...
[2025-11-12 19:23:21] Saved entropy split histogram plot.
                     [2025-11-12 19:23:22] Creating SRT projection dotplot of NMF patterns by anatomical domain...
[2025-11-12 19:23:26] Appended run summary to /zata/zippy/kresgeb/nmf_stuff/dlPFC/output/batched_registration_dotplot/summary.tsv
[2025-11-12 19:23:32] --------------------------------------------
[2025-11-12 19:23:32] Starting run 11 / 157: k10_seed1029_tol1e-05_L10.1
[2025-11-12 19:23:32] nmf_path: /zata/zippy/kresgeb/nmf_stuff/dlPFC/data/batched_nmf/nmf_k10_seed1029_tol1e-05_L10.1.rds
[2025-11-12 19:23:32] projection path: /zata/zippy/kresgeb/nmf_stuff/dlPFC/data/batched_projection/proj_k10_seed1029_tol1e-05_L10.1.rds
[2025-11-12 19:23:33] NMF matrix: 77604 rows, 10 cols
[2025-11-12 19:23:33] Duplicate NMF rownames: 0
[2025-11-12 19:23:33] Projection matrix: 113927 rows, 10 cols
[2025-11-12 19:23:33] Duplicate projection rownames: 4069
[2025-11-12 19:23:33] Attaching NMF matrix to SCE colData...
[2025-11-12 19:23:33] SCE colData rows: 77604, unique rownames: 77604
[2025-11-12 19:23:33] NMF matrix attached by row order
[2025-11-12 19:23:33] Attaching projection matrix to SPE colData...
[2025-11-12 19:23:33] SPE colData rows: 113927, unique rownames: 4991
[2025-11-12 19:23:35] Projection matrix attached by row order
[2025-11-12 19:23:35] Found 10 nmf patterns for plotting
[2025-11-12 19:23:35] Creating ECDF plot for nonzero NMF pattern weights...
[2025-11-12 19:23:35] Preparing data for dotplot of NMF pattern presence by cell type...
[2025-11-12 19:23:36] Computing specificity / entropy and GMM split...
[2025-11-12 19:23:36] Plotting entropy histogram with GMM cluster split...
[2025-11-12 19:23:36] Saved entropy split histogram plot.
                     [2025-11-12 19:23:37] Creating SRT projection dotplot of NMF patterns by anatomical domain...
[2025-11-12 19:23:39] Appended run summary to /zata/zippy/kresgeb/nmf_stuff/dlPFC/output/batched_registration_dotplot/summary.tsv
[2025-11-12 19:23:43] --------------------------------------------
[2025-11-12 19:23:43] Starting run 12 / 157: k20_seed1029_tol1e-05_L10.1
[2025-11-12 19:23:43] nmf_path: /zata/zippy/kresgeb/nmf_stuff/dlPFC/data/batched_nmf/nmf_k20_seed1029_tol1e-05_L10.1.rds
[2025-11-12 19:23:43] projection path: /zata/zippy/kresgeb/nmf_stuff/dlPFC/data/batched_projection/proj_k20_seed1029_tol1e-05_L10.1.rds
[2025-11-12 19:23:43] NMF matrix: 77604 rows, 20 cols
[2025-11-12 19:23:43] Duplicate NMF rownames: 0
[2025-11-12 19:23:44] Projection matrix: 113927 rows, 20 cols
[2025-11-12 19:23:44] Duplicate projection rownames: 4069
[2025-11-12 19:23:44] Attaching NMF matrix to SCE colData...
[2025-11-12 19:23:44] SCE colData rows: 77604, unique rownames: 77604
[2025-11-12 19:23:44] NMF matrix attached by row order
[2025-11-12 19:23:44] Attaching projection matrix to SPE colData...
[2025-11-12 19:23:44] SPE colData rows: 113927, unique rownames: 4991
[2025-11-12 19:23:45] Projection matrix attached by row order
[2025-11-12 19:23:45] Found 20 nmf patterns for plotting
[2025-11-12 19:23:45] Creating ECDF plot for nonzero NMF pattern weights...
[2025-11-12 19:23:45] Preparing data for dotplot of NMF pattern presence by cell type...
[2025-11-12 19:23:46] Computing specificity / entropy and GMM split...
[2025-11-12 19:23:46] Plotting entropy histogram with GMM cluster split...
[2025-11-12 19:23:47] Saved entropy split histogram plot.
                     [2025-11-12 19:23:48] Creating SRT projection dotplot of NMF patterns by anatomical domain...
[2025-11-12 19:23:50] Appended run summary to /zata/zippy/kresgeb/nmf_stuff/dlPFC/output/batched_registration_dotplot/summary.tsv
[2025-11-12 19:23:56] --------------------------------------------
[2025-11-12 19:23:56] Starting run 13 / 157: k30_seed1029_tol1e-05_L10.1
[2025-11-12 19:23:56] nmf_path: /zata/zippy/kresgeb/nmf_stuff/dlPFC/data/batched_nmf/nmf_k30_seed1029_tol1e-05_L10.1.rds
[2025-11-12 19:23:56] projection path: /zata/zippy/kresgeb/nmf_stuff/dlPFC/data/batched_projection/proj_k30_seed1029_tol1e-05_L10.1.rds
[2025-11-12 19:23:56] NMF matrix: 77604 rows, 30 cols
[2025-11-12 19:23:56] Duplicate NMF rownames: 0
[2025-11-12 19:23:56] Projection matrix: 113927 rows, 30 cols
[2025-11-12 19:23:56] Duplicate projection rownames: 4069
[2025-11-12 19:23:56] Attaching NMF matrix to SCE colData...
[2025-11-12 19:23:56] SCE colData rows: 77604, unique rownames: 77604
[2025-11-12 19:23:57] NMF matrix attached by row order
[2025-11-12 19:23:57] Attaching projection matrix to SPE colData...
[2025-11-12 19:23:57] SPE colData rows: 113927, unique rownames: 4991
[2025-11-12 19:23:59] Projection matrix attached by row order
[2025-11-12 19:23:59] Found 30 nmf patterns for plotting
[2025-11-12 19:23:59] Creating ECDF plot for nonzero NMF pattern weights...
[2025-11-12 19:23:59] Preparing data for dotplot of NMF pattern presence by cell type...
[2025-11-12 19:24:00] Computing specificity / entropy and GMM split...
[2025-11-12 19:24:00] Plotting entropy histogram with GMM cluster split...
[2025-11-12 19:24:01] Saved entropy split histogram plot.
                     [2025-11-12 19:24:02] Creating SRT projection dotplot of NMF patterns by anatomical domain...
[2025-11-12 19:24:05] Appended run summary to /zata/zippy/kresgeb/nmf_stuff/dlPFC/output/batched_registration_dotplot/summary.tsv
[2025-11-12 19:24:08] --------------------------------------------
[2025-11-12 19:24:08] Starting run 14 / 157: k40_seed1029_tol1e-05_L10.1
[2025-11-12 19:24:08] nmf_path: /zata/zippy/kresgeb/nmf_stuff/dlPFC/data/batched_nmf/nmf_k40_seed1029_tol1e-05_L10.1.rds
[2025-11-12 19:24:08] projection path: /zata/zippy/kresgeb/nmf_stuff/dlPFC/data/batched_projection/proj_k40_seed1029_tol1e-05_L10.1.rds
[2025-11-12 19:24:09] NMF matrix: 77604 rows, 40 cols
[2025-11-12 19:24:09] Duplicate NMF rownames: 0
[2025-11-12 19:24:09] Projection matrix: 113927 rows, 40 cols
[2025-11-12 19:24:09] Duplicate projection rownames: 4069
[2025-11-12 19:24:09] Attaching NMF matrix to SCE colData...
[2025-11-12 19:24:09] SCE colData rows: 77604, unique rownames: 77604
[2025-11-12 19:24:09] NMF matrix attached by row order
[2025-11-12 19:24:09] Attaching projection matrix to SPE colData...
[2025-11-12 19:24:09] SPE colData rows: 113927, unique rownames: 4991
[2025-11-12 19:24:11] Projection matrix attached by row order
[2025-11-12 19:24:11] Found 40 nmf patterns for plotting
[2025-11-12 19:24:11] Creating ECDF plot for nonzero NMF pattern weights...
[2025-11-12 19:24:11] Preparing data for dotplot of NMF pattern presence by cell type...
[2025-11-12 19:24:13] Computing specificity / entropy and GMM split...
[2025-11-12 19:24:13] Plotting entropy histogram with GMM cluster split...
[2025-11-12 19:24:13] Saved entropy split histogram plot.
                     [2025-11-12 19:24:14] Creating SRT projection dotplot of NMF patterns by anatomical domain...
[2025-11-12 19:24:17] Appended run summary to /zata/zippy/kresgeb/nmf_stuff/dlPFC/output/batched_registration_dotplot/summary.tsv
[2025-11-12 19:24:23] --------------------------------------------
[2025-11-12 19:24:23] Starting run 15 / 157: k50_seed1029_tol1e-05_L10.1
[2025-11-12 19:24:23] nmf_path: /zata/zippy/kresgeb/nmf_stuff/dlPFC/data/batched_nmf/nmf_k50_seed1029_tol1e-05_L10.1.rds
[2025-11-12 19:24:23] projection path: /zata/zippy/kresgeb/nmf_stuff/dlPFC/data/batched_projection/proj_k50_seed1029_tol1e-05_L10.1.rds
[2025-11-12 19:24:24] NMF matrix: 77604 rows, 50 cols
[2025-11-12 19:24:24] Duplicate NMF rownames: 0
[2025-11-12 19:24:24] Projection matrix: 113927 rows, 50 cols
[2025-11-12 19:24:24] Duplicate projection rownames: 4069
[2025-11-12 19:24:24] Attaching NMF matrix to SCE colData...
[2025-11-12 19:24:24] SCE colData rows: 77604, unique rownames: 77604
[2025-11-12 19:24:24] NMF matrix attached by row order
[2025-11-12 19:24:24] Attaching projection matrix to SPE colData...
[2025-11-12 19:24:24] SPE colData rows: 113927, unique rownames: 4991
[2025-11-12 19:24:26] Projection matrix attached by row order
[2025-11-12 19:24:26] Found 50 nmf patterns for plotting
[2025-11-12 19:24:26] Creating ECDF plot for nonzero NMF pattern weights...
[2025-11-12 19:24:26] Preparing data for dotplot of NMF pattern presence by cell type...
[2025-11-12 19:24:28] Computing specificity / entropy and GMM split...
[2025-11-12 19:24:28] Plotting entropy histogram with GMM cluster split...
[2025-11-12 19:24:28] Saved entropy split histogram plot.
DuckDB progress:   0%                     [2025-11-12 19:24:28] Creating SRT projection dotplot of NMF patterns by anatomical domain...
[2025-11-12 19:24:31] Appended run summary to /zata/zippy/kresgeb/nmf_stuff/dlPFC/output/batched_registration_dotplot/summary.tsv
[2025-11-12 19:24:36] --------------------------------------------
[2025-11-12 19:24:36] Starting run 16 / 157: k60_seed1029_tol1e-05_L10.1
[2025-11-12 19:24:36] nmf_path: /zata/zippy/kresgeb/nmf_stuff/dlPFC/data/batched_nmf/nmf_k60_seed1029_tol1e-05_L10.1.rds
[2025-11-12 19:24:36] projection path: /zata/zippy/kresgeb/nmf_stuff/dlPFC/data/batched_projection/proj_k60_seed1029_tol1e-05_L10.1.rds
[2025-11-12 19:24:37] NMF matrix: 77604 rows, 60 cols
[2025-11-12 19:24:37] Duplicate NMF rownames: 0
[2025-11-12 19:24:37] Projection matrix: 113927 rows, 60 cols
[2025-11-12 19:24:37] Duplicate projection rownames: 4069
[2025-11-12 19:24:37] Attaching NMF matrix to SCE colData...
[2025-11-12 19:24:37] SCE colData rows: 77604, unique rownames: 77604
[2025-11-12 19:24:38] NMF matrix attached by row order
[2025-11-12 19:24:38] Attaching projection matrix to SPE colData...
[2025-11-12 19:24:38] SPE colData rows: 113927, unique rownames: 4991
[2025-11-12 19:24:40] Projection matrix attached by row order
[2025-11-12 19:24:40] Found 60 nmf patterns for plotting
[2025-11-12 19:24:40] Creating ECDF plot for nonzero NMF pattern weights...
[2025-11-12 19:24:41] Preparing data for dotplot of NMF pattern presence by cell type...
[2025-11-12 19:24:42] Computing specificity / entropy and GMM split...
[2025-11-12 19:24:42] Plotting entropy histogram with GMM cluster split...
[2025-11-12 19:24:43] Saved entropy split histogram plot.
                     [2025-11-12 19:24:44] Creating SRT projection dotplot of NMF patterns by anatomical domain...
[2025-11-12 19:24:48] Appended run summary to /zata/zippy/kresgeb/nmf_stuff/dlPFC/output/batched_registration_dotplot/summary.tsv
[2025-11-12 19:24:54] --------------------------------------------
[2025-11-12 19:24:54] Starting run 17 / 157: k70_seed1029_tol1e-05_L10.1
[2025-11-12 19:24:54] nmf_path: /zata/zippy/kresgeb/nmf_stuff/dlPFC/data/batched_nmf/nmf_k70_seed1029_tol1e-05_L10.1.rds
[2025-11-12 19:24:54] projection path: /zata/zippy/kresgeb/nmf_stuff/dlPFC/data/batched_projection/proj_k70_seed1029_tol1e-05_L10.1.rds
[2025-11-12 19:24:55] NMF matrix: 77604 rows, 70 cols
[2025-11-12 19:24:55] Duplicate NMF rownames: 0
[2025-11-12 19:24:56] Projection matrix: 113927 rows, 70 cols
[2025-11-12 19:24:56] Duplicate projection rownames: 4069
[2025-11-12 19:24:56] Attaching NMF matrix to SCE colData...
[2025-11-12 19:24:56] SCE colData rows: 77604, unique rownames: 77604
[2025-11-12 19:24:56] NMF matrix attached by row order
[2025-11-12 19:24:56] Attaching projection matrix to SPE colData...
[2025-11-12 19:24:56] SPE colData rows: 113927, unique rownames: 4991
[2025-11-12 19:24:57] Projection matrix attached by row order
[2025-11-12 19:24:57] Found 70 nmf patterns for plotting
[2025-11-12 19:24:57] Creating ECDF plot for nonzero NMF pattern weights...
[2025-11-12 19:24:58] Preparing data for dotplot of NMF pattern presence by cell type...
[2025-11-12 19:24:59] Computing specificity / entropy and GMM split...
[2025-11-12 19:24:59] Plotting entropy histogram with GMM cluster split...
[2025-11-12 19:25:00] Saved entropy split histogram plot.
                     [2025-11-12 19:25:01] Creating SRT projection dotplot of NMF patterns by anatomical domain...
[2025-11-12 19:25:06] Appended run summary to /zata/zippy/kresgeb/nmf_stuff/dlPFC/output/batched_registration_dotplot/summary.tsv
[2025-11-12 19:25:12] --------------------------------------------
[2025-11-12 19:25:12] Starting run 18 / 157: k80_seed1029_tol1e-05_L10.1
[2025-11-12 19:25:12] nmf_path: /zata/zippy/kresgeb/nmf_stuff/dlPFC/data/batched_nmf/nmf_k80_seed1029_tol1e-05_L10.1.rds
[2025-11-12 19:25:12] projection path: /zata/zippy/kresgeb/nmf_stuff/dlPFC/data/batched_projection/proj_k80_seed1029_tol1e-05_L10.1.rds
[2025-11-12 19:25:13] NMF matrix: 77604 rows, 80 cols
[2025-11-12 19:25:13] Duplicate NMF rownames: 0
[2025-11-12 19:25:13] Projection matrix: 113927 rows, 80 cols
[2025-11-12 19:25:13] Duplicate projection rownames: 4069
[2025-11-12 19:25:13] Attaching NMF matrix to SCE colData...
[2025-11-12 19:25:13] SCE colData rows: 77604, unique rownames: 77604
[2025-11-12 19:25:14] NMF matrix attached by row order
[2025-11-12 19:25:14] Attaching projection matrix to SPE colData...
[2025-11-12 19:25:14] SPE colData rows: 113927, unique rownames: 4991
[2025-11-12 19:25:16] Projection matrix attached by row order
[2025-11-12 19:25:16] Found 80 nmf patterns for plotting
[2025-11-12 19:25:16] Creating ECDF plot for nonzero NMF pattern weights...
[2025-11-12 19:25:17] Preparing data for dotplot of NMF pattern presence by cell type...
[2025-11-12 19:25:20] Computing specificity / entropy and GMM split...
[2025-11-12 19:25:20] Plotting entropy histogram with GMM cluster split...
[2025-11-12 19:25:20] Saved entropy split histogram plot.
DuckDB progress:   0%                     [2025-11-12 19:25:21] Creating SRT projection dotplot of NMF patterns by anatomical domain...
[2025-11-12 19:25:25] Appended run summary to /zata/zippy/kresgeb/nmf_stuff/dlPFC/output/batched_registration_dotplot/summary.tsv
[2025-11-12 19:25:31] --------------------------------------------
[2025-11-12 19:25:31] Starting run 19 / 157: k90_seed1029_tol1e-05_L10.1
[2025-11-12 19:25:31] nmf_path: /zata/zippy/kresgeb/nmf_stuff/dlPFC/data/batched_nmf/nmf_k90_seed1029_tol1e-05_L10.1.rds
[2025-11-12 19:25:31] projection path: /zata/zippy/kresgeb/nmf_stuff/dlPFC/data/batched_projection/proj_k90_seed1029_tol1e-05_L10.1.rds
[2025-11-12 19:25:33] NMF matrix: 77604 rows, 90 cols
[2025-11-12 19:25:33] Duplicate NMF rownames: 0
[2025-11-12 19:25:33] Projection matrix: 113927 rows, 90 cols
[2025-11-12 19:25:33] Duplicate projection rownames: 4069
[2025-11-12 19:25:33] Attaching NMF matrix to SCE colData...
[2025-11-12 19:25:33] SCE colData rows: 77604, unique rownames: 77604
[2025-11-12 19:25:34] NMF matrix attached by row order
[2025-11-12 19:25:34] Attaching projection matrix to SPE colData...
[2025-11-12 19:25:34] SPE colData rows: 113927, unique rownames: 4991
[2025-11-12 19:25:36] Projection matrix attached by row order
[2025-11-12 19:25:36] Found 90 nmf patterns for plotting
[2025-11-12 19:25:36] Creating ECDF plot for nonzero NMF pattern weights...
[2025-11-12 19:25:37] Preparing data for dotplot of NMF pattern presence by cell type...
[2025-11-12 19:25:39] Computing specificity / entropy and GMM split...
[2025-11-12 19:25:39] Plotting entropy histogram with GMM cluster split...
[2025-11-12 19:25:39] Saved entropy split histogram plot.
                     [2025-11-12 19:25:40] Creating SRT projection dotplot of NMF patterns by anatomical domain...
[2025-11-12 19:25:44] Appended run summary to /zata/zippy/kresgeb/nmf_stuff/dlPFC/output/batched_registration_dotplot/summary.tsv
[2025-11-12 19:25:50] --------------------------------------------
[2025-11-12 19:25:50] Starting run 20 / 157: k100_seed1029_tol1e-05_L10.1
[2025-11-12 19:25:50] nmf_path: /zata/zippy/kresgeb/nmf_stuff/dlPFC/data/batched_nmf/nmf_k100_seed1029_tol1e-05_L10.1.rds
[2025-11-12 19:25:50] projection path: /zata/zippy/kresgeb/nmf_stuff/dlPFC/data/batched_projection/proj_k100_seed1029_tol1e-05_L10.1.rds
[2025-11-12 19:25:51] NMF matrix: 77604 rows, 100 cols
[2025-11-12 19:25:51] Duplicate NMF rownames: 0
[2025-11-12 19:25:52] Projection matrix: 113927 rows, 100 cols
[2025-11-12 19:25:52] Duplicate projection rownames: 4069
[2025-11-12 19:25:52] Attaching NMF matrix to SCE colData...
[2025-11-12 19:25:52] SCE colData rows: 77604, unique rownames: 77604
[2025-11-12 19:25:53] NMF matrix attached by row order
[2025-11-12 19:25:53] Attaching projection matrix to SPE colData...
[2025-11-12 19:25:53] SPE colData rows: 113927, unique rownames: 4991
[2025-11-12 19:25:55] Projection matrix attached by row order
[2025-11-12 19:25:55] Found 100 nmf patterns for plotting
[2025-11-12 19:25:55] Creating ECDF plot for nonzero NMF pattern weights...
[2025-11-12 19:25:56] Preparing data for dotplot of NMF pattern presence by cell type...
[2025-11-12 19:25:59] Computing specificity / entropy and GMM split...
[2025-11-12 19:25:59] Plotting entropy histogram with GMM cluster split...
[2025-11-12 19:25:59] Saved entropy split histogram plot.
                     [2025-11-12 19:26:00] Creating SRT projection dotplot of NMF patterns by anatomical domain...
[2025-11-12 19:26:04] Appended run summary to /zata/zippy/kresgeb/nmf_stuff/dlPFC/output/batched_registration_dotplot/summary.tsv
[2025-11-12 19:26:10] --------------------------------------------
[2025-11-12 19:26:10] Starting run 21 / 157: k10_seed31415_tol1e-05_L10.1
[2025-11-12 19:26:10] nmf_path: /zata/zippy/kresgeb/nmf_stuff/dlPFC/data/batched_nmf/nmf_k10_seed31415_tol1e-05_L10.1.rds
[2025-11-12 19:26:10] projection path: /zata/zippy/kresgeb/nmf_stuff/dlPFC/data/batched_projection/proj_k10_seed31415_tol1e-05_L10.1.rds
[2025-11-12 19:26:10] NMF matrix: 77604 rows, 10 cols
[2025-11-12 19:26:10] Duplicate NMF rownames: 0
[2025-11-12 19:26:10] Projection matrix: 113927 rows, 10 cols
[2025-11-12 19:26:10] Duplicate projection rownames: 4069
[2025-11-12 19:26:10] Attaching NMF matrix to SCE colData...
[2025-11-12 19:26:10] SCE colData rows: 77604, unique rownames: 77604
[2025-11-12 19:26:10] NMF matrix attached by row order
[2025-11-12 19:26:10] Attaching projection matrix to SPE colData...
[2025-11-12 19:26:10] SPE colData rows: 113927, unique rownames: 4991
[2025-11-12 19:26:12] Projection matrix attached by row order
[2025-11-12 19:26:12] Found 10 nmf patterns for plotting
[2025-11-12 19:26:12] Creating ECDF plot for nonzero NMF pattern weights...
[2025-11-12 19:26:12] Preparing data for dotplot of NMF pattern presence by cell type...
[2025-11-12 19:26:12] Computing specificity / entropy and GMM split...
[2025-11-12 19:26:12] Plotting entropy histogram with GMM cluster split...
[2025-11-12 19:26:13] Saved entropy split histogram plot.
                     [2025-11-12 19:26:13] Creating SRT projection dotplot of NMF patterns by anatomical domain...
[2025-11-12 19:26:15] Appended run summary to /zata/zippy/kresgeb/nmf_stuff/dlPFC/output/batched_registration_dotplot/summary.tsv
[2025-11-12 19:26:17] --------------------------------------------
[2025-11-12 19:26:17] Starting run 22 / 157: k20_seed31415_tol1e-05_L10.1
[2025-11-12 19:26:17] nmf_path: /zata/zippy/kresgeb/nmf_stuff/dlPFC/data/batched_nmf/nmf_k20_seed31415_tol1e-05_L10.1.rds
[2025-11-12 19:26:17] projection path: /zata/zippy/kresgeb/nmf_stuff/dlPFC/data/batched_projection/proj_k20_seed31415_tol1e-05_L10.1.rds
[2025-11-12 19:26:18] NMF matrix: 77604 rows, 20 cols
[2025-11-12 19:26:18] Duplicate NMF rownames: 0
[2025-11-12 19:26:18] Projection matrix: 113927 rows, 20 cols
[2025-11-12 19:26:18] Duplicate projection rownames: 4069
[2025-11-12 19:26:18] Attaching NMF matrix to SCE colData...
[2025-11-12 19:26:18] SCE colData rows: 77604, unique rownames: 77604
[2025-11-12 19:26:18] NMF matrix attached by row order
[2025-11-12 19:26:18] Attaching projection matrix to SPE colData...
[2025-11-12 19:26:18] SPE colData rows: 113927, unique rownames: 4991
[2025-11-12 19:26:19] Projection matrix attached by row order
[2025-11-12 19:26:19] Found 20 nmf patterns for plotting
[2025-11-12 19:26:19] Creating ECDF plot for nonzero NMF pattern weights...
[2025-11-12 19:26:20] Preparing data for dotplot of NMF pattern presence by cell type...
[2025-11-12 19:26:21] Computing specificity / entropy and GMM split...
[2025-11-12 19:26:21] Plotting entropy histogram with GMM cluster split...
[2025-11-12 19:26:21] Saved entropy split histogram plot.
                     [2025-11-12 19:26:22] Creating SRT projection dotplot of NMF patterns by anatomical domain...
[2025-11-12 19:26:25] Appended run summary to /zata/zippy/kresgeb/nmf_stuff/dlPFC/output/batched_registration_dotplot/summary.tsv
[2025-11-12 19:26:30] --------------------------------------------
[2025-11-12 19:26:30] Starting run 23 / 157: k30_seed31415_tol1e-05_L10.1
[2025-11-12 19:26:30] nmf_path: /zata/zippy/kresgeb/nmf_stuff/dlPFC/data/batched_nmf/nmf_k30_seed31415_tol1e-05_L10.1.rds
[2025-11-12 19:26:30] projection path: /zata/zippy/kresgeb/nmf_stuff/dlPFC/data/batched_projection/proj_k30_seed31415_tol1e-05_L10.1.rds
[2025-11-12 19:26:31] NMF matrix: 77604 rows, 30 cols
[2025-11-12 19:26:31] Duplicate NMF rownames: 0
[2025-11-12 19:26:31] Projection matrix: 113927 rows, 30 cols
[2025-11-12 19:26:31] Duplicate projection rownames: 4069
[2025-11-12 19:26:31] Attaching NMF matrix to SCE colData...
[2025-11-12 19:26:31] SCE colData rows: 77604, unique rownames: 77604
[2025-11-12 19:26:31] NMF matrix attached by row order
[2025-11-12 19:26:31] Attaching projection matrix to SPE colData...
[2025-11-12 19:26:31] SPE colData rows: 113927, unique rownames: 4991
[2025-11-12 19:26:32] Projection matrix attached by row order
[2025-11-12 19:26:32] Found 30 nmf patterns for plotting
[2025-11-12 19:26:32] Creating ECDF plot for nonzero NMF pattern weights...
[2025-11-12 19:26:33] Preparing data for dotplot of NMF pattern presence by cell type...
[2025-11-12 19:26:34] Computing specificity / entropy and GMM split...
[2025-11-12 19:26:34] Plotting entropy histogram with GMM cluster split...
[2025-11-12 19:26:34] Saved entropy split histogram plot.
DuckDB progress:   0%                     [2025-11-12 19:26:35] Creating SRT projection dotplot of NMF patterns by anatomical domain...
[2025-11-12 19:26:38] Appended run summary to /zata/zippy/kresgeb/nmf_stuff/dlPFC/output/batched_registration_dotplot/summary.tsv
[2025-11-12 19:26:42] --------------------------------------------
[2025-11-12 19:26:42] Starting run 24 / 157: k40_seed31415_tol1e-05_L10.1
[2025-11-12 19:26:42] nmf_path: /zata/zippy/kresgeb/nmf_stuff/dlPFC/data/batched_nmf/nmf_k40_seed31415_tol1e-05_L10.1.rds
[2025-11-12 19:26:42] projection path: /zata/zippy/kresgeb/nmf_stuff/dlPFC/data/batched_projection/proj_k40_seed31415_tol1e-05_L10.1.rds
[2025-11-12 19:26:43] NMF matrix: 77604 rows, 40 cols
[2025-11-12 19:26:43] Duplicate NMF rownames: 0
[2025-11-12 19:26:43] Projection matrix: 113927 rows, 40 cols
[2025-11-12 19:26:43] Duplicate projection rownames: 4069
[2025-11-12 19:26:43] Attaching NMF matrix to SCE colData...
[2025-11-12 19:26:43] SCE colData rows: 77604, unique rownames: 77604
[2025-11-12 19:26:43] NMF matrix attached by row order
[2025-11-12 19:26:43] Attaching projection matrix to SPE colData...
[2025-11-12 19:26:43] SPE colData rows: 113927, unique rownames: 4991
[2025-11-12 19:26:45] Projection matrix attached by row order
[2025-11-12 19:26:45] Found 40 nmf patterns for plotting
[2025-11-12 19:26:45] Creating ECDF plot for nonzero NMF pattern weights...
[2025-11-12 19:26:46] Preparing data for dotplot of NMF pattern presence by cell type...
[2025-11-12 19:26:47] Computing specificity / entropy and GMM split...
[2025-11-12 19:26:47] Plotting entropy histogram with GMM cluster split...
[2025-11-12 19:26:48] Saved entropy split histogram plot.
DuckDB progress:   0%                     [2025-11-12 19:26:49] Creating SRT projection dotplot of NMF patterns by anatomical domain...
[2025-11-12 19:26:52] Appended run summary to /zata/zippy/kresgeb/nmf_stuff/dlPFC/output/batched_registration_dotplot/summary.tsv
[2025-11-12 19:26:57] --------------------------------------------
[2025-11-12 19:26:57] Starting run 25 / 157: k50_seed31415_tol1e-05_L10.1
[2025-11-12 19:26:57] nmf_path: /zata/zippy/kresgeb/nmf_stuff/dlPFC/data/batched_nmf/nmf_k50_seed31415_tol1e-05_L10.1.rds
[2025-11-12 19:26:57] projection path: /zata/zippy/kresgeb/nmf_stuff/dlPFC/data/batched_projection/proj_k50_seed31415_tol1e-05_L10.1.rds
[2025-11-12 19:26:58] NMF matrix: 77604 rows, 50 cols
[2025-11-12 19:26:58] Duplicate NMF rownames: 0
[2025-11-12 19:26:59] Projection matrix: 113927 rows, 50 cols
[2025-11-12 19:26:59] Duplicate projection rownames: 4069
[2025-11-12 19:26:59] Attaching NMF matrix to SCE colData...
[2025-11-12 19:26:59] SCE colData rows: 77604, unique rownames: 77604
[2025-11-12 19:26:59] NMF matrix attached by row order
[2025-11-12 19:26:59] Attaching projection matrix to SPE colData...
[2025-11-12 19:26:59] SPE colData rows: 113927, unique rownames: 4991
[2025-11-12 19:27:00] Projection matrix attached by row order
[2025-11-12 19:27:00] Found 50 nmf patterns for plotting
[2025-11-12 19:27:00] Creating ECDF plot for nonzero NMF pattern weights...
[2025-11-12 19:27:01] Preparing data for dotplot of NMF pattern presence by cell type...
[2025-11-12 19:27:02] Computing specificity / entropy and GMM split...
[2025-11-12 19:27:02] Plotting entropy histogram with GMM cluster split...
[2025-11-12 19:27:02] Saved entropy split histogram plot.
                     [2025-11-12 19:27:03] Creating SRT projection dotplot of NMF patterns by anatomical domain...
[2025-11-12 19:27:05] Appended run summary to /zata/zippy/kresgeb/nmf_stuff/dlPFC/output/batched_registration_dotplot/summary.tsv
[2025-11-12 19:27:10] --------------------------------------------
[2025-11-12 19:27:10] Starting run 26 / 157: k60_seed31415_tol1e-05_L10.1
[2025-11-12 19:27:10] nmf_path: /zata/zippy/kresgeb/nmf_stuff/dlPFC/data/batched_nmf/nmf_k60_seed31415_tol1e-05_L10.1.rds
[2025-11-12 19:27:10] projection path: /zata/zippy/kresgeb/nmf_stuff/dlPFC/data/batched_projection/proj_k60_seed31415_tol1e-05_L10.1.rds
[2025-11-12 19:27:11] NMF matrix: 77604 rows, 60 cols
[2025-11-12 19:27:11] Duplicate NMF rownames: 0
[2025-11-12 19:27:11] Projection matrix: 113927 rows, 60 cols
[2025-11-12 19:27:11] Duplicate projection rownames: 4069
[2025-11-12 19:27:11] Attaching NMF matrix to SCE colData...
[2025-11-12 19:27:11] SCE colData rows: 77604, unique rownames: 77604
[2025-11-12 19:27:11] NMF matrix attached by row order
[2025-11-12 19:27:11] Attaching projection matrix to SPE colData...
[2025-11-12 19:27:11] SPE colData rows: 113927, unique rownames: 4991
[2025-11-12 19:27:12] Projection matrix attached by row order
[2025-11-12 19:27:12] Found 60 nmf patterns for plotting
[2025-11-12 19:27:12] Creating ECDF plot for nonzero NMF pattern weights...
[2025-11-12 19:27:13] Preparing data for dotplot of NMF pattern presence by cell type...
[2025-11-12 19:27:14] Computing specificity / entropy and GMM split...
[2025-11-12 19:27:14] Plotting entropy histogram with GMM cluster split...
[2025-11-12 19:27:14] Saved entropy split histogram plot.
                     [2025-11-12 19:27:15] Creating SRT projection dotplot of NMF patterns by anatomical domain...
[2025-11-12 19:27:17] Appended run summary to /zata/zippy/kresgeb/nmf_stuff/dlPFC/output/batched_registration_dotplot/summary.tsv
[2025-11-12 19:27:20] --------------------------------------------
[2025-11-12 19:27:20] Starting run 27 / 157: k70_seed31415_tol1e-05_L10.1
[2025-11-12 19:27:20] nmf_path: /zata/zippy/kresgeb/nmf_stuff/dlPFC/data/batched_nmf/nmf_k70_seed31415_tol1e-05_L10.1.rds
[2025-11-12 19:27:20] projection path: /zata/zippy/kresgeb/nmf_stuff/dlPFC/data/batched_projection/proj_k70_seed31415_tol1e-05_L10.1.rds
[2025-11-12 19:27:21] NMF matrix: 77604 rows, 70 cols
[2025-11-12 19:27:21] Duplicate NMF rownames: 0
[2025-11-12 19:27:21] Projection matrix: 113927 rows, 70 cols
[2025-11-12 19:27:21] Duplicate projection rownames: 4069
[2025-11-12 19:27:21] Attaching NMF matrix to SCE colData...
[2025-11-12 19:27:21] SCE colData rows: 77604, unique rownames: 77604
[2025-11-12 19:27:21] NMF matrix attached by row order
[2025-11-12 19:27:21] Attaching projection matrix to SPE colData...
[2025-11-12 19:27:21] SPE colData rows: 113927, unique rownames: 4991
[2025-11-12 19:27:22] Projection matrix attached by row order
[2025-11-12 19:27:22] Found 70 nmf patterns for plotting
[2025-11-12 19:27:22] Creating ECDF plot for nonzero NMF pattern weights...
[2025-11-12 19:27:22] Preparing data for dotplot of NMF pattern presence by cell type...
[2025-11-12 19:27:23] Computing specificity / entropy and GMM split...
[2025-11-12 19:27:23] Plotting entropy histogram with GMM cluster split...
[2025-11-12 19:27:24] Saved entropy split histogram plot.
DuckDB progress:   0%                     [2025-11-12 19:27:24] Creating SRT projection dotplot of NMF patterns by anatomical domain...
