[2025-09-23 09:18:43] ===== Starting GO Analysis =====
Loading objects:
  sce
[2025-09-23 09:21:18] Loaded snRNA-seq object 'sce' with 36601 genes and 77604 cells
Loading objects:
  x
[2025-09-23 09:21:23] Loaded NMF object 'x' with 36601 genes (W) and 80 patterns
[2025-09-23 09:21:23] No patterns marked for discard
[2025-09-23 09:21:23] Removing 20308 genes with no contribution across patterns
[2025-09-23 09:21:23] Example genes removed: MIR1302-2HG, FAM138A, OR4F5, AL627309.1, AL627309.3, AL627309.2
[2025-09-23 09:21:23] Filtering 13 mitochondrial genes
[2025-09-23 09:21:23] Filtering to 19394 protein-coding genes
[2025-09-23 09:21:23] Selecting genes based on specificity + top-N approach
[2025-09-23 09:21:23] Specificity cutoff: 0.20
[2025-09-23 09:21:23] Top N per pattern: 200
[2025-09-23 09:21:23] Pattern nmf1: 61 genes passed specificity cutoff, keeping top 61
[2025-09-23 09:21:23] Pattern nmf2: 160 genes passed specificity cutoff, keeping top 160
[2025-09-23 09:21:23] Pattern nmf3: 196 genes passed specificity cutoff, keeping top 196
[2025-09-23 09:21:23] Pattern nmf4: 97 genes passed specificity cutoff, keeping top 97
[2025-09-23 09:21:23] Pattern nmf5: 171 genes passed specificity cutoff, keeping top 171
[2025-09-23 09:21:23] Pattern nmf6: 101 genes passed specificity cutoff, keeping top 101
[2025-09-23 09:21:23] Pattern nmf7: 482 genes passed specificity cutoff, keeping top 200
[2025-09-23 09:21:23] Pattern nmf8: 109 genes passed specificity cutoff, keeping top 109
[2025-09-23 09:21:23] Pattern nmf9: 59 genes passed specificity cutoff, keeping top 59
[2025-09-23 09:21:23] Pattern nmf10: 191 genes passed specificity cutoff, keeping top 191
[2025-09-23 09:21:23] Pattern nmf11: 88 genes passed specificity cutoff, keeping top 88
[2025-09-23 09:21:23] Pattern nmf12: 328 genes passed specificity cutoff, keeping top 200
[2025-09-23 09:21:23] Pattern nmf13: 35 genes passed specificity cutoff, keeping top 35
[2025-09-23 09:21:23] Pattern nmf14: 676 genes passed specificity cutoff, keeping top 200
[2025-09-23 09:21:23] Pattern nmf15: 286 genes passed specificity cutoff, keeping top 200
[2025-09-23 09:21:23] Pattern nmf16: 145 genes passed specificity cutoff, keeping top 145
[2025-09-23 09:21:23] Pattern nmf17: 39 genes passed specificity cutoff, keeping top 39
[2025-09-23 09:21:23] Pattern nmf18: 130 genes passed specificity cutoff, keeping top 130
[2025-09-23 09:21:23] Pattern nmf19: 116 genes passed specificity cutoff, keeping top 116
[2025-09-23 09:21:23] Pattern nmf20: 66 genes passed specificity cutoff, keeping top 66
[2025-09-23 09:21:23] Pattern nmf21: 48 genes passed specificity cutoff, keeping top 48
[2025-09-23 09:21:23] Pattern nmf22: 138 genes passed specificity cutoff, keeping top 138
[2025-09-23 09:21:23] Pattern nmf23: 75 genes passed specificity cutoff, keeping top 75
[2025-09-23 09:21:23] Pattern nmf24: 73 genes passed specificity cutoff, keeping top 73
[2025-09-23 09:21:23] Pattern nmf25: 24 genes passed specificity cutoff, keeping top 24
[2025-09-23 09:21:23] Pattern nmf26: 54 genes passed specificity cutoff, keeping top 54
[2025-09-23 09:21:23] Pattern nmf27: 43 genes passed specificity cutoff, keeping top 43
[2025-09-23 09:21:23] Pattern nmf28: 218 genes passed specificity cutoff, keeping top 200
[2025-09-23 09:21:23] Pattern nmf29: 152 genes passed specificity cutoff, keeping top 152
[2025-09-23 09:21:23] Pattern nmf30: 20 genes passed specificity cutoff, keeping top 20
[2025-09-23 09:21:23] Pattern nmf31: 59 genes passed specificity cutoff, keeping top 59
[2025-09-23 09:21:23] Pattern nmf32: 71 genes passed specificity cutoff, keeping top 71
[2025-09-23 09:21:23] Pattern nmf33: 48 genes passed specificity cutoff, keeping top 48
[2025-09-23 09:21:23] Pattern nmf34: 2 genes passed specificity cutoff, keeping top 2
[2025-09-23 09:21:23] Pattern nmf35: 570 genes passed specificity cutoff, keeping top 200
[2025-09-23 09:21:23] Pattern nmf36: 58 genes passed specificity cutoff, keeping top 58
[2025-09-23 09:21:23] Pattern nmf37: 201 genes passed specificity cutoff, keeping top 200
[2025-09-23 09:21:23] Pattern nmf38: 185 genes passed specificity cutoff, keeping top 185
[2025-09-23 09:21:23] Pattern nmf39: 603 genes passed specificity cutoff, keeping top 200
[2025-09-23 09:21:23] Pattern nmf40: 167 genes passed specificity cutoff, keeping top 167
[2025-09-23 09:21:23] Pattern nmf41: 142 genes passed specificity cutoff, keeping top 142
[2025-09-23 09:21:23] Pattern nmf42: 49 genes passed specificity cutoff, keeping top 49
[2025-09-23 09:21:23] Pattern nmf43: 148 genes passed specificity cutoff, keeping top 148
[2025-09-23 09:21:23] Pattern nmf44: 119 genes passed specificity cutoff, keeping top 119
[2025-09-23 09:21:23] Pattern nmf45: 34 genes passed specificity cutoff, keeping top 34
[2025-09-23 09:21:23] Pattern nmf46: 3 genes passed specificity cutoff, keeping top 3
[2025-09-23 09:21:23] Pattern nmf47: 72 genes passed specificity cutoff, keeping top 72
[2025-09-23 09:21:23] Pattern nmf48: 408 genes passed specificity cutoff, keeping top 200
[2025-09-23 09:21:23] Pattern nmf49: 169 genes passed specificity cutoff, keeping top 169
[2025-09-23 09:21:23] Pattern nmf50: 279 genes passed specificity cutoff, keeping top 200
[2025-09-23 09:21:23] Pattern nmf51: 194 genes passed specificity cutoff, keeping top 194
[2025-09-23 09:21:23] Pattern nmf52: 107 genes passed specificity cutoff, keeping top 107
[2025-09-23 09:21:23] Pattern nmf53: 141 genes passed specificity cutoff, keeping top 141
[2025-09-23 09:21:23] Pattern nmf54: 53 genes passed specificity cutoff, keeping top 53
[2025-09-23 09:21:23] Pattern nmf55: 55 genes passed specificity cutoff, keeping top 55
[2025-09-23 09:21:23] Pattern nmf56: 186 genes passed specificity cutoff, keeping top 186
[2025-09-23 09:21:23] Pattern nmf57: 173 genes passed specificity cutoff, keeping top 173
[2025-09-23 09:21:23] Pattern nmf58: 25 genes passed specificity cutoff, keeping top 25
[2025-09-23 09:21:23] Pattern nmf59: 33 genes passed specificity cutoff, keeping top 33
[2025-09-23 09:21:23] Pattern nmf60: 227 genes passed specificity cutoff, keeping top 200
[2025-09-23 09:21:23] Pattern nmf61: 175 genes passed specificity cutoff, keeping top 175
[2025-09-23 09:21:23] Pattern nmf62: 15 genes passed specificity cutoff, keeping top 15
[2025-09-23 09:21:23] Pattern nmf63: 6 genes passed specificity cutoff, keeping top 6
[2025-09-23 09:21:23] Pattern nmf64: 37 genes passed specificity cutoff, keeping top 37
[2025-09-23 09:21:23] Pattern nmf65: 162 genes passed specificity cutoff, keeping top 162
[2025-09-23 09:21:23] Pattern nmf66: 162 genes passed specificity cutoff, keeping top 162
[2025-09-23 09:21:23] Pattern nmf67: 147 genes passed specificity cutoff, keeping top 147
[2025-09-23 09:21:23] Pattern nmf68: 166 genes passed specificity cutoff, keeping top 166
[2025-09-23 09:21:23] Pattern nmf69: 57 genes passed specificity cutoff, keeping top 57
[2025-09-23 09:21:23] Pattern nmf70: 173 genes passed specificity cutoff, keeping top 173
[2025-09-23 09:21:23] Pattern nmf71: 32 genes passed specificity cutoff, keeping top 32
[2025-09-23 09:21:23] Pattern nmf72: 9 genes passed specificity cutoff, keeping top 9
[2025-09-23 09:21:23] Pattern nmf73: 150 genes passed specificity cutoff, keeping top 150
[2025-09-23 09:21:23] Pattern nmf74: 113 genes passed specificity cutoff, keeping top 113
[2025-09-23 09:21:23] Pattern nmf75: 95 genes passed specificity cutoff, keeping top 95
[2025-09-23 09:21:23] Pattern nmf76: 116 genes passed specificity cutoff, keeping top 116
[2025-09-23 09:21:23] Pattern nmf77: 100 genes passed specificity cutoff, keeping top 100
[2025-09-23 09:21:23] Pattern nmf78: 289 genes passed specificity cutoff, keeping top 200
[2025-09-23 09:21:23] Pattern nmf79: 10 genes passed specificity cutoff, keeping top 10
[2025-09-23 09:21:23] Pattern nmf80: 16 genes passed specificity cutoff, keeping top 16
[2025-09-23 09:21:23] Finished selecting genes for 80 patterns
[2025-09-23 09:21:23] Running GO enrichment analysis for each pattern
[2025-09-23 09:21:23] Enriching GO for pattern nmf1 with 61 genes
[2025-09-23 09:22:23] Enriching GO for pattern nmf2 with 160 genes
[2025-09-23 09:22:49] Enriching GO for pattern nmf3 with 196 genes
[2025-09-23 09:23:21] Enriching GO for pattern nmf4 with 97 genes
[2025-09-23 09:23:47] Enriching GO for pattern nmf5 with 171 genes
[2025-09-23 09:24:15] Enriching GO for pattern nmf6 with 101 genes
[2025-09-23 09:24:42] Enriching GO for pattern nmf7 with 200 genes
[2025-09-23 09:25:09] Enriching GO for pattern nmf8 with 109 genes
[2025-09-23 09:25:34] Enriching GO for pattern nmf9 with 59 genes
[2025-09-23 09:26:02] Enriching GO for pattern nmf10 with 191 genes
[2025-09-23 09:26:31] Enriching GO for pattern nmf11 with 88 genes
[2025-09-23 09:26:59] Enriching GO for pattern nmf12 with 200 genes
[2025-09-23 09:27:27] Enriching GO for pattern nmf13 with 35 genes
[2025-09-23 09:27:50] Enriching GO for pattern nmf14 with 200 genes
[2025-09-23 09:28:23] Enriching GO for pattern nmf15 with 200 genes
[2025-09-23 09:28:55] Enriching GO for pattern nmf16 with 145 genes
[2025-09-23 09:29:21] Enriching GO for pattern nmf17 with 39 genes
[2025-09-23 09:29:47] Enriching GO for pattern nmf18 with 130 genes
[2025-09-23 09:30:13] Enriching GO for pattern nmf19 with 116 genes
[2025-09-23 09:30:40] Enriching GO for pattern nmf20 with 66 genes
[2025-09-23 09:31:07] Enriching GO for pattern nmf21 with 48 genes
[2025-09-23 09:31:34] Enriching GO for pattern nmf22 with 138 genes
[2025-09-23 09:32:00] Enriching GO for pattern nmf23 with 75 genes
[2025-09-23 09:32:24] Enriching GO for pattern nmf24 with 73 genes
[2025-09-23 09:32:49] Enriching GO for pattern nmf25 with 24 genes
[2025-09-23 09:33:16] Enriching GO for pattern nmf26 with 54 genes
[2025-09-23 09:33:40] Enriching GO for pattern nmf27 with 43 genes
[2025-09-23 09:34:04] Enriching GO for pattern nmf28 with 200 genes
[2025-09-23 09:34:30] Enriching GO for pattern nmf29 with 152 genes
[2025-09-23 09:34:57] Enriching GO for pattern nmf30 with 20 genes
[2025-09-23 09:35:22] Enriching GO for pattern nmf31 with 59 genes
[2025-09-23 09:35:49] Enriching GO for pattern nmf32 with 71 genes
[2025-09-23 09:36:15] Enriching GO for pattern nmf33 with 48 genes
[2025-09-23 09:36:42] Enriching GO for pattern nmf34 with 2 genes
[2025-09-23 09:37:06] Enriching GO for pattern nmf35 with 200 genes
[2025-09-23 09:37:33] Enriching GO for pattern nmf36 with 58 genes
[2025-09-23 09:37:57] Enriching GO for pattern nmf37 with 200 genes
[2025-09-23 09:38:27] Enriching GO for pattern nmf38 with 185 genes
[2025-09-23 09:38:50] Enriching GO for pattern nmf39 with 200 genes
[2025-09-23 09:39:18] Enriching GO for pattern nmf40 with 167 genes
[2025-09-23 09:39:47] Enriching GO for pattern nmf41 with 142 genes
[2025-09-23 09:40:11] Enriching GO for pattern nmf42 with 49 genes
[2025-09-23 09:40:36] Enriching GO for pattern nmf43 with 148 genes
[2025-09-23 09:41:02] Enriching GO for pattern nmf44 with 119 genes
[2025-09-23 09:41:29] Enriching GO for pattern nmf45 with 34 genes
[2025-09-23 09:41:54] Enriching GO for pattern nmf46 with 3 genes
[2025-09-23 09:42:19] Enriching GO for pattern nmf47 with 72 genes
[2025-09-23 09:42:46] Enriching GO for pattern nmf48 with 200 genes
[2025-09-23 09:43:11] Enriching GO for pattern nmf49 with 169 genes
[2025-09-23 09:43:40] Enriching GO for pattern nmf50 with 200 genes
[2025-09-23 09:44:05] Enriching GO for pattern nmf51 with 194 genes
[2025-09-23 09:44:32] Enriching GO for pattern nmf52 with 107 genes
[2025-09-23 09:44:55] Enriching GO for pattern nmf53 with 141 genes
[2025-09-23 09:45:25] Enriching GO for pattern nmf54 with 53 genes
[2025-09-23 09:45:49] Enriching GO for pattern nmf55 with 55 genes
[2025-09-23 09:46:17] Enriching GO for pattern nmf56 with 186 genes
[2025-09-23 09:46:43] Enriching GO for pattern nmf57 with 173 genes
[2025-09-23 09:47:09] Enriching GO for pattern nmf58 with 25 genes
[2025-09-23 09:47:35] Enriching GO for pattern nmf59 with 33 genes
[2025-09-23 09:48:01] Enriching GO for pattern nmf60 with 200 genes
[2025-09-23 09:48:28] Enriching GO for pattern nmf61 with 175 genes
[2025-09-23 09:48:55] Enriching GO for pattern nmf62 with 15 genes
[2025-09-23 09:49:19] Enriching GO for pattern nmf63 with 6 genes
[2025-09-23 09:49:44] Enriching GO for pattern nmf64 with 37 genes
[2025-09-23 09:50:10] Enriching GO for pattern nmf65 with 162 genes
[2025-09-23 09:50:35] Enriching GO for pattern nmf66 with 162 genes
[2025-09-23 09:51:02] Enriching GO for pattern nmf67 with 147 genes
[2025-09-23 09:51:29] Enriching GO for pattern nmf68 with 166 genes
[2025-09-23 09:51:55] Enriching GO for pattern nmf69 with 57 genes
[2025-09-23 09:52:21] Enriching GO for pattern nmf70 with 173 genes
[2025-09-23 09:52:48] Enriching GO for pattern nmf71 with 32 genes
[2025-09-23 09:53:14] Enriching GO for pattern nmf72 with 9 genes
[2025-09-23 09:53:38] Enriching GO for pattern nmf73 with 150 genes
[2025-09-23 09:54:07] Enriching GO for pattern nmf74 with 113 genes
[2025-09-23 09:54:31] Enriching GO for pattern nmf75 with 95 genes
[2025-09-23 09:54:57] Enriching GO for pattern nmf76 with 116 genes
[2025-09-23 09:55:23] Enriching GO for pattern nmf77 with 100 genes
[2025-09-23 09:55:49] Enriching GO for pattern nmf78 with 200 genes
[2025-09-23 09:56:19] Enriching GO for pattern nmf79 with 10 genes
[2025-09-23 09:56:41] Enriching GO for pattern nmf80 with 16 genes
[2025-09-23 09:58:16] Saved GO enrichment results to /zata/zippy/kresgeb/hippocampus/my_output/nmf/2024_dlpfc/go_analysis_k_80_specificity_02.rda
[2025-09-23 09:58:16] ===== Session Info =====
R version 4.4.2 (2024-10-31)
Platform: x86_64-pc-linux-gnu
Running under: Ubuntu 22.04.5 LTS

Matrix products: default
BLAS:   /usr/lib/x86_64-linux-gnu/blas/libblas.so.3.10.0 
LAPACK: /usr/lib/x86_64-linux-gnu/lapack/liblapack.so.3.10.0

locale:
[1] C

time zone: America/New_York
tzcode source: system (glibc)

attached base packages:
[1] stats4    stats     graphics  grDevices utils     datasets  methods   base     

other attached packages:
 [1] SingleCellExperiment_1.28.1 SummarizedExperiment_1.36.0 GenomicRanges_1.58.0        GenomeInfoDb_1.42.1        
 [5] MatrixGenerics_1.18.0       matrixStats_1.5.0           sessioninfo_1.2.2           clusterProfiler_4.14.6     
 [9] org.Hs.eg.db_3.20.0         AnnotationDbi_1.68.0        IRanges_2.40.1              S4Vectors_0.44.0           
[13] Biobase_2.66.0              BiocGenerics_0.52.0         RcppML_0.5.5                dplyr_1.1.4                
[17] ggplot2_4.0.0              

loaded via a namespace (and not attached):
 [1] DBI_1.2.3               gson_0.1.0              rlang_1.1.6             magrittr_2.0.4         
 [5] DOSE_4.0.1              compiler_4.4.2          RSQLite_2.4.2           png_0.1-8              
 [9] systemfonts_1.2.3       vctrs_0.6.5             reshape2_1.4.4          stringr_1.5.2          
[13] pkgconfig_2.0.3         crayon_1.5.3            fastmap_1.2.0           XVector_0.46.0         
[17] enrichplot_1.26.6       UCSC.utils_1.2.0        purrr_1.1.0             bit_4.6.0              
[21] xfun_0.53               zlibbioc_1.52.0         cachem_1.1.0            aplot_0.2.9            
[25] jsonlite_2.0.0          blob_1.2.4              DelayedArray_0.32.0     uuid_1.2-1             
[29] BiocParallel_1.40.0     parallel_4.4.2          R6_2.6.1                stringi_1.8.7          
[33] RColorBrewer_1.1-3      GOSemSim_2.32.0         Rcpp_1.1.0              knitr_1.50             
[37] ggtangle_0.0.7          R.utils_2.12.3          Matrix_1.7-1            splines_4.4.2          
[41] igraph_2.1.4            tidyselect_1.2.1        abind_1.4-8             qvalue_2.38.0          
[45] codetools_0.2-19        lattice_0.22-5          tibble_3.3.0            plyr_1.8.9             
[49] treeio_1.30.0           withr_3.0.2             KEGGREST_1.46.0         S7_0.2.0               
[53] evaluate_1.0.5          gridGraphics_0.5-1      RcppEigen_0.3.4.0.2     Biostrings_2.74.1      
[57] pillar_1.11.1           ggtree_3.99.0           ggfun_0.2.0             generics_0.1.4         
[61] scales_1.4.0            tidytree_0.4.6          glue_1.8.0              lazyeval_0.2.2         
[65] tools_4.4.2             data.table_1.17.8       fgsea_1.32.4            ggiraph_0.9.1          
[69] fs_1.6.6                fastmatch_1.1-6         cowplot_1.2.0           grid_4.4.2             
[73] tidyr_1.3.1             ape_5.8-1               nlme_3.1-166            GenomeInfoDbData_1.2.13
[77] patchwork_1.3.2         cli_3.6.5               rappdirs_0.3.3          S4Arrays_1.6.0         
[81] gtable_0.3.6            R.methodsS3_1.8.2       yulab.utils_0.2.1       digest_0.6.37          
[85] SparseArray_1.6.0       ggrepel_0.9.6           ggplotify_0.1.2         htmlwidgets_1.6.4      
[89] farver_2.1.2            memoise_2.0.1           htmltools_0.5.8.1       R.oo_1.27.0            
[93] lifecycle_1.0.4         httr_1.4.7              GO.db_3.20.0            bit64_4.6.0-1          
- Session info ---------------------------------------------------------------
 setting  value
 version  R version 4.4.2 (2024-10-31)
 os       Ubuntu 22.04.5 LTS
 system   x86_64, linux-gnu
 ui       X11
 language (EN)
 collate  C
 ctype    C
 tz       America/New_York
 date     2025-09-23
 pandoc   2.9.2.1 @ /usr/bin/pandoc

- Packages -------------------------------------------------------------------
 package              * version   date (UTC) lib source
 abind                  1.4-8     2024-09-12 [1] CRAN (R 4.4.2)
 AnnotationDbi        * 1.68.0    2024-10-29 [1] Bioconductor 3.20 (R 4.4.2)
 ape                    5.8-1     2024-12-16 [1] CRAN (R 4.4.2)
 aplot                  0.2.9     2025-09-12 [1] CRAN (R 4.4.2)
 Biobase              * 2.66.0    2024-10-29 [1] Bioconductor 3.20 (R 4.4.2)
 BiocGenerics         * 0.52.0    2024-10-29 [1] Bioconductor 3.20 (R 4.4.2)
 BiocParallel           1.40.0    2024-10-29 [1] Bioconductor 3.20 (R 4.4.2)
 Biostrings             2.74.1    2024-12-16 [1] Bioconductor 3.20 (R 4.4.2)
 bit                    4.6.0     2025-03-06 [1] CRAN (R 4.4.2)
 bit64                  4.6.0-1   2025-01-16 [1] CRAN (R 4.4.2)
 blob                   1.2.4     2023-03-17 [1] CRAN (R 4.4.2)
 cachem                 1.1.0     2024-05-16 [1] CRAN (R 4.4.2)
 cli                    3.6.5     2025-04-23 [1] CRAN (R 4.4.2)
 clusterProfiler      * 4.14.6    2025-02-27 [1] Bioconductor 3.20 (R 4.4.2)
 codetools              0.2-19    2023-02-01 [3] CRAN (R 4.2.2)
 cowplot                1.2.0     2025-07-07 [1] CRAN (R 4.4.2)
 crayon                 1.5.3     2024-06-20 [1] CRAN (R 4.4.2)
 data.table             1.17.8    2025-07-10 [1] CRAN (R 4.4.2)
 DBI                    1.2.3     2024-06-02 [1] CRAN (R 4.4.2)
 DelayedArray           0.32.0    2024-10-29 [1] Bioconductor 3.20 (R 4.4.2)
 digest                 0.6.37    2024-08-19 [1] CRAN (R 4.4.2)
 DOSE                   4.0.1     2025-03-27 [1] Bioconductor 3.20 (R 4.4.2)
 dplyr                * 1.1.4     2023-11-17 [1] CRAN (R 4.4.2)
 enrichplot             1.26.6    2025-01-09 [1] Bioconductor 3.20 (R 4.4.2)
 evaluate               1.0.5     2025-08-27 [1] CRAN (R 4.4.2)
 farver                 2.1.2     2024-05-13 [1] CRAN (R 4.4.2)
 fastmap                1.2.0     2024-05-15 [1] CRAN (R 4.4.2)
 fastmatch              1.1-6     2024-12-23 [1] CRAN (R 4.4.2)
 fgsea                  1.32.4    2025-03-20 [1] Bioconductor 3.20 (R 4.4.2)
 fs                     1.6.6     2025-04-12 [1] CRAN (R 4.4.2)
 generics               0.1.4     2025-05-09 [1] CRAN (R 4.4.2)
 GenomeInfoDb         * 1.42.1    2024-11-28 [1] Bioconductor 3.20 (R 4.4.2)
 GenomeInfoDbData       1.2.13    2025-01-10 [1] Bioconductor
 GenomicRanges        * 1.58.0    2024-10-29 [1] Bioconductor 3.20 (R 4.4.2)
 ggfun                  0.2.0     2025-07-15 [1] CRAN (R 4.4.2)
 ggiraph                0.9.1     2025-09-16 [1] CRAN (R 4.4.2)
 ggplot2              * 4.0.0     2025-09-11 [1] CRAN (R 4.4.2)
 ggplotify              0.1.2     2023-08-09 [1] CRAN (R 4.4.2)
 ggrepel                0.9.6     2024-09-07 [1] CRAN (R 4.4.2)
 ggtangle               0.0.7     2025-06-30 [1] CRAN (R 4.4.2)
 ggtree                 3.99.0    2025-09-18 [1] Github (YuLab-SMU/ggtree@3798e55)
 glue                   1.8.0     2024-09-30 [1] CRAN (R 4.4.2)
 GO.db                  3.20.0    2025-09-18 [1] Bioconductor
 GOSemSim               2.32.0    2024-10-29 [1] Bioconductor 3.20 (R 4.4.2)
 gridGraphics           0.5-1     2020-12-13 [1] CRAN (R 4.4.2)
 gson                   0.1.0     2023-03-07 [1] CRAN (R 4.4.2)
 gtable                 0.3.6     2024-10-25 [1] CRAN (R 4.4.2)
 htmltools              0.5.8.1   2024-04-04 [1] CRAN (R 4.4.2)
 htmlwidgets            1.6.4     2023-12-06 [1] CRAN (R 4.4.2)
 httr                   1.4.7     2023-08-15 [1] CRAN (R 4.4.2)
 igraph                 2.1.4     2025-01-23 [1] CRAN (R 4.4.2)
 IRanges              * 2.40.1    2024-12-05 [1] Bioconductor 3.20 (R 4.4.2)
 jsonlite               2.0.0     2025-03-27 [1] CRAN (R 4.4.2)
 KEGGREST               1.46.0    2024-10-29 [1] Bioconductor 3.20 (R 4.4.2)
 knitr                  1.50      2025-03-16 [1] CRAN (R 4.4.2)
 lattice                0.22-5    2023-10-24 [3] CRAN (R 4.3.1)
 lazyeval               0.2.2     2019-03-15 [1] CRAN (R 4.4.2)
 lifecycle              1.0.4     2023-11-07 [1] CRAN (R 4.4.2)
 magrittr               2.0.4     2025-09-12 [1] CRAN (R 4.4.2)
 Matrix                 1.7-1     2024-10-18 [3] CRAN (R 4.4.1)
 MatrixGenerics       * 1.18.0    2024-10-29 [1] Bioconductor 3.20 (R 4.4.2)
 matrixStats          * 1.5.0     2025-01-07 [1] CRAN (R 4.4.2)
 memoise                2.0.1     2021-11-26 [1] CRAN (R 4.4.2)
 nlme                   3.1-166   2024-08-14 [3] CRAN (R 4.4.2)
 org.Hs.eg.db         * 3.20.0    2025-01-10 [1] Bioconductor
 patchwork              1.3.2     2025-08-25 [1] CRAN (R 4.4.2)
 pillar                 1.11.1    2025-09-17 [1] CRAN (R 4.4.2)
 pkgconfig              2.0.3     2019-09-22 [1] CRAN (R 4.4.2)
 plyr                   1.8.9     2023-10-02 [1] CRAN (R 4.4.2)
 png                    0.1-8     2022-11-29 [1] CRAN (R 4.4.2)
 purrr                  1.1.0     2025-07-10 [1] CRAN (R 4.4.2)
 qvalue                 2.38.0    2024-10-29 [1] Bioconductor 3.20 (R 4.4.2)
 R.methodsS3            1.8.2     2022-06-13 [1] CRAN (R 4.4.2)
 R.oo                   1.27.0    2024-11-01 [1] CRAN (R 4.4.2)
 R.utils                2.12.3    2023-11-18 [1] CRAN (R 4.4.2)
 R6                     2.6.1     2025-02-15 [1] CRAN (R 4.4.2)
 rappdirs               0.3.3     2021-01-31 [1] CRAN (R 4.4.2)
 RColorBrewer           1.1-3     2022-04-03 [1] CRAN (R 4.4.2)
 Rcpp                   1.1.0     2025-07-02 [1] CRAN (R 4.4.2)
 RcppEigen              0.3.4.0.2 2024-08-24 [1] CRAN (R 4.4.2)
 RcppML               * 0.5.5     2025-09-09 [1] Github (zdebruine/RcppML@c997bcd)
 reshape2               1.4.4     2020-04-09 [1] CRAN (R 4.4.2)
 rlang                  1.1.6     2025-04-11 [1] CRAN (R 4.4.2)
 RSQLite                2.4.2     2025-07-18 [1] CRAN (R 4.4.2)
 S4Arrays               1.6.0     2024-10-29 [1] Bioconductor 3.20 (R 4.4.2)
 S4Vectors            * 0.44.0    2024-10-29 [1] Bioconductor 3.20 (R 4.4.2)
 S7                     0.2.0     2024-11-07 [1] CRAN (R 4.4.2)
 scales                 1.4.0     2025-04-24 [1] CRAN (R 4.4.2)
 sessioninfo          * 1.2.2     2021-12-06 [1] CRAN (R 4.4.2)
 SingleCellExperiment * 1.28.1    2024-11-10 [1] Bioconductor 3.20 (R 4.4.2)
 SparseArray            1.6.0     2024-10-29 [1] Bioconductor 3.20 (R 4.4.2)
 stringi                1.8.7     2025-03-27 [1] CRAN (R 4.4.2)
 stringr                1.5.2     2025-09-08 [1] CRAN (R 4.4.2)
 SummarizedExperiment * 1.36.0    2024-10-29 [1] Bioconductor 3.20 (R 4.4.2)
 systemfonts            1.2.3     2025-04-30 [1] CRAN (R 4.4.2)
 tibble                 3.3.0     2025-06-08 [1] CRAN (R 4.4.2)
 tidyr                  1.3.1     2024-01-24 [1] CRAN (R 4.4.2)
 tidyselect             1.2.1     2024-03-11 [1] CRAN (R 4.4.2)
 tidytree               0.4.6     2023-12-12 [1] CRAN (R 4.4.2)
 treeio                 1.30.0    2024-10-29 [1] Bioconductor 3.20 (R 4.4.2)
 UCSC.utils             1.2.0     2024-10-29 [1] Bioconductor 3.20 (R 4.4.2)
 uuid                   1.2-1     2024-07-29 [1] CRAN (R 4.4.2)
 vctrs                  0.6.5     2023-12-01 [1] CRAN (R 4.4.2)
 withr                  3.0.2     2024-10-28 [1] CRAN (R 4.4.2)
 xfun                   0.53      2025-08-19 [1] CRAN (R 4.4.2)
 XVector                0.46.0    2024-10-29 [1] Bioconductor 3.20 (R 4.4.2)
 yulab.utils            0.2.1     2025-08-19 [1] CRAN (R 4.4.2)
 zlibbioc               1.52.0    2024-10-29 [1] Bioconductor 3.20 (R 4.4.2)

 [1] /usr/local/lib/R/site-library
 [2] /usr/lib/R/site-library
 [3] /usr/lib/R/library

------------------------------------------------------------------------------
[2025-09-23 09:58:16] ===== Finished GO Analysis =====
