[2025-09-19 14:31:35] Processing pattern 1...
[2025-09-19 14:31:35] No enriched terms for pattern 1.
[2025-09-19 14:31:35] Processing pattern 2...
[2025-09-19 14:31:35] No enriched terms for pattern 2.
[2025-09-19 14:31:35] Processing pattern 3...
[2025-09-19 14:31:35] No enriched terms for pattern 3.
[2025-09-19 14:31:35] Processing pattern 4...
[2025-09-19 14:31:35] No enriched terms for pattern 4.
[2025-09-19 14:31:35] Processing pattern 5...
[2025-09-19 14:31:49] Saved plots for pattern 5 to /zata/zippy/kresgeb/hippocampus/my_output/nmf/2024_dlpfc/go_plots/pattern_5_plots.pdf
[2025-09-19 14:31:49] Processing pattern 6...
[2025-09-19 14:31:49] No enriched terms for pattern 6.
[2025-09-19 14:31:49] Processing pattern 7...
[2025-09-19 14:32:06] Saved plots for pattern 7 to /zata/zippy/kresgeb/hippocampus/my_output/nmf/2024_dlpfc/go_plots/pattern_7_plots.pdf
[2025-09-19 14:32:06] Processing pattern 8...
[2025-09-19 14:32:12] Saved plots for pattern 8 to /zata/zippy/kresgeb/hippocampus/my_output/nmf/2024_dlpfc/go_plots/pattern_8_plots.pdf
[2025-09-19 14:32:12] Processing pattern 9...
[2025-09-19 14:32:12] No enriched terms for pattern 9.
[2025-09-19 14:32:12] Processing pattern 10...
[2025-09-19 14:32:12] No enriched terms for pattern 10.
[2025-09-19 14:32:12] Processing pattern 11...
[2025-09-19 14:32:17] Saved plots for pattern 11 to /zata/zippy/kresgeb/hippocampus/my_output/nmf/2024_dlpfc/go_plots/pattern_11_plots.pdf
[2025-09-19 14:32:17] Processing pattern 12...
[2025-09-19 14:32:33] Saved plots for pattern 12 to /zata/zippy/kresgeb/hippocampus/my_output/nmf/2024_dlpfc/go_plots/pattern_12_plots.pdf
[2025-09-19 14:32:33] Processing pattern 13...
[2025-09-19 14:32:42] Saved plots for pattern 13 to /zata/zippy/kresgeb/hippocampus/my_output/nmf/2024_dlpfc/go_plots/pattern_13_plots.pdf
[2025-09-19 14:32:42] Processing pattern 14...
[2025-09-19 14:33:00] Saved plots for pattern 14 to /zata/zippy/kresgeb/hippocampus/my_output/nmf/2024_dlpfc/go_plots/pattern_14_plots.pdf
[2025-09-19 14:33:00] Processing pattern 15...
[2025-09-19 14:33:11] Saved plots for pattern 15 to /zata/zippy/kresgeb/hippocampus/my_output/nmf/2024_dlpfc/go_plots/pattern_15_plots.pdf
[2025-09-19 14:33:11] Processing pattern 16...
[2025-09-19 14:33:18] Saved plots for pattern 16 to /zata/zippy/kresgeb/hippocampus/my_output/nmf/2024_dlpfc/go_plots/pattern_16_plots.pdf
[2025-09-19 14:33:18] Processing pattern 17...
[2025-09-19 14:33:21] Saved plots for pattern 17 to /zata/zippy/kresgeb/hippocampus/my_output/nmf/2024_dlpfc/go_plots/pattern_17_plots.pdf
[2025-09-19 14:33:21] Processing pattern 18...
[2025-09-19 14:33:21] No enriched terms for pattern 18.
[2025-09-19 14:33:21] Processing pattern 19...
[2025-09-19 14:33:31] Saved plots for pattern 19 to /zata/zippy/kresgeb/hippocampus/my_output/nmf/2024_dlpfc/go_plots/pattern_19_plots.pdf
[2025-09-19 14:33:31] Processing pattern 20...
[2025-09-19 14:33:36] Saved plots for pattern 20 to /zata/zippy/kresgeb/hippocampus/my_output/nmf/2024_dlpfc/go_plots/pattern_20_plots.pdf
[2025-09-19 14:33:36] Processing pattern 21...
[2025-09-19 14:33:39] Saved plots for pattern 21 to /zata/zippy/kresgeb/hippocampus/my_output/nmf/2024_dlpfc/go_plots/pattern_21_plots.pdf
[2025-09-19 14:33:39] Processing pattern 22...
[2025-09-19 14:33:39] No enriched terms for pattern 22.
[2025-09-19 14:33:39] Processing pattern 23...
[2025-09-19 14:33:48] Saved plots for pattern 23 to /zata/zippy/kresgeb/hippocampus/my_output/nmf/2024_dlpfc/go_plots/pattern_23_plots.pdf
[2025-09-19 14:33:48] Processing pattern 24...
[2025-09-19 14:33:51] Saved plots for pattern 24 to /zata/zippy/kresgeb/hippocampus/my_output/nmf/2024_dlpfc/go_plots/pattern_24_plots.pdf
[2025-09-19 14:33:51] Processing pattern 25...
[2025-09-19 14:33:57] Saved plots for pattern 25 to /zata/zippy/kresgeb/hippocampus/my_output/nmf/2024_dlpfc/go_plots/pattern_25_plots.pdf
[2025-09-19 14:33:57] Processing pattern 26...
[2025-09-19 14:33:57] No enriched terms for pattern 26.
[2025-09-19 14:33:57] Processing pattern 27...
[2025-09-19 14:34:03] Saved plots for pattern 27 to /zata/zippy/kresgeb/hippocampus/my_output/nmf/2024_dlpfc/go_plots/pattern_27_plots.pdf
[2025-09-19 14:34:03] Processing pattern 28...
[2025-09-19 14:34:18] Saved plots for pattern 28 to /zata/zippy/kresgeb/hippocampus/my_output/nmf/2024_dlpfc/go_plots/pattern_28_plots.pdf
[2025-09-19 14:34:18] Processing pattern 29...
[2025-09-19 14:34:25] Saved plots for pattern 29 to /zata/zippy/kresgeb/hippocampus/my_output/nmf/2024_dlpfc/go_plots/pattern_29_plots.pdf
[2025-09-19 14:34:25] Processing pattern 30...
[2025-09-19 14:34:27] Saved plots for pattern 30 to /zata/zippy/kresgeb/hippocampus/my_output/nmf/2024_dlpfc/go_plots/pattern_30_plots.pdf
[2025-09-19 14:34:27] Processing pattern 31...
[2025-09-19 14:34:32] Saved plots for pattern 31 to /zata/zippy/kresgeb/hippocampus/my_output/nmf/2024_dlpfc/go_plots/pattern_31_plots.pdf
[2025-09-19 14:34:32] Processing pattern 32...
[2025-09-19 14:34:38] Saved plots for pattern 32 to /zata/zippy/kresgeb/hippocampus/my_output/nmf/2024_dlpfc/go_plots/pattern_32_plots.pdf
[2025-09-19 14:34:38] Processing pattern 33...
[2025-09-19 14:34:47] Saved plots for pattern 33 to /zata/zippy/kresgeb/hippocampus/my_output/nmf/2024_dlpfc/go_plots/pattern_33_plots.pdf
[2025-09-19 14:34:47] Processing pattern 34...
[2025-09-19 14:34:48] Saved plots for pattern 34 to /zata/zippy/kresgeb/hippocampus/my_output/nmf/2024_dlpfc/go_plots/pattern_34_plots.pdf
[2025-09-19 14:34:48] Processing pattern 35...
[2025-09-19 14:35:06] Saved plots for pattern 35 to /zata/zippy/kresgeb/hippocampus/my_output/nmf/2024_dlpfc/go_plots/pattern_35_plots.pdf
[2025-09-19 14:35:06] Processing pattern 36...
[2025-09-19 14:35:09] Saved plots for pattern 36 to /zata/zippy/kresgeb/hippocampus/my_output/nmf/2024_dlpfc/go_plots/pattern_36_plots.pdf
[2025-09-19 14:35:09] Processing pattern 37...
[2025-09-19 14:35:24] Saved plots for pattern 37 to /zata/zippy/kresgeb/hippocampus/my_output/nmf/2024_dlpfc/go_plots/pattern_37_plots.pdf
[2025-09-19 14:35:24] Processing pattern 38...
[2025-09-19 14:35:43] Saved plots for pattern 38 to /zata/zippy/kresgeb/hippocampus/my_output/nmf/2024_dlpfc/go_plots/pattern_38_plots.pdf
[2025-09-19 14:35:43] Processing pattern 39...
[2025-09-19 14:36:02] Saved plots for pattern 39 to /zata/zippy/kresgeb/hippocampus/my_output/nmf/2024_dlpfc/go_plots/pattern_39_plots.pdf
[2025-09-19 14:36:02] Processing pattern 40...
[2025-09-19 14:36:20] Saved plots for pattern 40 to /zata/zippy/kresgeb/hippocampus/my_output/nmf/2024_dlpfc/go_plots/pattern_40_plots.pdf
[2025-09-19 14:36:20] Processing pattern 41...
[2025-09-19 14:36:32] Saved plots for pattern 41 to /zata/zippy/kresgeb/hippocampus/my_output/nmf/2024_dlpfc/go_plots/pattern_41_plots.pdf
[2025-09-19 14:36:32] Processing pattern 42...
[2025-09-19 14:36:32] No enriched terms for pattern 42.
[2025-09-19 14:36:32] Processing pattern 43...
[2025-09-19 14:36:32] No enriched terms for pattern 43.
[2025-09-19 14:36:32] Processing pattern 44...
[2025-09-19 14:36:37] Saved plots for pattern 44 to /zata/zippy/kresgeb/hippocampus/my_output/nmf/2024_dlpfc/go_plots/pattern_44_plots.pdf
[2025-09-19 14:36:37] Processing pattern 45...
[2025-09-19 14:36:44] Saved plots for pattern 45 to /zata/zippy/kresgeb/hippocampus/my_output/nmf/2024_dlpfc/go_plots/pattern_45_plots.pdf
[2025-09-19 14:36:44] Processing pattern 46...
[2025-09-19 14:36:48] Saved plots for pattern 46 to /zata/zippy/kresgeb/hippocampus/my_output/nmf/2024_dlpfc/go_plots/pattern_46_plots.pdf
[2025-09-19 14:36:48] Processing pattern 47...
[2025-09-19 14:36:52] Saved plots for pattern 47 to /zata/zippy/kresgeb/hippocampus/my_output/nmf/2024_dlpfc/go_plots/pattern_47_plots.pdf
[2025-09-19 14:36:52] Processing pattern 48...
[2025-09-19 14:37:10] Saved plots for pattern 48 to /zata/zippy/kresgeb/hippocampus/my_output/nmf/2024_dlpfc/go_plots/pattern_48_plots.pdf
[2025-09-19 14:37:10] Processing pattern 49...
[2025-09-19 14:37:23] Saved plots for pattern 49 to /zata/zippy/kresgeb/hippocampus/my_output/nmf/2024_dlpfc/go_plots/pattern_49_plots.pdf
[2025-09-19 14:37:23] Processing pattern 50...
[2025-09-19 14:37:37] Saved plots for pattern 50 to /zata/zippy/kresgeb/hippocampus/my_output/nmf/2024_dlpfc/go_plots/pattern_50_plots.pdf
[2025-09-19 14:37:37] Processing pattern 51...
[2025-09-19 14:37:54] Saved plots for pattern 51 to /zata/zippy/kresgeb/hippocampus/my_output/nmf/2024_dlpfc/go_plots/pattern_51_plots.pdf
[2025-09-19 14:37:54] Processing pattern 52...
[2025-09-19 14:38:01] Saved plots for pattern 52 to /zata/zippy/kresgeb/hippocampus/my_output/nmf/2024_dlpfc/go_plots/pattern_52_plots.pdf
[2025-09-19 14:38:01] Processing pattern 53...
[2025-09-19 14:38:07] Saved plots for pattern 53 to /zata/zippy/kresgeb/hippocampus/my_output/nmf/2024_dlpfc/go_plots/pattern_53_plots.pdf
[2025-09-19 14:38:07] Processing pattern 54...
[2025-09-19 14:38:10] Saved plots for pattern 54 to /zata/zippy/kresgeb/hippocampus/my_output/nmf/2024_dlpfc/go_plots/pattern_54_plots.pdf
[2025-09-19 14:38:10] Processing pattern 55...
[2025-09-19 14:38:10] No enriched terms for pattern 55.
[2025-09-19 14:38:10] Processing pattern 56...
[2025-09-19 14:38:10] No enriched terms for pattern 56.
[2025-09-19 14:38:10] Processing pattern 57...
[2025-09-19 14:38:10] No enriched terms for pattern 57.
[2025-09-19 14:38:10] Processing pattern 58...
[2025-09-19 14:38:16] Saved plots for pattern 58 to /zata/zippy/kresgeb/hippocampus/my_output/nmf/2024_dlpfc/go_plots/pattern_58_plots.pdf
[2025-09-19 14:38:16] Processing pattern 59...
[2025-09-19 14:38:16] No enriched terms for pattern 59.
[2025-09-19 14:38:16] Processing pattern 60...
[2025-09-19 14:38:33] Saved plots for pattern 60 to /zata/zippy/kresgeb/hippocampus/my_output/nmf/2024_dlpfc/go_plots/pattern_60_plots.pdf
[2025-09-19 14:38:33] Processing pattern 61...
[2025-09-19 14:38:33] No enriched terms for pattern 61.
[2025-09-19 14:38:33] Processing pattern 62...
[2025-09-19 14:38:36] Saved plots for pattern 62 to /zata/zippy/kresgeb/hippocampus/my_output/nmf/2024_dlpfc/go_plots/pattern_62_plots.pdf
[2025-09-19 14:38:36] Processing pattern 63...
[2025-09-19 14:38:38] Saved plots for pattern 63 to /zata/zippy/kresgeb/hippocampus/my_output/nmf/2024_dlpfc/go_plots/pattern_63_plots.pdf
[2025-09-19 14:38:38] Processing pattern 64...
[2025-09-19 14:38:38] No enriched terms for pattern 64.
[2025-09-19 14:38:38] Processing pattern 65...
[2025-09-19 14:38:38] No enriched terms for pattern 65.
[2025-09-19 14:38:38] Processing pattern 66...
[2025-09-19 14:38:52] Saved plots for pattern 66 to /zata/zippy/kresgeb/hippocampus/my_output/nmf/2024_dlpfc/go_plots/pattern_66_plots.pdf
[2025-09-19 14:38:52] Processing pattern 67...
[2025-09-19 14:38:52] No enriched terms for pattern 67.
[2025-09-19 14:38:52] Processing pattern 68...
[2025-09-19 14:38:52] No enriched terms for pattern 68.
[2025-09-19 14:38:52] Processing pattern 69...
[2025-09-19 14:38:52] No enriched terms for pattern 69.
[2025-09-19 14:38:52] Processing pattern 70...
[2025-09-19 14:38:52] No enriched terms for pattern 70.
[2025-09-19 14:38:52] Processing pattern 71...
[2025-09-19 14:38:56] Saved plots for pattern 71 to /zata/zippy/kresgeb/hippocampus/my_output/nmf/2024_dlpfc/go_plots/pattern_71_plots.pdf
[2025-09-19 14:38:56] Processing pattern 72...
[2025-09-19 14:38:59] Saved plots for pattern 72 to /zata/zippy/kresgeb/hippocampus/my_output/nmf/2024_dlpfc/go_plots/pattern_72_plots.pdf
[2025-09-19 14:38:59] Processing pattern 73...
[2025-09-19 14:38:59] No enriched terms for pattern 73.
[2025-09-19 14:38:59] Processing pattern 74...
[2025-09-19 14:38:59] No enriched terms for pattern 74.
[2025-09-19 14:38:59] Processing pattern 75...
[2025-09-19 14:38:59] No enriched terms for pattern 75.
[2025-09-19 14:38:59] Processing pattern 76...
[2025-09-19 14:39:09] Saved plots for pattern 76 to /zata/zippy/kresgeb/hippocampus/my_output/nmf/2024_dlpfc/go_plots/pattern_76_plots.pdf
[2025-09-19 14:39:09] Processing pattern 77...
[2025-09-19 14:39:09] No enriched terms for pattern 77.
[2025-09-19 14:39:09] Processing pattern 78...
[2025-09-19 14:39:30] Saved plots for pattern 78 to /zata/zippy/kresgeb/hippocampus/my_output/nmf/2024_dlpfc/go_plots/pattern_78_plots.pdf
[2025-09-19 14:39:30] Processing pattern 79...
[2025-09-19 14:39:34] Saved plots for pattern 79 to /zata/zippy/kresgeb/hippocampus/my_output/nmf/2024_dlpfc/go_plots/pattern_79_plots.pdf
[2025-09-19 14:39:34] Processing pattern 80...
[2025-09-19 14:39:38] Saved plots for pattern 80 to /zata/zippy/kresgeb/hippocampus/my_output/nmf/2024_dlpfc/go_plots/pattern_80_plots.pdf
[2025-09-22 12:54:56] ===== Starting GO Analysis =====
Loading objects:
  sce
[2025-09-22 12:57:23] Loaded snRNA-seq object 'sce' with 36601 genes and 77604 cells
Loading objects:
  x
[2025-09-22 12:57:27] Loaded NMF object 'x' with 36601 genes (W) and 80 patterns
[2025-09-22 12:57:27] No patterns marked for discard
[2025-09-22 12:57:27] Removing 20308 genes with no contribution across patterns
[2025-09-22 12:57:27] Example genes removed: MIR1302-2HG, FAM138A, OR4F5, AL627309.1, AL627309.3, AL627309.2
[2025-09-22 12:57:27] Filtering 13 mitochondrial genes
[2025-09-22 12:57:27] Filtering to 19394 protein-coding genes
[2025-09-22 12:57:27] Selecting genes based on > 1/num_genes contribution rule
[2025-09-22 12:57:27] Using threshold 0.000075 (1/13343 genes)
[2025-09-22 12:57:27] Pattern nmf1: selected 3971 genes above threshold
[2025-09-22 12:57:27] Pattern nmf2: selected 3941 genes above threshold
[2025-09-22 12:57:27] Pattern nmf3: selected 3493 genes above threshold
[2025-09-22 12:57:27] Pattern nmf4: selected 3638 genes above threshold
[2025-09-22 12:57:27] Pattern nmf5: selected 3397 genes above threshold
[2025-09-22 12:57:27] Pattern nmf6: selected 2966 genes above threshold
[2025-09-22 12:57:27] Pattern nmf7: selected 3674 genes above threshold
[2025-09-22 12:57:27] Pattern nmf8: selected 3130 genes above threshold
[2025-09-22 12:57:27] Pattern nmf9: selected 2766 genes above threshold
[2025-09-22 12:57:27] Pattern nmf10: selected 3703 genes above threshold
[2025-09-22 12:57:27] Pattern nmf11: selected 2986 genes above threshold
[2025-09-22 12:57:27] Pattern nmf12: selected 3084 genes above threshold
[2025-09-22 12:57:27] Pattern nmf13: selected 2067 genes above threshold
[2025-09-22 12:57:27] Pattern nmf14: selected 3757 genes above threshold
[2025-09-22 12:57:27] Pattern nmf15: selected 3061 genes above threshold
[2025-09-22 12:57:27] Pattern nmf16: selected 2802 genes above threshold
[2025-09-22 12:57:27] Pattern nmf17: selected 2634 genes above threshold
[2025-09-22 12:57:27] Pattern nmf18: selected 3216 genes above threshold
[2025-09-22 12:57:27] Pattern nmf19: selected 2087 genes above threshold
[2025-09-22 12:57:27] Pattern nmf20: selected 2876 genes above threshold
[2025-09-22 12:57:27] Pattern nmf21: selected 1850 genes above threshold
[2025-09-22 12:57:27] Pattern nmf22: selected 2848 genes above threshold
[2025-09-22 12:57:27] Pattern nmf23: selected 1988 genes above threshold
[2025-09-22 12:57:27] Pattern nmf24: selected 2868 genes above threshold
[2025-09-22 12:57:27] Pattern nmf25: selected 1938 genes above threshold
[2025-09-22 12:57:27] Pattern nmf26: selected 2699 genes above threshold
[2025-09-22 12:57:27] Pattern nmf27: selected 1764 genes above threshold
[2025-09-22 12:57:27] Pattern nmf28: selected 1693 genes above threshold
[2025-09-22 12:57:27] Pattern nmf29: selected 3469 genes above threshold
[2025-09-22 12:57:27] Pattern nmf30: selected 2608 genes above threshold
[2025-09-22 12:57:27] Pattern nmf31: selected 1443 genes above threshold
[2025-09-22 12:57:27] Pattern nmf32: selected 3318 genes above threshold
[2025-09-22 12:57:27] Pattern nmf33: selected 1425 genes above threshold
[2025-09-22 12:57:27] Pattern nmf34: selected 956 genes above threshold
[2025-09-22 12:57:27] Pattern nmf35: selected 3126 genes above threshold
[2025-09-22 12:57:27] Pattern nmf36: selected 2733 genes above threshold
[2025-09-22 12:57:27] Pattern nmf37: selected 2462 genes above threshold
[2025-09-22 12:57:27] Pattern nmf38: selected 901 genes above threshold
[2025-09-22 12:57:27] Pattern nmf39: selected 3367 genes above threshold
[2025-09-22 12:57:27] Pattern nmf40: selected 826 genes above threshold
[2025-09-22 12:57:27] Pattern nmf41: selected 1389 genes above threshold
[2025-09-22 12:57:27] Pattern nmf42: selected 2772 genes above threshold
[2025-09-22 12:57:27] Pattern nmf43: selected 1024 genes above threshold
[2025-09-22 12:57:27] Pattern nmf44: selected 3004 genes above threshold
[2025-09-22 12:57:27] Pattern nmf45: selected 939 genes above threshold
[2025-09-22 12:57:27] Pattern nmf46: selected 962 genes above threshold
[2025-09-22 12:57:27] Pattern nmf47: selected 2796 genes above threshold
[2025-09-22 12:57:27] Pattern nmf48: selected 3268 genes above threshold
[2025-09-22 12:57:27] Pattern nmf49: selected 1882 genes above threshold
[2025-09-22 12:57:27] Pattern nmf50: selected 2812 genes above threshold
[2025-09-22 12:57:27] Pattern nmf51: selected 726 genes above threshold
[2025-09-22 12:57:27] Pattern nmf52: selected 2842 genes above threshold
[2025-09-22 12:57:27] Pattern nmf53: selected 3248 genes above threshold
[2025-09-22 12:57:27] Pattern nmf54: selected 2710 genes above threshold
[2025-09-22 12:57:27] Pattern nmf55: selected 2699 genes above threshold
[2025-09-22 12:57:27] Pattern nmf56: selected 639 genes above threshold
[2025-09-22 12:57:27] Pattern nmf57: selected 669 genes above threshold
[2025-09-22 12:57:27] Pattern nmf58: selected 2115 genes above threshold
[2025-09-22 12:57:27] Pattern nmf59: selected 2451 genes above threshold
[2025-09-22 12:57:27] Pattern nmf60: selected 2918 genes above threshold
[2025-09-22 12:57:27] Pattern nmf61: selected 627 genes above threshold
[2025-09-22 12:57:27] Pattern nmf62: selected 616 genes above threshold
[2025-09-22 12:57:27] Pattern nmf63: selected 973 genes above threshold
[2025-09-22 12:57:27] Pattern nmf64: selected 1513 genes above threshold
[2025-09-22 12:57:27] Pattern nmf65: selected 639 genes above threshold
[2025-09-22 12:57:27] Pattern nmf66: selected 812 genes above threshold
[2025-09-22 12:57:27] Pattern nmf67: selected 624 genes above threshold
[2025-09-22 12:57:27] Pattern nmf68: selected 634 genes above threshold
[2025-09-22 12:57:27] Pattern nmf69: selected 2807 genes above threshold
[2025-09-22 12:57:27] Pattern nmf70: selected 663 genes above threshold
[2025-09-22 12:57:27] Pattern nmf71: selected 994 genes above threshold
[2025-09-22 12:57:27] Pattern nmf72: selected 466 genes above threshold
[2025-09-22 12:57:27] Pattern nmf73: selected 592 genes above threshold
[2025-09-22 12:57:27] Pattern nmf74: selected 602 genes above threshold
[2025-09-22 12:57:27] Pattern nmf75: selected 2774 genes above threshold
[2025-09-22 12:57:27] Pattern nmf76: selected 507 genes above threshold
[2025-09-22 12:57:27] Pattern nmf77: selected 529 genes above threshold
[2025-09-22 12:57:27] Pattern nmf78: selected 2573 genes above threshold
[2025-09-22 12:57:27] Pattern nmf79: selected 623 genes above threshold
[2025-09-22 12:57:27] Pattern nmf80: selected 776 genes above threshold
[2025-09-22 12:57:27] Finished selecting genes for 80 patterns
[2025-09-22 12:57:27] Running GO enrichment analysis for each pattern
[2025-09-22 12:57:27] Enriching GO for pattern nmf1 with 3971 genes
[2025-09-22 12:58:33] Enriching GO for pattern nmf2 with 3941 genes
[2025-09-22 12:59:05] Enriching GO for pattern nmf3 with 3493 genes
[2025-09-22 12:59:37] Enriching GO for pattern nmf4 with 3638 genes
[2025-09-22 13:00:10] Enriching GO for pattern nmf5 with 3397 genes
[2025-09-22 13:00:45] Enriching GO for pattern nmf6 with 2966 genes
[2025-09-22 13:01:13] Enriching GO for pattern nmf7 with 3674 genes
[2025-09-22 13:01:46] Enriching GO for pattern nmf8 with 3130 genes
[2025-09-22 13:02:16] Enriching GO for pattern nmf9 with 2766 genes
[2025-09-22 13:02:50] Enriching GO for pattern nmf10 with 3703 genes
[2025-09-22 13:03:21] Enriching GO for pattern nmf11 with 2986 genes
[2025-09-22 13:03:53] Enriching GO for pattern nmf12 with 3084 genes
[2025-09-22 13:04:26] Enriching GO for pattern nmf13 with 2067 genes
[2025-09-22 13:04:57] Enriching GO for pattern nmf14 with 3757 genes
[2025-09-22 13:05:28] Enriching GO for pattern nmf15 with 3061 genes
[2025-09-22 13:05:58] Enriching GO for pattern nmf16 with 2802 genes
[2025-09-22 13:06:29] Enriching GO for pattern nmf17 with 2634 genes
[2025-09-22 13:06:59] Enriching GO for pattern nmf18 with 3216 genes
[2025-09-22 13:07:32] Enriching GO for pattern nmf19 with 2087 genes
[2025-09-22 13:08:01] Enriching GO for pattern nmf20 with 2876 genes
[2025-09-22 13:08:36] Enriching GO for pattern nmf21 with 1850 genes
[2025-09-22 13:09:07] Enriching GO for pattern nmf22 with 2848 genes
[2025-09-22 13:09:40] Enriching GO for pattern nmf23 with 1988 genes
[2025-09-22 13:10:10] Enriching GO for pattern nmf24 with 2868 genes
[2025-09-22 13:10:45] Enriching GO for pattern nmf25 with 1938 genes
[2025-09-22 13:11:14] Enriching GO for pattern nmf26 with 2699 genes
[2025-09-22 13:11:46] Enriching GO for pattern nmf27 with 1764 genes
[2025-09-22 13:12:18] Enriching GO for pattern nmf28 with 1693 genes
[2025-09-22 13:12:50] Enriching GO for pattern nmf29 with 3469 genes
[2025-09-22 13:13:23] Enriching GO for pattern nmf30 with 2608 genes
[2025-09-22 13:14:01] Enriching GO for pattern nmf31 with 1443 genes
[2025-09-22 13:14:31] Enriching GO for pattern nmf32 with 3318 genes
[2025-09-22 13:15:09] Enriching GO for pattern nmf33 with 1425 genes
[2025-09-22 13:15:43] Enriching GO for pattern nmf34 with 956 genes
[2025-09-22 13:16:14] Enriching GO for pattern nmf35 with 3126 genes
[2025-09-22 13:16:47] Enriching GO for pattern nmf36 with 2733 genes
[2025-09-22 13:17:25] Enriching GO for pattern nmf37 with 2462 genes
[2025-09-22 13:17:56] Enriching GO for pattern nmf38 with 901 genes
[2025-09-22 13:18:24] Enriching GO for pattern nmf39 with 3367 genes
[2025-09-22 13:19:03] Enriching GO for pattern nmf40 with 826 genes
[2025-09-22 13:19:39] Enriching GO for pattern nmf41 with 1389 genes
[2025-09-22 13:20:10] Enriching GO for pattern nmf42 with 2772 genes
[2025-09-22 13:20:44] Enriching GO for pattern nmf43 with 1024 genes
[2025-09-22 13:21:14] Enriching GO for pattern nmf44 with 3004 genes
[2025-09-22 13:21:51] Enriching GO for pattern nmf45 with 939 genes
[2025-09-22 13:22:22] Enriching GO for pattern nmf46 with 962 genes
[2025-09-22 13:22:55] Enriching GO for pattern nmf47 with 2796 genes
[2025-09-22 13:23:39] Enriching GO for pattern nmf48 with 3268 genes
[2025-09-22 13:24:11] Enriching GO for pattern nmf49 with 1882 genes
[2025-09-22 13:24:40] Enriching GO for pattern nmf50 with 2812 genes
[2025-09-22 13:25:16] Enriching GO for pattern nmf51 with 726 genes
[2025-09-22 13:25:51] Enriching GO for pattern nmf52 with 2842 genes
[2025-09-22 13:26:22] Enriching GO for pattern nmf53 with 3248 genes
[2025-09-22 13:27:00] Enriching GO for pattern nmf54 with 2710 genes
[2025-09-22 13:27:37] Enriching GO for pattern nmf55 with 2699 genes
[2025-09-22 13:28:14] Enriching GO for pattern nmf56 with 639 genes
[2025-09-22 13:28:42] Enriching GO for pattern nmf57 with 669 genes
[2025-09-22 13:29:07] Enriching GO for pattern nmf58 with 2115 genes
[2025-09-22 13:29:38] Enriching GO for pattern nmf59 with 2451 genes
[2025-09-22 13:30:05] Enriching GO for pattern nmf60 with 2918 genes
[2025-09-22 13:30:37] Enriching GO for pattern nmf61 with 627 genes
[2025-09-22 13:31:04] Enriching GO for pattern nmf62 with 616 genes
[2025-09-22 13:31:31] Enriching GO for pattern nmf63 with 973 genes
[2025-09-22 13:31:59] Enriching GO for pattern nmf64 with 1513 genes
[2025-09-22 13:32:28] Enriching GO for pattern nmf65 with 639 genes
[2025-09-22 13:32:53] Enriching GO for pattern nmf66 with 812 genes
[2025-09-22 13:33:23] Enriching GO for pattern nmf67 with 624 genes
[2025-09-22 13:33:50] Enriching GO for pattern nmf68 with 634 genes
[2025-09-22 13:34:18] Enriching GO for pattern nmf69 with 2807 genes
[2025-09-22 13:34:49] Enriching GO for pattern nmf70 with 663 genes
[2025-09-22 13:35:22] Enriching GO for pattern nmf71 with 994 genes
[2025-09-22 13:35:52] Enriching GO for pattern nmf72 with 466 genes
[2025-09-22 13:36:22] Enriching GO for pattern nmf73 with 592 genes
[2025-09-22 13:36:46] Enriching GO for pattern nmf74 with 602 genes
[2025-09-22 13:37:15] Enriching GO for pattern nmf75 with 2774 genes
[2025-09-22 13:37:46] Enriching GO for pattern nmf76 with 507 genes
[2025-09-22 13:38:22] Enriching GO for pattern nmf77 with 529 genes
[2025-09-22 13:38:45] Enriching GO for pattern nmf78 with 2573 genes
[2025-09-22 13:39:16] Enriching GO for pattern nmf79 with 623 genes
[2025-09-22 13:39:43] Enriching GO for pattern nmf80 with 776 genes
[2025-09-22 13:41:30] Saved GO enrichment results to /zata/zippy/kresgeb/hippocampus/my_output/nmf/2024_dlpfc/go_analysis_k_80_one_over.rda
[2025-09-22 13:41:30] ===== Session Info =====
R version 4.4.2 (2024-10-31)
Platform: x86_64-pc-linux-gnu
Running under: Ubuntu 22.04.5 LTS

Matrix products: default
BLAS:   /usr/lib/x86_64-linux-gnu/blas/libblas.so.3.10.0 
LAPACK: /usr/lib/x86_64-linux-gnu/lapack/liblapack.so.3.10.0

locale:
[1] C

time zone: America/New_York
tzcode source: system (glibc)

attached base packages:
[1] stats4    stats     graphics  grDevices utils     datasets  methods   base     

other attached packages:
 [1] SingleCellExperiment_1.28.1 SummarizedExperiment_1.36.0 GenomicRanges_1.58.0        GenomeInfoDb_1.42.1        
 [5] MatrixGenerics_1.18.0       matrixStats_1.5.0           sessioninfo_1.2.2           clusterProfiler_4.14.6     
 [9] org.Hs.eg.db_3.20.0         AnnotationDbi_1.68.0        IRanges_2.40.1              S4Vectors_0.44.0           
[13] Biobase_2.66.0              BiocGenerics_0.52.0         dplyr_1.1.4                 RcppML_0.5.5               
[17] patchwork_1.3.2             ggwordcloud_0.6.2           ggplot2_4.0.0              

loaded via a namespace (and not attached):
  [1] DBI_1.2.3               gson_0.1.0              rlang_1.1.6             magrittr_2.0.4         
  [5] DOSE_4.0.1              compiler_4.4.2          RSQLite_2.4.2           png_0.1-8              
  [9] systemfonts_1.2.3       vctrs_0.6.5             reshape2_1.4.4          stringr_1.5.2          
 [13] pkgconfig_2.0.3         crayon_1.5.3            fastmap_1.2.0           XVector_0.46.0         
 [17] labeling_0.4.3          markdown_1.13           enrichplot_1.26.6       UCSC.utils_1.2.0       
 [21] ragg_1.4.0              purrr_1.1.0             bit_4.6.0               xfun_0.53              
 [25] zlibbioc_1.52.0         cachem_1.1.0            aplot_0.2.9             jsonlite_2.0.0         
 [29] blob_1.2.4              DelayedArray_0.32.0     uuid_1.2-1              BiocParallel_1.40.0    
 [33] parallel_4.4.2          R6_2.6.1                stringi_1.8.7           RColorBrewer_1.1-3     
 [37] GOSemSim_2.32.0         Rcpp_1.1.0              knitr_1.50              ggtangle_0.0.7         
 [41] R.utils_2.12.3          Matrix_1.7-1            splines_4.4.2           igraph_2.1.4           
 [45] tidyselect_1.2.1        abind_1.4-8             qvalue_2.38.0           codetools_0.2-19       
 [49] lattice_0.22-5          tibble_3.3.0            plyr_1.8.9              treeio_1.30.0          
 [53] withr_3.0.2             KEGGREST_1.46.0         S7_0.2.0                evaluate_1.0.5         
 [57] gridGraphics_0.5-1      xml2_1.3.6              RcppEigen_0.3.4.0.2     Biostrings_2.74.1      
 [61] pillar_1.11.1           ggtree_3.99.0           ggfun_0.2.0             generics_0.1.4         
 [65] commonmark_2.0.0        scales_1.4.0            tidytree_0.4.6          glue_1.8.0             
 [69] lazyeval_0.2.2          tools_4.4.2             data.table_1.17.8       fgsea_1.32.4           
 [73] ggiraph_0.9.1           fs_1.6.6                fastmatch_1.1-6         cowplot_1.2.0          
 [77] grid_4.4.2              tidyr_1.3.1             ape_5.8-1               colorspace_2.1-1       
 [81] nlme_3.1-166            GenomeInfoDbData_1.2.13 cli_3.6.5               rappdirs_0.3.3         
 [85] textshaping_1.0.1       S4Arrays_1.6.0          gtable_0.3.6            R.methodsS3_1.8.2      
 [89] yulab.utils_0.2.1       digest_0.6.37           SparseArray_1.6.0       ggrepel_0.9.6          
 [93] ggplotify_0.1.2         htmlwidgets_1.6.4       farver_2.1.2            htmltools_0.5.8.1      
 [97] memoise_2.0.1           R.oo_1.27.0             lifecycle_1.0.4         httr_1.4.7             
[101] GO.db_3.20.0            gridtext_0.1.5          bit64_4.6.0-1          
- Session info ----------------------------------------------------------------------------------------------------------------------------------------------------------------------
 setting  value
 version  R version 4.4.2 (2024-10-31)
 os       Ubuntu 22.04.5 LTS
 system   x86_64, linux-gnu
 ui       X11
 language (EN)
 collate  C
 ctype    C
 tz       America/New_York
 date     2025-09-22
 pandoc   2.9.2.1 @ /usr/bin/pandoc

- Packages --------------------------------------------------------------------------------------------------------------------------------------------------------------------------
 package              * version   date (UTC) lib source
 abind                  1.4-8     2024-09-12 [1] CRAN (R 4.4.2)
 AnnotationDbi        * 1.68.0    2024-10-29 [1] Bioconductor 3.20 (R 4.4.2)
 ape                    5.8-1     2024-12-16 [1] CRAN (R 4.4.2)
 aplot                  0.2.9     2025-09-12 [1] CRAN (R 4.4.2)
 Biobase              * 2.66.0    2024-10-29 [1] Bioconductor 3.20 (R 4.4.2)
 BiocGenerics         * 0.52.0    2024-10-29 [1] Bioconductor 3.20 (R 4.4.2)
 BiocParallel           1.40.0    2024-10-29 [1] Bioconductor 3.20 (R 4.4.2)
 Biostrings             2.74.1    2024-12-16 [1] Bioconductor 3.20 (R 4.4.2)
 bit                    4.6.0     2025-03-06 [1] CRAN (R 4.4.2)
 bit64                  4.6.0-1   2025-01-16 [1] CRAN (R 4.4.2)
 blob                   1.2.4     2023-03-17 [1] CRAN (R 4.4.2)
 cachem                 1.1.0     2024-05-16 [1] CRAN (R 4.4.2)
 cli                    3.6.5     2025-04-23 [1] CRAN (R 4.4.2)
 clusterProfiler      * 4.14.6    2025-02-27 [1] Bioconductor 3.20 (R 4.4.2)
 codetools              0.2-19    2023-02-01 [3] CRAN (R 4.2.2)
 colorspace             2.1-1     2024-07-26 [1] CRAN (R 4.4.2)
 commonmark             2.0.0     2025-07-07 [1] CRAN (R 4.4.2)
 cowplot                1.2.0     2025-07-07 [1] CRAN (R 4.4.2)
 crayon                 1.5.3     2024-06-20 [1] CRAN (R 4.4.2)
 data.table             1.17.8    2025-07-10 [1] CRAN (R 4.4.2)
 DBI                    1.2.3     2024-06-02 [1] CRAN (R 4.4.2)
 DelayedArray           0.32.0    2024-10-29 [1] Bioconductor 3.20 (R 4.4.2)
 digest                 0.6.37    2024-08-19 [1] CRAN (R 4.4.2)
 DOSE                   4.0.1     2025-03-27 [1] Bioconductor 3.20 (R 4.4.2)
 dplyr                * 1.1.4     2023-11-17 [1] CRAN (R 4.4.2)
 enrichplot             1.26.6    2025-01-09 [1] Bioconductor 3.20 (R 4.4.2)
 evaluate               1.0.5     2025-08-27 [1] CRAN (R 4.4.2)
 farver                 2.1.2     2024-05-13 [1] CRAN (R 4.4.2)
 fastmap                1.2.0     2024-05-15 [1] CRAN (R 4.4.2)
 fastmatch              1.1-6     2024-12-23 [1] CRAN (R 4.4.2)
 fgsea                  1.32.4    2025-03-20 [1] Bioconductor 3.20 (R 4.4.2)
 fs                     1.6.6     2025-04-12 [1] CRAN (R 4.4.2)
 generics               0.1.4     2025-05-09 [1] CRAN (R 4.4.2)
 GenomeInfoDb         * 1.42.1    2024-11-28 [1] Bioconductor 3.20 (R 4.4.2)
 GenomeInfoDbData       1.2.13    2025-01-10 [1] Bioconductor
 GenomicRanges        * 1.58.0    2024-10-29 [1] Bioconductor 3.20 (R 4.4.2)
 ggfun                  0.2.0     2025-07-15 [1] CRAN (R 4.4.2)
 ggiraph                0.9.1     2025-09-16 [1] CRAN (R 4.4.2)
 ggplot2              * 4.0.0     2025-09-11 [1] CRAN (R 4.4.2)
 ggplotify              0.1.2     2023-08-09 [1] CRAN (R 4.4.2)
 ggrepel                0.9.6     2024-09-07 [1] CRAN (R 4.4.2)
 ggtangle               0.0.7     2025-06-30 [1] CRAN (R 4.4.2)
 ggtree                 3.99.0    2025-09-18 [1] Github (YuLab-SMU/ggtree@3798e55)
 ggwordcloud          * 0.6.2     2024-05-30 [1] CRAN (R 4.4.2)
 glue                   1.8.0     2024-09-30 [1] CRAN (R 4.4.2)
 GO.db                  3.20.0    2025-09-18 [1] Bioconductor
 GOSemSim               2.32.0    2024-10-29 [1] Bioconductor 3.20 (R 4.4.2)
 gridGraphics           0.5-1     2020-12-13 [1] CRAN (R 4.4.2)
 gridtext               0.1.5     2022-09-16 [1] CRAN (R 4.4.2)
 gson                   0.1.0     2023-03-07 [1] CRAN (R 4.4.2)
 gtable                 0.3.6     2024-10-25 [1] CRAN (R 4.4.2)
 htmltools              0.5.8.1   2024-04-04 [1] CRAN (R 4.4.2)
 htmlwidgets            1.6.4     2023-12-06 [1] CRAN (R 4.4.2)
 httr                   1.4.7     2023-08-15 [1] CRAN (R 4.4.2)
 igraph                 2.1.4     2025-01-23 [1] CRAN (R 4.4.2)
 IRanges              * 2.40.1    2024-12-05 [1] Bioconductor 3.20 (R 4.4.2)
 jsonlite               2.0.0     2025-03-27 [1] CRAN (R 4.4.2)
 KEGGREST               1.46.0    2024-10-29 [1] Bioconductor 3.20 (R 4.4.2)
 knitr                  1.50      2025-03-16 [1] CRAN (R 4.4.2)
 labeling               0.4.3     2023-08-29 [1] CRAN (R 4.4.2)
 lattice                0.22-5    2023-10-24 [3] CRAN (R 4.3.1)
 lazyeval               0.2.2     2019-03-15 [1] CRAN (R 4.4.2)
 lifecycle              1.0.4     2023-11-07 [1] CRAN (R 4.4.2)
 magrittr               2.0.4     2025-09-12 [1] CRAN (R 4.4.2)
 markdown               1.13      2024-06-04 [1] CRAN (R 4.4.2)
 Matrix                 1.7-1     2024-10-18 [3] CRAN (R 4.4.1)
 MatrixGenerics       * 1.18.0    2024-10-29 [1] Bioconductor 3.20 (R 4.4.2)
 matrixStats          * 1.5.0     2025-01-07 [1] CRAN (R 4.4.2)
 memoise                2.0.1     2021-11-26 [1] CRAN (R 4.4.2)
 nlme                   3.1-166   2024-08-14 [3] CRAN (R 4.4.2)
 org.Hs.eg.db         * 3.20.0    2025-01-10 [1] Bioconductor
 patchwork            * 1.3.2     2025-08-25 [1] CRAN (R 4.4.2)
 pillar                 1.11.1    2025-09-17 [1] CRAN (R 4.4.2)
 pkgconfig              2.0.3     2019-09-22 [1] CRAN (R 4.4.2)
 plyr                   1.8.9     2023-10-02 [1] CRAN (R 4.4.2)
 png                    0.1-8     2022-11-29 [1] CRAN (R 4.4.2)
 purrr                  1.1.0     2025-07-10 [1] CRAN (R 4.4.2)
 qvalue                 2.38.0    2024-10-29 [1] Bioconductor 3.20 (R 4.4.2)
 R.methodsS3            1.8.2     2022-06-13 [1] CRAN (R 4.4.2)
 R.oo                   1.27.0    2024-11-01 [1] CRAN (R 4.4.2)
 R.utils                2.12.3    2023-11-18 [1] CRAN (R 4.4.2)
 R6                     2.6.1     2025-02-15 [1] CRAN (R 4.4.2)
 ragg                   1.4.0     2025-04-10 [1] CRAN (R 4.4.2)
 rappdirs               0.3.3     2021-01-31 [1] CRAN (R 4.4.2)
 RColorBrewer           1.1-3     2022-04-03 [1] CRAN (R 4.4.2)
 Rcpp                   1.1.0     2025-07-02 [1] CRAN (R 4.4.2)
 RcppEigen              0.3.4.0.2 2024-08-24 [1] CRAN (R 4.4.2)
 RcppML               * 0.5.5     2025-09-09 [1] Github (zdebruine/RcppML@c997bcd)
 reshape2               1.4.4     2020-04-09 [1] CRAN (R 4.4.2)
 rlang                  1.1.6     2025-04-11 [1] CRAN (R 4.4.2)
 RSQLite                2.4.2     2025-07-18 [1] CRAN (R 4.4.2)
 S4Arrays               1.6.0     2024-10-29 [1] Bioconductor 3.20 (R 4.4.2)
 S4Vectors            * 0.44.0    2024-10-29 [1] Bioconductor 3.20 (R 4.4.2)
 S7                     0.2.0     2024-11-07 [1] CRAN (R 4.4.2)
 scales                 1.4.0     2025-04-24 [1] CRAN (R 4.4.2)
 sessioninfo          * 1.2.2     2021-12-06 [1] CRAN (R 4.4.2)
 SingleCellExperiment * 1.28.1    2024-11-10 [1] Bioconductor 3.20 (R 4.4.2)
 SparseArray            1.6.0     2024-10-29 [1] Bioconductor 3.20 (R 4.4.2)
 stringi                1.8.7     2025-03-27 [1] CRAN (R 4.4.2)
 stringr                1.5.2     2025-09-08 [1] CRAN (R 4.4.2)
 SummarizedExperiment * 1.36.0    2024-10-29 [1] Bioconductor 3.20 (R 4.4.2)
 systemfonts            1.2.3     2025-04-30 [1] CRAN (R 4.4.2)
 textshaping            1.0.1     2025-05-01 [1] CRAN (R 4.4.2)
 tibble                 3.3.0     2025-06-08 [1] CRAN (R 4.4.2)
 tidyr                  1.3.1     2024-01-24 [1] CRAN (R 4.4.2)
 tidyselect             1.2.1     2024-03-11 [1] CRAN (R 4.4.2)
 tidytree               0.4.6     2023-12-12 [1] CRAN (R 4.4.2)
 treeio                 1.30.0    2024-10-29 [1] Bioconductor 3.20 (R 4.4.2)
 UCSC.utils             1.2.0     2024-10-29 [1] Bioconductor 3.20 (R 4.4.2)
 uuid                   1.2-1     2024-07-29 [1] CRAN (R 4.4.2)
 vctrs                  0.6.5     2023-12-01 [1] CRAN (R 4.4.2)
 withr                  3.0.2     2024-10-28 [1] CRAN (R 4.4.2)
 xfun                   0.53      2025-08-19 [1] CRAN (R 4.4.2)
 xml2                   1.3.6     2023-12-04 [1] CRAN (R 4.4.2)
 XVector                0.46.0    2024-10-29 [1] Bioconductor 3.20 (R 4.4.2)
 yulab.utils            0.2.1     2025-08-19 [1] CRAN (R 4.4.2)
 zlibbioc               1.52.0    2024-10-29 [1] Bioconductor 3.20 (R 4.4.2)

 [1] /usr/local/lib/R/site-library
 [2] /usr/lib/R/site-library
 [3] /usr/lib/R/library

-------------------------------------------------------------------------------------------------------------------------------------------------------------------------------------
[2025-09-22 13:41:31] ===== Finished GO Analysis =====
a/zippy/kresgeb/hippocampus/my_output/nmf/2024_dlpfc/go_analysis_k_80_one_over.rda
[2025-09-22 13:41:30] ===== Session Info =====
R version 4.4.2 (2024-10-31)
Platform: x86_64-pc-linux-gnu
Running under: Ubuntu 22.04.5 LTS

Matrix products: default
BLAS:   /usr/lib/x86_64-linux-gnu/blas/libblas.so.3.10.0 
LAPACK: /usr/lib/x86_64-linux-gnu/lapack/liblapack.so.3.10.0

locale:
[1] C

time zone: America/New_York
tzcode source: system (glibc)

attached base packages:
[1] stats4    stats     graphics  grDevices utils     datasets  methods   base     

other attached packages:
 [1] SingleCellExperiment_1.28.1 SummarizedExperiment_1.36.0 GenomicRanges_1.58.0        GenomeInfoDb_1.42.1        
 [5] MatrixGenerics_1.18.0       matrixStats_1.5.0           sessioninfo_1.2.2           clusterProfiler_4.14.6     
 [9] org.Hs.eg.db_3.20.0         AnnotationDbi_1.68.0        IRanges_2.40.1              S4Vectors_0.44.0           
[13] Biobase_2.66.0              BiocGenerics_0.52.0         dplyr_1.1.4                 RcppML_0.5.5               
[17] patchwork_1.3.2             ggwordcloud_0.6.2           ggplot2_4.0.0              

loaded via a namespace (and not attached):
  [1] DBI_1.2.3               gson_0.1.0              rlang_1.1.6             magrittr_2.0.4         
  [5] DOSE_4.0.1              compiler_4.4.2          RSQLite_2.4.2           png_0.1-8              
  [9] systemfonts_1.2.3       vctrs_0.6.5             reshape2_1.4.4          stringr_1.5.2          
 [13] pkgconfig_2.0.3         crayon_1.5.3            fastmap_1.2.0           XVector_0.46.0         
 [17] labeling_0.4.3          markdown_1.13           enrichplot_1.26.6       UCSC.utils_1.2.0       
 [21] ragg_1.4.0              purrr_1.1.0             bit_4.6.0               xfun_0.53              
 [25] zlibbioc_1.52.0         cachem_1.1.0            aplot_0.2.9             jsonlite_2.0.0         
 [29] blob_1.2.4              DelayedArray_0.32.0     uuid_1.2-1              BiocParallel_1.40.0    
 [33] parallel_4.4.2          R6_2.6.1                stringi_1.8.7           RColorBrewer_1.1-3     
 [37] GOSemSim_2.32.0         Rcpp_1.1.0              knitr_1.50              ggtangle_0.0.7         
 [41] R.utils_2.12.3          Matrix_1.7-1            splines_4.4.2           igraph_2.1.4           
 [45] tidyselect_1.2.1        abind_1.4-8             qvalue_2.38.0           codetools_0.2-19       
 [49] lattice_0.22-5          tibble_3.3.0            plyr_1.8.9              treeio_1.30.0          
 [53] withr_3.0.2             KEGGREST_1.46.0         S7_0.2.0                evaluate_1.0.5         
 [57] gridGraphics_0.5-1      xml2_1.3.6              RcppEigen_0.3.4.0.2     Biostrings_2.74.1      
 [61] pillar_1.11.1           ggtree_3.99.0           ggfun_0.2.0             generics_0.1.4         
 [65] commonmark_2.0.0        scales_1.4.0            tidytree_0.4.6          glue_1.8.0             
 [69] lazyeval_0.2.2          tools_4.4.2             data.table_1.17.8       fgsea_1.32.4           
 [73] ggiraph_0.9.1           fs_1.6.6                fastmatch_1.1-6         cowplot_1.2.0          
 [77] grid_4.4.2              tidyr_1.3.1             ape_5.8-1               colorspace_2.1-1       
 [81] nlme_3.1-166            GenomeInfoDbData_1.2.13 cli_3.6.5               rappdirs_0.3.3         
 [85] textshaping_1.0.1       S4Arrays_1.6.0          gtable_0.3.6            R.methodsS3_1.8.2      
 [89] yulab.utils_0.2.1       digest_0.6.37           SparseArray_1.6.0       ggrepel_0.9.6          
 [93] ggplotify_0.1.2         htmlwidgets_1.6.4       farver_2.1.2            htmltools_0.5.8.1      
 [97] memoise_2.0.1           R.oo_1.27.0             lifecycle_1.0.4         httr_1.4.7             
[101] GO.db_3.20.0            gridtext_0.1.5          bit64_4.6.0-1          
- Session info ----------------------------------------------------------------------------------------------------------------------------------------------------------------------
 setting  value
 version  R version 4.4.2 (2024-10-31)
 os       Ubuntu 22.04.5 LTS
 system   x86_64, linux-gnu
 ui       X11
 language (EN)
 collate  C
 ctype    C
 tz       America/New_York
 date     2025-09-22
 pandoc   2.9.2.1 @ /usr/bin/pandoc

- Packages --------------------------------------------------------------------------------------------------------------------------------------------------------------------------
 package              * version   date (UTC) lib source
 abind                  1.4-8     2024-09-12 [1] CRAN (R 4.4.2)
 AnnotationDbi        * 1.68.0    2024-10-29 [1] Bioconductor 3.20 (R 4.4.2)
 ape                    5.8-1     2024-12-16 [1] CRAN (R 4.4.2)
 aplot                  0.2.9     2025-09-12 [1] CRAN (R 4.4.2)
 Biobase              * 2.66.0    2024-10-29 [1] Bioconductor 3.20 (R 4.4.2)
 BiocGenerics         * 0.52.0    2024-10-29 [1] Bioconductor 3.20 (R 4.4.2)
 BiocParallel           1.40.0    2024-10-29 [1] Bioconductor 3.20 (R 4.4.2)
 Biostrings             2.74.1    2024-12-16 [1] Bioconductor 3.20 (R 4.4.2)
 bit                    4.6.0     2025-03-06 [1] CRAN (R 4.4.2)
 bit64                  4.6.0-1   2025-01-16 [1] CRAN (R 4.4.2)
 blob                   1.2.4     2023-03-17 [1] CRAN (R 4.4.2)
 cachem                 1.1.0     2024-05-16 [1] CRAN (R 4.4.2)
 cli                    3.6.5     2025-04-23 [1] CRAN (R 4.4.2)
 clusterProfiler      * 4.14.6    2025-02-27 [1] Bioconductor 3.20 (R 4.4.2)
 codetools              0.2-19    2023-02-01 [3] CRAN (R 4.2.2)
 colorspace             2.1-1     2024-07-26 [1] CRAN (R 4.4.2)
 commonmark             2.0.0     2025-07-07 [1] CRAN (R 4.4.2)
 cowplot                1.2.0     2025-07-07 [1] CRAN (R 4.4.2)
 crayon                 1.5.3     2024-06-20 [1] CRAN (R 4.4.2)
 data.table             1.17.8    2025-07-10 [1] CRAN (R 4.4.2)
 DBI                    1.2.3     2024-06-02 [1] CRAN (R 4.4.2)
 DelayedArray           0.32.0    2024-10-29 [1] Bioconductor 3.20 (R 4.4.2)
 digest                 0.6.37    2024-08-19 [1] CRAN (R 4.4.2)
 DOSE                   4.0.1     2025-03-27 [1] Bioconductor 3.20 (R 4.4.2)
 dplyr                * 1.1.4     2023-11-17 [1] CRAN (R 4.4.2)
 enrichplot             1.26.6    2025-01-09 [1] Bioconductor 3.20 (R 4.4.2)
 evaluate               1.0.5     2025-08-27 [1] CRAN (R 4.4.2)
 farver                 2.1.2     2024-05-13 [1] CRAN (R 4.4.2)
 fastmap                1.2.0     2024-05-15 [1] CRAN (R 4.4.2)
 fastmatch              1.1-6     2024-12-23 [1] CRAN (R 4.4.2)
 fgsea                  1.32.4    2025-03-20 [1] Bioconductor 3.20 (R 4.4.2)
 fs                     1.6.6     2025-04-12 [1] CRAN (R 4.4.2)
 generics               0.1.4     2025-05-09 [1] CRAN (R 4.4.2)
 GenomeInfoDb         * 1.42.1    2024-11-28 [1] Bioconductor 3.20 (R 4.4.2)
 GenomeInfoDbData       1.2.13    2025-01-10 [1] Bioconductor
 GenomicRanges        * 1.58.0    2024-10-29 [1] Bioconductor 3.20 (R 4.4.2)
 ggfun                  0.2.0     2025-07-15 [1] CRAN (R 4.4.2)
 ggiraph                0.9.1     2025-09-16 [1] CRAN (R 4.4.2)
 ggplot2              * 4.0.0     2025-09-11 [1] CRAN (R 4.4.2)
 ggplotify              0.1.2     2023-08-09 [1] CRAN (R 4.4.2)
 ggrepel                0.9.6     2024-09-07 [1] CRAN (R 4.4.2)
 ggtangle               0.0.7     2025-06-30 [1] CRAN (R 4.4.2)
 ggtree                 3.99.0    2025-09-18 [1] Github (YuLab-SMU/ggtree@3798e55)
 ggwordcloud          * 0.6.2     2024-05-30 [1] CRAN (R 4.4.2)
 glue                   1.8.0     2024-09-30 [1] CRAN (R 4.4.2)
 GO.db                  3.20.0    2025-09-18 [1] Bioconductor
 GOSemSim               2.32.0    2024-10-29 [1] Bioconductor 3.20 (R 4.4.2)
 gridGraphics           0.5-1     2020-12-13 [1] CRAN (R 4.4.2)
 gridtext               0.1.5     2022-09-16 [1] CRAN (R 4.4.2)
 gson                   0.1.0     2023-03-07 [1] CRAN (R 4.4.2)
 gtable                 0.3.6     2024-10-25 [1] CRAN (R 4.4.2)
 htmltools              0.5.8.1   2024-04-04 [1] CRAN (R 4.4.2)
 htmlwidgets            1.6.4     2023-12-06 [1] CRAN (R 4.4.2)
 httr                   1.4.7     2023-08-15 [1] CRAN (R 4.4.2)
 igraph                 2.1.4     2025-01-23 [1] CRAN (R 4.4.2)
 IRanges              * 2.40.1    2024-12-05 [1] Bioconductor 3.20 (R 4.4.2)
 jsonlite               2.0.0     2025-03-27 [1] CRAN (R 4.4.2)
 KEGGREST               1.46.0    2024-10-29 [1] Bioconductor 3.20 (R 4.4.2)
 knitr                  1.50      2025-03-16 [1] CRAN (R 4.4.2)
 labeling               0.4.3     2023-08-29 [1] CRAN (R 4.4.2)
 lattice                0.22-5    2023-10-24 [3] CRAN (R 4.3.1)
 lazyeval               0.2.2     2019-03-15 [1] CRAN (R 4.4.2)
 lifecycle              1.0.4     2023-11-07 [1] CRAN (R 4.4.2)
 magrittr               2.0.4     2025-09-12 [1] CRAN (R 4.4.2)
 markdown               1.13      2024-06-04 [1] CRAN (R 4.4.2)
 Matrix                 1.7-1     2024-10-18 [3] CRAN (R 4.4.1)
 MatrixGenerics       * 1.18.0    2024-10-29 [1] Bioconductor 3.20 (R 4.4.2)
 matrixStats          * 1.5.0     2025-01-07 [1] CRAN (R 4.4.2)
 memoise                2.0.1     2021-11-26 [1] CRAN (R 4.4.2)
 nlme                   3.1-166   2024-08-14 [3] CRAN (R 4.4.2)
 org.Hs.eg.db         * 3.20.0    2025-01-10 [1] Bioconductor
 patchwork            * 1.3.2     2025-08-25 [1] CRAN (R 4.4.2)
 pillar                 1.11.1    2025-09-17 [1] CRAN (R 4.4.2)
 pkgconfig              2.0.3     2019-09-22 [1] CRAN (R 4.4.2)
 plyr                   1.8.9     2023-10-02 [1] CRAN (R 4.4.2)
 png                    0.1-8     2022-11-29 [1] CRAN (R 4.4.2)
 purrr                  1.1.0     2025-07-10 [1] CRAN (R 4.4.2)
 qvalue                 2.38.0    2024-10-29 [1] Bioconductor 3.20 (R 4.4.2)
 R.methodsS3            1.8.2     2022-06-13 [1] CRAN (R 4.4.2)
 R.oo                   1.27.0    2024-11-01 [1] CRAN (R 4.4.2)
 R.utils                2.12.3    2023-11-18 [1] CRAN (R 4.4.2)
 R6                     2.6.1     2025-02-15 [1] CRAN (R 4.4.2)
 ragg                   1.4.0     2025-04-10 [1] CRAN (R 4.4.2)
 rappdirs               0.3.3     2021-01-31 [1] CRAN (R 4.4.2)
 RColorBrewer           1.1-3     2022-04-03 [1] CRAN (R 4.4.2)
 Rcpp                   1.1.0     2025-07-02 [1] CRAN (R 4.4.2)
 RcppEigen              0.3.4.0.2 2024-08-24 [1] CRAN (R 4.4.2)
 RcppML               * 0.5.5     2025-09-09 [1] Github (zdebruine/RcppML@c997bcd)
 reshape2               1.4.4     2020-04-09 [1] CRAN (R 4.4.2)
 rlang                  1.1.6     2025-04-11 [1] CRAN (R 4.4.2)
 RSQLite                2.4.2     2025-07-18 [1] CRAN (R 4.4.2)
 S4Arrays               1.6.0     2024-10-29 [1] Bioconductor 3.20 (R 4.4.2)
 S4Vectors            * 0.44.0    2024-10-29 [1] Bioconductor 3.20 (R 4.4.2)
 S7                     0.2.0     2024-11-07 [1] CRAN (R 4.4.2)
 scales                 1.4.0     2025-04-24 [1] CRAN (R 4.4.2)
 sessioninfo          * 1.2.2     2021-12-06 [1] CRAN (R 4.4.2)
 SingleCellExperiment * 1.28.1    2024-11-10 [1] Bioconductor 3.20 (R 4.4.2)
 SparseArray            1.6.0     2024-10-29 [1] Bioconductor 3.20 (R 4.4.2)
 stringi                1.8.7     2025-03-27 [1] CRAN (R 4.4.2)
 stringr                1.5.2     2025-09-08 [1] CRAN (R 4.4.2)
 SummarizedExperiment * 1.36.0    2024-10-29 [1] Bioconductor 3.20 (R 4.4.2)
 systemfonts            1.2.3     2025-04-30 [1] CRAN (R 4.4.2)
 textshaping            1.0.1     2025-05-01 [1] CRAN (R 4.4.2)
 tibble                 3.3.0     2025-06-08 [1] CRAN (R 4.4.2)
 tidyr                  1.3.1     2024-01-24 [1] CRAN (R 4.4.2)
 tidyselect             1.2.1     2024-03-11 [1] CRAN (R 4.4.2)
 tidytree               0.4.6     2023-12-12 [1] CRAN (R 4.4.2)
 treeio                 1.30.0    2024-10-29 [1] Bioconductor 3.20 (R 4.4.2)
 UCSC.utils             1.2.0     2024-10-29 [1] Bioconductor 3.20 (R 4.4.2)
 uuid                   1.2-1     2024-07-29 [1] CRAN (R 4.4.2)
 vctrs                  0.6.5     2023-12-01 [1] CRAN (R 4.4.2)
 withr                  3.0.2     2024-10-28 [1] CRAN (R 4.4.2)
 xfun                   0.53      2025-08-19 [1] CRAN (R 4.4.2)
 xml2                   1.3.6     2023-12-04 [1] CRAN (R 4.4.2)
 XVector                0.46.0    2024-10-29 [1] Bioconductor 3.20 (R 4.4.2)
 yulab.utils            0.2.1     2025-08-19 [1] CRAN (R 4.4.2)
 zlibbioc               1.52.0    2024-10-29 [1] Bioconductor 3.20 (R 4.4.2)

 [1] /usr/local/lib/R/site-library
 [2] /usr/lib/R/site-library
 [3] /usr/lib/R/library

-------------------------------------------------------------------------------------------------------------------------------------------------------------------------------------
[2025-09-22 13:41:31] ===== Finished GO Analysis =====
R 4.4.2)
 textshaping            1.0.1     2025-05-01 [1] CRAN (R 4.4.2)
 tibble                 3.3.0     2025-06-08 [1] CRAN (R 4.4.2)
 tidyr                  1.3.1     2024-01-24 [1] CRAN (R 4.4.2)
 tidyselect             1.2.1     2024-03-11 [1] CRAN (R 4.4.2)
 tidytree               0.4.6     2023-12-12 [1] CRAN (R 4.4.2)
 treeio                 1.30.0    2024-10-29 [1] Bioconductor 3.20 (R 4.4.2)
 UCSC.utils             1.2.0     2024-10-29 [1] Bioconductor 3.20 (R 4.4.2)
 uuid                   1.2-1     2024-07-29 [1] CRAN (R 4.4.2)
 vctrs                  0.6.5     2023-12-01 [1] CRAN (R 4.4.2)
 withr                  3.0.2     2024-10-28 [1] CRAN (R 4.4.2)
 xfun                   0.53      2025-08-19 [1] CRAN (R 4.4.2)
 xml2                   1.3.6     2023-12-04 [1] CRAN (R 4.4.2)
 XVector                0.46.0    2024-10-29 [1] Bioconductor 3.20 (R 4.4.2)
 yulab.utils            0.2.1     2025-08-19 [1] CRAN (R 4.4.2)
 zlibbioc               1.52.0    2024-10-29 [1] Bioconductor 3.20 (R 4.4.2)

 [1] /usr/local/lib/R/site-library
 [2] /usr/lib/R/site-library
 [3] /usr/lib/R/library

-------------------------------------------------------------------------------------------------------------------------------------------------------------------------------------
[2025-09-22 13:41:31] ===== Finished GO Analysis =====
a/zippy/kresgeb/hippocampus/my_output/nmf/2024_dlpfc/go_analysis_k_80_one_over.rda
[2025-09-22 13:41:30] ===== Session Info =====
R version 4.4.2 (2024-10-31)
Platform: x86_64-pc-linux-gnu
Running under: Ubuntu 22.04.5 LTS

Matrix products: default
BLAS:   /usr/lib/x86_64-linux-gnu/blas/libblas.so.3.10.0 
LAPACK: /usr/lib/x86_64-linux-gnu/lapack/liblapack.so.3.10.0

locale:
[1] C

time zone: America/New_York
tzcode source: system (glibc)

attached base packages:
[1] stats4    stats     graphics  grDevices utils     datasets  methods   base     

other attached packages:
 [1] SingleCellExperiment_1.28.1 SummarizedExperiment_1.36.0 GenomicRanges_1.58.0        GenomeInfoDb_1.42.1        
 [5] MatrixGenerics_1.18.0       matrixStats_1.5.0           sessioninfo_1.2.2           clusterProfiler_4.14.6     
 [9] org.Hs.eg.db_3.20.0         AnnotationDbi_1.68.0        IRanges_2.40.1              S4Vectors_0.44.0           
[13] Biobase_2.66.0              BiocGenerics_0.52.0         dplyr_1.1.4                 RcppML_0.5.5               
[17] patchwork_1.3.2             ggwordcloud_0.6.2           ggplot2_4.0.0              

loaded via a namespace (and not attached):
  [1] DBI_1.2.3               gson_0.1.0              rlang_1.1.6             magrittr_2.0.4         
  [5] DOSE_4.0.1              compiler_4.4.2          RSQLite_2.4.2           png_0.1-8              
  [9] systemfonts_1.2.3       vctrs_0.6.5             reshape2_1.4.4          stringr_1.5.2          
 [13] pkgconfig_2.0.3         crayon_1.5.3            fastmap_1.2.0           XVector_0.46.0         
 [17] labeling_0.4.3          markdown_1.13           enrichplot_1.26.6       UCSC.utils_1.2.0       
 [21] ragg_1.4.0              purrr_1.1.0             bit_4.6.0               xfun_0.53              
 [25] zlibbioc_1.52.0         cachem_1.1.0            aplot_0.2.9             jsonlite_2.0.0         
 [29] blob_1.2.4              DelayedArray_0.32.0     uuid_1.2-1              BiocParallel_1.40.0    
 [33] parallel_4.4.2          R6_2.6.1                stringi_1.8.7           RColorBrewer_1.1-3     
 [37] GOSemSim_2.32.0         Rcpp_1.1.0              knitr_1.50              ggtangle_0.0.7         
 [41] R.utils_2.12.3          Matrix_1.7-1            splines_4.4.2           igraph_2.1.4           
 [45] tidyselect_1.2.1        abind_1.4-8             qvalue_2.38.0           codetools_0.2-19       
 [49] lattice_0.22-5          tibble_3.3.0            plyr_1.8.9              treeio_1.30.0          
 [53] withr_3.0.2             KEGGREST_1.46.0         S7_0.2.0                evaluate_1.0.5         
 [57] gridGraphics_0.5-1      xml2_1.3.6              RcppEigen_0.3.4.0.2     Biostrings_2.74.1      
 [61] pillar_1.11.1           ggtree_3.99.0           ggfun_0.2.0             generics_0.1.4         
 [65] commonmark_2.0.0        scales_1.4.0            tidytree_0.4.6          glue_1.8.0             
 [69] lazyeval_0.2.2          tools_4.4.2             data.table_1.17.8       fgsea_1.32.4           
 [73] ggiraph_0.9.1           fs_1.6.6                fastmatch_1.1-6         cowplot_1.2.0          
 [77] grid_4.4.2              tidyr_1.3.1             ape_5.8-1               colorspace_2.1-1       
 [81] nlme_3.1-166            GenomeInfoDbData_1.2.13 cli_3.6.5               rappdirs_0.3.3         
 [85] textshaping_1.0.1       S4Arrays_1.6.0          gtable_0.3.6            R.methodsS3_1.8.2      
 [89] yulab.utils_0.2.1       digest_0.6.37           SparseArray_1.6.0       ggrepel_0.9.6          
 [93] ggplotify_0.1.2         htmlwidgets_1.6.4       farver_2.1.2            htmltools_0.5.8.1      
 [97] memoise_2.0.1           R.oo_1.27.0             lifecycle_1.0.4         httr_1.4.7             
[101] GO.db_3.20.0            gridtext_0.1.5          bit64_4.6.0-1          
- Session info ----------------------------------------------------------------------------------------------------------------------------------------------------------------------
 setting  value
 version  R version 4.4.2 (2024-10-31)
 os       Ubuntu 22.04.5 LTS
 system   x86_64, linux-gnu
 ui       X11
 language (EN)
 collate  C
 ctype    C
 tz       America/New_York
 date     2025-09-22
 pandoc   2.9.2.1 @ /usr/bin/pandoc

- Packages --------------------------------------------------------------------------------------------------------------------------------------------------------------------------
 package              * version   date (UTC) lib source
 abind                  1.4-8     2024-09-12 [1] CRAN (R 4.4.2)
 AnnotationDbi        * 1.68.0    2024-10-29 [1] Bioconductor 3.20 (R 4.4.2)
 ape                    5.8-1     2024-12-16 [1] CRAN (R 4.4.2)
 aplot                  0.2.9     2025-09-12 [1] CRAN (R 4.4.2)
 Biobase              * 2.66.0    2024-10-29 [1] Bioconductor 3.20 (R 4.4.2)
 BiocGenerics         * 0.52.0    2024-10-29 [1] Bioconductor 3.20 (R 4.4.2)
 BiocParallel           1.40.0    2024-10-29 [1] Bioconductor 3.20 (R 4.4.2)
 Biostrings             2.74.1    2024-12-16 [1] Bioconductor 3.20 (R 4.4.2)
 bit                    4.6.0     2025-03-06 [1] CRAN (R 4.4.2)
 bit64                  4.6.0-1   2025-01-16 [1] CRAN (R 4.4.2)
 blob                   1.2.4     2023-03-17 [1] CRAN (R 4.4.2)
 cachem                 1.1.0     2024-05-16 [1] CRAN (R 4.4.2)
 cli                    3.6.5     2025-04-23 [1] CRAN (R 4.4.2)
 clusterProfiler      * 4.14.6    2025-02-27 [1] Bioconductor 3.20 (R 4.4.2)
 codetools              0.2-19    2023-02-01 [3] CRAN (R 4.2.2)
 colorspace             2.1-1     2024-07-26 [1] CRAN (R 4.4.2)
 commonmark             2.0.0     2025-07-07 [1] CRAN (R 4.4.2)
 cowplot                1.2.0     2025-07-07 [1] CRAN (R 4.4.2)
 crayon                 1.5.3     2024-06-20 [1] CRAN (R 4.4.2)
 data.table             1.17.8    2025-07-10 [1] CRAN (R 4.4.2)
 DBI                    1.2.3     2024-06-02 [1] CRAN (R 4.4.2)
 DelayedArray           0.32.0    2024-10-29 [1] Bioconductor 3.20 (R 4.4.2)
 digest                 0.6.37    2024-08-19 [1] CRAN (R 4.4.2)
 DOSE                   4.0.1     2025-03-27 [1] Bioconductor 3.20 (R 4.4.2)
 dplyr                * 1.1.4     2023-11-17 [1] CRAN (R 4.4.2)
 enrichplot             1.26.6    2025-01-09 [1] Bioconductor 3.20 (R 4.4.2)
 evaluate               1.0.5     2025-08-27 [1] CRAN (R 4.4.2)
 farver                 2.1.2     2024-05-13 [1] CRAN (R 4.4.2)
 fastmap                1.2.0     2024-05-15 [1] CRAN (R 4.4.2)
 fastmatch              1.1-6     2024-12-23 [1] CRAN (R 4.4.2)
 fgsea                  1.32.4    2025-03-20 [1] Bioconductor 3.20 (R 4.4.2)
 fs                     1.6.6     2025-04-12 [1] CRAN (R 4.4.2)
 generics               0.1.4     2025-05-09 [1] CRAN (R 4.4.2)
 GenomeInfoDb         * 1.42.1    2024-11-28 [1] Bioconductor 3.20 (R 4.4.2)
 GenomeInfoDbData       1.2.13    2025-01-10 [1] Bioconductor
 GenomicRanges        * 1.58.0    2024-10-29 [1] Bioconductor 3.20 (R 4.4.2)
 ggfun                  0.2.0     2025-07-15 [1] CRAN (R 4.4.2)
 ggiraph                0.9.1     2025-09-16 [1] CRAN (R 4.4.2)
 ggplot2              * 4.0.0     2025-09-11 [1] CRAN (R 4.4.2)
 ggplotify              0.1.2     2023-08-09 [1] CRAN (R 4.4.2)
 ggrepel                0.9.6     2024-09-07 [1] CRAN (R 4.4.2)
 ggtangle               0.0.7     2025-06-30 [1] CRAN (R 4.4.2)
 ggtree                 3.99.0    2025-09-18 [1] Github (YuLab-SMU/ggtree@3798e55)
 ggwordcloud          * 0.6.2     2024-05-30 [1] CRAN (R 4.4.2)
 glue                   1.8.0     2024-09-30 [1] CRAN (R 4.4.2)
 GO.db                  3.20.0    2025-09-18 [1] Bioconductor
 GOSemSim               2.32.0    2024-10-29 [1] Bioconductor 3.20 (R 4.4.2)
 gridGraphics           0.5-1     2020-12-13 [1] CRAN (R 4.4.2)
 gridtext               0.1.5     2022-09-16 [1] CRAN (R 4.4.2)
 gson                   0.1.0     2023-03-07 [1] CRAN (R 4.4.2)
 gtable                 0.3.6     2024-10-25 [1] CRAN (R 4.4.2)
 htmltools              0.5.8.1   2024-04-04 [1] CRAN (R 4.4.2)
 htmlwidgets            1.6.4     2023-12-06 [1] CRAN (R 4.4.2)
 httr                   1.4.7     2023-08-15 [1] CRAN (R 4.4.2)
 igraph                 2.1.4     2025-01-23 [1] CRAN (R 4.4.2)
 IRanges              * 2.40.1    2024-12-05 [1] Bioconductor 3.20 (R 4.4.2)
 jsonlite               2.0.0     2025-03-27 [1] CRAN (R 4.4.2)
 KEGGREST               1.46.0    2024-10-29 [1] Bioconductor 3.20 (R 4.4.2)
 knitr                  1.50      2025-03-16 [1] CRAN (R 4.4.2)
 labeling               0.4.3     2023-08-29 [1] CRAN (R 4.4.2)
 lattice                0.22-5    2023-10-24 [3] CRAN (R 4.3.1)
 lazyeval               0.2.2     2019-03-15 [1] CRAN (R 4.4.2)
 lifecycle              1.0.4     2023-11-07 [1] CRAN (R 4.4.2)
 magrittr               2.0.4     2025-09-12 [1] CRAN (R 4.4.2)
 markdown               1.13      2024-06-04 [1] CRAN (R 4.4.2)
 Matrix                 1.7-1     2024-10-18 [3] CRAN (R 4.4.1)
 MatrixGenerics       * 1.18.0    2024-10-29 [1] Bioconductor 3.20 (R 4.4.2)
 matrixStats          * 1.5.0     2025-01-07 [1] CRAN (R 4.4.2)
 memoise                2.0.1     2021-11-26 [1] CRAN (R 4.4.2)
 nlme                   3.1-166   2024-08-14 [3] CRAN (R 4.4.2)
 org.Hs.eg.db         * 3.20.0    2025-01-10 [1] Bioconductor
 patchwork            * 1.3.2     2025-08-25 [1] CRAN (R 4.4.2)
 pillar                 1.11.1    2025-09-17 [1] CRAN (R 4.4.2)
 pkgconfig              2.0.3     2019-09-22 [1] CRAN (R 4.4.2)
 plyr                   1.8.9     2023-10-02 [1] CRAN (R 4.4.2)
 png                    0.1-8     2022-11-29 [1] CRAN (R 4.4.2)
 purrr                  1.1.0     2025-07-10 [1] CRAN (R 4.4.2)
 qvalue                 2.38.0    2024-10-29 [1] Bioconductor 3.20 (R 4.4.2)
 R.methodsS3            1.8.2     2022-06-13 [1] CRAN (R 4.4.2)
 R.oo                   1.27.0    2024-11-01 [1] CRAN (R 4.4.2)
 R.utils                2.12.3    2023-11-18 [1] CRAN (R 4.4.2)
 R6                     2.6.1     2025-02-15 [1] CRAN (R 4.4.2)
 ragg                   1.4.0     2025-04-10 [1] CRAN (R 4.4.2)
 rappdirs               0.3.3     2021-01-31 [1] CRAN (R 4.4.2)
 RColorBrewer           1.1-3     2022-04-03 [1] CRAN (R 4.4.2)
 Rcpp                   1.1.0     2025-07-02 [1] CRAN (R 4.4.2)
 RcppEigen              0.3.4.0.2 2024-08-24 [1] CRAN (R 4.4.2)
 RcppML               * 0.5.5     2025-09-09 [1] Github (zdebruine/RcppML@c997bcd)
 reshape2               1.4.4     2020-04-09 [1] CRAN (R 4.4.2)
 rlang                  1.1.6     2025-04-11 [1] CRAN (R 4.4.2)
 RSQLite                2.4.2     2025-07-18 [1] CRAN (R 4.4.2)
 S4Arrays               1.6.0     2024-10-29 [1] Bioconductor 3.20 (R 4.4.2)
 S4Vectors            * 0.44.0    2024-10-29 [1] Bioconductor 3.20 (R 4.4.2)
 S7                     0.2.0     2024-11-07 [1] CRAN (R 4.4.2)
 scales                 1.4.0     2025-04-24 [1] CRAN (R 4.4.2)
 sessioninfo          * 1.2.2     2021-12-06 [1] CRAN (R 4.4.2)
 SingleCellExperiment * 1.28.1    2024-11-10 [1] Bioconductor 3.20 (R 4.4.2)
 SparseArray            1.6.0     2024-10-29 [1] Bioconductor 3.20 (R 4.4.2)
 stringi                1.8.7     2025-03-27 [1] CRAN (R 4.4.2)
 stringr                1.5.2     2025-09-08 [1] CRAN (R 4.4.2)
 SummarizedExperiment * 1.36.0    2024-10-29 [1] Bioconductor 3.20 (R 4.4.2)
 systemfonts            1.2.3     2025-04-30 [1] CRAN (R 4.4.2)
 textshaping            1.0.1     2025-05-01 [1] CRAN (R 4.4.2)
 tibble                 3.3.0     2025-06-08 [1] CRAN (R 4.4.2)
 tidyr                  1.3.1     2024-01-24 [1] CRAN (R 4.4.2)
 tidyselect             1.2.1     2024-03-11 [1] CRAN (R 4.4.2)
 tidytree               0.4.6     2023-12-12 [1] CRAN (R 4.4.2)
 treeio                 1.30.0    2024-10-29 [1] Bioconductor 3.20 (R 4.4.2)
 UCSC.utils             1.2.0     2024-10-29 [1] Bioconductor 3.20 (R 4.4.2)
 uuid                   1.2-1     2024-07-29 [1] CRAN (R 4.4.2)
 vctrs                  0.6.5     2023-12-01 [1] CRAN (R 4.4.2)
 withr                  3.0.2     2024-10-28 [1] CRAN (R 4.4.2)
 xfun                   0.53      2025-08-19 [1] CRAN (R 4.4.2)
 xml2                   1.3.6     2023-12-04 [1] CRAN (R 4.4.2)
 XVector                0.46.0    2024-10-29 [1] Bioconductor 3.20 (R 4.4.2)
 yulab.utils            0.2.1     2025-08-19 [1] CRAN (R 4.4.2)
 zlibbioc               1.52.0    2024-10-29 [1] Bioconductor 3.20 (R 4.4.2)

 [1] /usr/local/lib/R/site-library
 [2] /usr/lib/R/site-library
 [3] /usr/lib/R/library

-------------------------------------------------------------------------------------------------------------------------------------------------------------------------------------
[2025-09-22 13:41:31] ===== Finished GO Analysis =====
