[2025-09-23 12:00:07] Processing pattern 1...
[2025-09-23 12:00:07] No enriched terms for pattern 1.
[2025-09-23 12:00:07] Processing pattern 2...
[2025-09-23 12:00:07] No enriched terms for pattern 2.
[2025-09-23 12:00:07] Processing pattern 3...
[2025-09-23 12:00:12] Saved plots for pattern 3 to /zata/zippy/kresgeb/hippocampus/my_output/nmf/2024_dlpfc/go_plots_percentile_01/pattern_3_plots.pdf
[2025-09-23 12:00:12] Processing pattern 4...
[2025-09-23 12:00:17] Saved plots for pattern 4 to /zata/zippy/kresgeb/hippocampus/my_output/nmf/2024_dlpfc/go_plots_percentile_01/pattern_4_plots.pdf
[2025-09-23 12:00:17] Processing pattern 5...
[2025-09-23 12:00:22] Saved plots for pattern 5 to /zata/zippy/kresgeb/hippocampus/my_output/nmf/2024_dlpfc/go_plots_percentile_01/pattern_5_plots.pdf
[2025-09-23 12:00:22] Processing pattern 6...
[2025-09-23 12:00:26] Saved plots for pattern 6 to /zata/zippy/kresgeb/hippocampus/my_output/nmf/2024_dlpfc/go_plots_percentile_01/pattern_6_plots.pdf
[2025-09-23 12:00:26] Processing pattern 7...
[2025-09-23 12:00:32] Saved plots for pattern 7 to /zata/zippy/kresgeb/hippocampus/my_output/nmf/2024_dlpfc/go_plots_percentile_01/pattern_7_plots.pdf
[2025-09-23 12:00:32] Processing pattern 8...
[2025-09-23 12:00:38] Saved plots for pattern 8 to /zata/zippy/kresgeb/hippocampus/my_output/nmf/2024_dlpfc/go_plots_percentile_01/pattern_8_plots.pdf
[2025-09-23 12:00:38] Processing pattern 9...
[2025-09-23 12:00:44] Saved plots for pattern 9 to /zata/zippy/kresgeb/hippocampus/my_output/nmf/2024_dlpfc/go_plots_percentile_01/pattern_9_plots.pdf
[2025-09-23 12:00:44] Processing pattern 10...
[2025-09-23 12:00:50] Saved plots for pattern 10 to /zata/zippy/kresgeb/hippocampus/my_output/nmf/2024_dlpfc/go_plots_percentile_01/pattern_10_plots.pdf
[2025-09-23 12:00:50] Processing pattern 11...
[2025-09-23 12:00:58] Saved plots for pattern 11 to /zata/zippy/kresgeb/hippocampus/my_output/nmf/2024_dlpfc/go_plots_percentile_01/pattern_11_plots.pdf
[2025-09-23 12:00:58] Processing pattern 12...
[2025-09-23 12:01:04] Saved plots for pattern 12 to /zata/zippy/kresgeb/hippocampus/my_output/nmf/2024_dlpfc/go_plots_percentile_01/pattern_12_plots.pdf
[2025-09-23 12:01:04] Processing pattern 13...
[2025-09-23 12:01:11] Saved plots for pattern 13 to /zata/zippy/kresgeb/hippocampus/my_output/nmf/2024_dlpfc/go_plots_percentile_01/pattern_13_plots.pdf
[2025-09-23 12:01:11] Processing pattern 14...
[2025-09-23 12:01:17] Saved plots for pattern 14 to /zata/zippy/kresgeb/hippocampus/my_output/nmf/2024_dlpfc/go_plots_percentile_01/pattern_14_plots.pdf
[2025-09-23 12:01:17] Processing pattern 15...
[2025-09-23 12:01:23] Saved plots for pattern 15 to /zata/zippy/kresgeb/hippocampus/my_output/nmf/2024_dlpfc/go_plots_percentile_01/pattern_15_plots.pdf
[2025-09-23 12:01:23] Processing pattern 16...
[2025-09-23 12:01:31] Saved plots for pattern 16 to /zata/zippy/kresgeb/hippocampus/my_output/nmf/2024_dlpfc/go_plots_percentile_01/pattern_16_plots.pdf
[2025-09-23 12:01:31] Processing pattern 17...
[2025-09-23 12:01:39] Saved plots for pattern 17 to /zata/zippy/kresgeb/hippocampus/my_output/nmf/2024_dlpfc/go_plots_percentile_01/pattern_17_plots.pdf
[2025-09-23 12:01:39] Processing pattern 18...
[2025-09-23 12:01:46] Saved plots for pattern 18 to /zata/zippy/kresgeb/hippocampus/my_output/nmf/2024_dlpfc/go_plots_percentile_01/pattern_18_plots.pdf
[2025-09-23 12:01:46] Processing pattern 19...
[2025-09-23 12:01:54] Saved plots for pattern 19 to /zata/zippy/kresgeb/hippocampus/my_output/nmf/2024_dlpfc/go_plots_percentile_01/pattern_19_plots.pdf
[2025-09-23 12:01:54] Processing pattern 20...
[2025-09-23 12:02:01] Saved plots for pattern 20 to /zata/zippy/kresgeb/hippocampus/my_output/nmf/2024_dlpfc/go_plots_percentile_01/pattern_20_plots.pdf
[2025-09-23 12:02:01] Processing pattern 21...
[2025-09-23 12:02:10] Saved plots for pattern 21 to /zata/zippy/kresgeb/hippocampus/my_output/nmf/2024_dlpfc/go_plots_percentile_01/pattern_21_plots.pdf
[2025-09-23 12:02:10] Processing pattern 22...
[2025-09-23 12:02:18] Saved plots for pattern 22 to /zata/zippy/kresgeb/hippocampus/my_output/nmf/2024_dlpfc/go_plots_percentile_01/pattern_22_plots.pdf
[2025-09-23 12:02:18] Processing pattern 23...
[2025-09-23 12:02:27] Saved plots for pattern 23 to /zata/zippy/kresgeb/hippocampus/my_output/nmf/2024_dlpfc/go_plots_percentile_01/pattern_23_plots.pdf
[2025-09-23 12:02:27] Processing pattern 24...
[2025-09-23 12:02:35] Saved plots for pattern 24 to /zata/zippy/kresgeb/hippocampus/my_output/nmf/2024_dlpfc/go_plots_percentile_01/pattern_24_plots.pdf
[2025-09-23 12:02:35] Processing pattern 25...
[2025-09-23 12:02:45] Saved plots for pattern 25 to /zata/zippy/kresgeb/hippocampus/my_output/nmf/2024_dlpfc/go_plots_percentile_01/pattern_25_plots.pdf
[2025-09-23 12:02:45] Processing pattern 26...
[2025-09-23 12:02:53] Saved plots for pattern 26 to /zata/zippy/kresgeb/hippocampus/my_output/nmf/2024_dlpfc/go_plots_percentile_01/pattern_26_plots.pdf
[2025-09-23 12:02:53] Processing pattern 27...
[2025-09-23 12:03:02] Saved plots for pattern 27 to /zata/zippy/kresgeb/hippocampus/my_output/nmf/2024_dlpfc/go_plots_percentile_01/pattern_27_plots.pdf
[2025-09-23 12:03:02] Processing pattern 28...
[2025-09-23 12:03:12] Saved plots for pattern 28 to /zata/zippy/kresgeb/hippocampus/my_output/nmf/2024_dlpfc/go_plots_percentile_01/pattern_28_plots.pdf
[2025-09-23 12:03:12] Processing pattern 29...
[2025-09-23 12:03:19] Saved plots for pattern 29 to /zata/zippy/kresgeb/hippocampus/my_output/nmf/2024_dlpfc/go_plots_percentile_01/pattern_29_plots.pdf
[2025-09-23 12:03:19] Processing pattern 30...
[2025-09-23 12:03:29] Saved plots for pattern 30 to /zata/zippy/kresgeb/hippocampus/my_output/nmf/2024_dlpfc/go_plots_percentile_01/pattern_30_plots.pdf
[2025-09-23 12:03:29] Processing pattern 31...
[2025-09-23 12:03:37] Saved plots for pattern 31 to /zata/zippy/kresgeb/hippocampus/my_output/nmf/2024_dlpfc/go_plots_percentile_01/pattern_31_plots.pdf
[2025-09-23 12:03:37] Processing pattern 32...
[2025-09-23 12:03:37] No enriched terms for pattern 32.
[2025-09-23 12:03:37] Processing pattern 33...
[2025-09-23 12:03:44] Saved plots for pattern 33 to /zata/zippy/kresgeb/hippocampus/my_output/nmf/2024_dlpfc/go_plots_percentile_01/pattern_33_plots.pdf
[2025-09-23 12:03:44] Processing pattern 34...
[2025-09-23 12:03:53] Saved plots for pattern 34 to /zata/zippy/kresgeb/hippocampus/my_output/nmf/2024_dlpfc/go_plots_percentile_01/pattern_34_plots.pdf
[2025-09-23 12:03:53] Processing pattern 35...
[2025-09-23 12:04:02] Saved plots for pattern 35 to /zata/zippy/kresgeb/hippocampus/my_output/nmf/2024_dlpfc/go_plots_percentile_01/pattern_35_plots.pdf
[2025-09-23 12:04:02] Processing pattern 36...
[2025-09-23 12:04:10] Saved plots for pattern 36 to /zata/zippy/kresgeb/hippocampus/my_output/nmf/2024_dlpfc/go_plots_percentile_01/pattern_36_plots.pdf
[2025-09-23 12:04:10] Processing pattern 37...
[2025-09-23 12:04:17] Saved plots for pattern 37 to /zata/zippy/kresgeb/hippocampus/my_output/nmf/2024_dlpfc/go_plots_percentile_01/pattern_37_plots.pdf
[2025-09-23 12:04:17] Processing pattern 38...
[2025-09-23 12:04:17] No enriched terms for pattern 38.
[2025-09-23 12:04:17] Processing pattern 39...
[2025-09-23 12:04:26] Saved plots for pattern 39 to /zata/zippy/kresgeb/hippocampus/my_output/nmf/2024_dlpfc/go_plots_percentile_01/pattern_39_plots.pdf
[2025-09-23 12:04:26] Processing pattern 40...
[2025-09-23 12:04:34] Saved plots for pattern 40 to /zata/zippy/kresgeb/hippocampus/my_output/nmf/2024_dlpfc/go_plots_percentile_01/pattern_40_plots.pdf
[2025-09-23 12:04:34] Processing pattern 41...
[2025-09-23 12:04:43] Saved plots for pattern 41 to /zata/zippy/kresgeb/hippocampus/my_output/nmf/2024_dlpfc/go_plots_percentile_01/pattern_41_plots.pdf
[2025-09-23 12:04:43] Processing pattern 42...
[2025-09-23 12:04:51] Saved plots for pattern 42 to /zata/zippy/kresgeb/hippocampus/my_output/nmf/2024_dlpfc/go_plots_percentile_01/pattern_42_plots.pdf
[2025-09-23 12:04:51] Processing pattern 43...
[2025-09-23 12:04:51] No enriched terms for pattern 43.
[2025-09-23 12:04:51] Processing pattern 44...
[2025-09-23 12:04:58] Saved plots for pattern 44 to /zata/zippy/kresgeb/hippocampus/my_output/nmf/2024_dlpfc/go_plots_percentile_01/pattern_44_plots.pdf
[2025-09-23 12:04:58] Processing pattern 45...
[2025-09-23 12:05:07] Saved plots for pattern 45 to /zata/zippy/kresgeb/hippocampus/my_output/nmf/2024_dlpfc/go_plots_percentile_01/pattern_45_plots.pdf
[2025-09-23 12:05:07] Processing pattern 46...
[2025-09-23 12:05:16] Saved plots for pattern 46 to /zata/zippy/kresgeb/hippocampus/my_output/nmf/2024_dlpfc/go_plots_percentile_01/pattern_46_plots.pdf
[2025-09-23 12:05:16] Processing pattern 47...
[2025-09-23 12:05:25] Saved plots for pattern 47 to /zata/zippy/kresgeb/hippocampus/my_output/nmf/2024_dlpfc/go_plots_percentile_01/pattern_47_plots.pdf
[2025-09-23 12:05:25] Processing pattern 48...
[2025-09-23 12:05:34] Saved plots for pattern 48 to /zata/zippy/kresgeb/hippocampus/my_output/nmf/2024_dlpfc/go_plots_percentile_01/pattern_48_plots.pdf
[2025-09-23 12:05:34] Processing pattern 49...
[2025-09-23 12:05:44] Saved plots for pattern 49 to /zata/zippy/kresgeb/hippocampus/my_output/nmf/2024_dlpfc/go_plots_percentile_01/pattern_49_plots.pdf
[2025-09-23 12:05:44] Processing pattern 50...
[2025-09-23 12:05:53] Saved plots for pattern 50 to /zata/zippy/kresgeb/hippocampus/my_output/nmf/2024_dlpfc/go_plots_percentile_01/pattern_50_plots.pdf
[2025-09-23 12:05:53] Processing pattern 51...
[2025-09-23 12:06:04] Saved plots for pattern 51 to /zata/zippy/kresgeb/hippocampus/my_output/nmf/2024_dlpfc/go_plots_percentile_01/pattern_51_plots.pdf
[2025-09-23 12:06:04] Processing pattern 52...
[2025-09-23 12:06:14] Saved plots for pattern 52 to /zata/zippy/kresgeb/hippocampus/my_output/nmf/2024_dlpfc/go_plots_percentile_01/pattern_52_plots.pdf
[2025-09-23 12:06:14] Processing pattern 53...
[2025-09-23 12:06:26] Saved plots for pattern 53 to /zata/zippy/kresgeb/hippocampus/my_output/nmf/2024_dlpfc/go_plots_percentile_01/pattern_53_plots.pdf
[2025-09-23 12:06:26] Processing pattern 54...
[2025-09-23 12:06:36] Saved plots for pattern 54 to /zata/zippy/kresgeb/hippocampus/my_output/nmf/2024_dlpfc/go_plots_percentile_01/pattern_54_plots.pdf
[2025-09-23 12:06:36] Processing pattern 55...
[2025-09-23 12:06:46] Saved plots for pattern 55 to /zata/zippy/kresgeb/hippocampus/my_output/nmf/2024_dlpfc/go_plots_percentile_01/pattern_55_plots.pdf
[2025-09-23 12:06:46] Processing pattern 56...
[2025-09-23 12:06:46] No enriched terms for pattern 56.
[2025-09-23 12:06:46] Processing pattern 57...
[2025-09-23 12:06:56] Saved plots for pattern 57 to /zata/zippy/kresgeb/hippocampus/my_output/nmf/2024_dlpfc/go_plots_percentile_01/pattern_57_plots.pdf
[2025-09-23 12:06:56] Processing pattern 58...
[2025-09-23 12:07:04] Saved plots for pattern 58 to /zata/zippy/kresgeb/hippocampus/my_output/nmf/2024_dlpfc/go_plots_percentile_01/pattern_58_plots.pdf
[2025-09-23 12:07:04] Processing pattern 59...
[2025-09-23 12:07:15] Saved plots for pattern 59 to /zata/zippy/kresgeb/hippocampus/my_output/nmf/2024_dlpfc/go_plots_percentile_01/pattern_59_plots.pdf
[2025-09-23 12:07:15] Processing pattern 60...
[2025-09-23 12:07:26] Saved plots for pattern 60 to /zata/zippy/kresgeb/hippocampus/my_output/nmf/2024_dlpfc/go_plots_percentile_01/pattern_60_plots.pdf
[2025-09-23 12:07:26] Processing pattern 61...
[2025-09-23 12:07:36] Saved plots for pattern 61 to /zata/zippy/kresgeb/hippocampus/my_output/nmf/2024_dlpfc/go_plots_percentile_01/pattern_61_plots.pdf
[2025-09-23 12:07:36] Processing pattern 62...
[2025-09-23 12:07:43] Saved plots for pattern 62 to /zata/zippy/kresgeb/hippocampus/my_output/nmf/2024_dlpfc/go_plots_percentile_01/pattern_62_plots.pdf
[2025-09-23 12:07:43] Processing pattern 63...
[2025-09-23 12:07:54] Saved plots for pattern 63 to /zata/zippy/kresgeb/hippocampus/my_output/nmf/2024_dlpfc/go_plots_percentile_01/pattern_63_plots.pdf
[2025-09-23 12:07:54] Processing pattern 64...
[2025-09-23 12:08:04] Saved plots for pattern 64 to /zata/zippy/kresgeb/hippocampus/my_output/nmf/2024_dlpfc/go_plots_percentile_01/pattern_64_plots.pdf
[2025-09-23 12:08:04] Processing pattern 65...
[2025-09-23 12:08:13] Saved plots for pattern 65 to /zata/zippy/kresgeb/hippocampus/my_output/nmf/2024_dlpfc/go_plots_percentile_01/pattern_65_plots.pdf
[2025-09-23 12:08:13] Processing pattern 66...
[2025-09-23 12:08:23] Saved plots for pattern 66 to /zata/zippy/kresgeb/hippocampus/my_output/nmf/2024_dlpfc/go_plots_percentile_01/pattern_66_plots.pdf
[2025-09-23 12:08:23] Processing pattern 67...
[2025-09-23 12:08:23] No enriched terms for pattern 67.
[2025-09-23 12:08:23] Processing pattern 68...
[2025-09-23 12:08:23] No enriched terms for pattern 68.
[2025-09-23 12:08:23] Processing pattern 69...
[2025-09-23 12:08:33] Saved plots for pattern 69 to /zata/zippy/kresgeb/hippocampus/my_output/nmf/2024_dlpfc/go_plots_percentile_01/pattern_69_plots.pdf
[2025-09-23 12:08:33] Processing pattern 70...
[2025-09-23 12:08:42] Saved plots for pattern 70 to /zata/zippy/kresgeb/hippocampus/my_output/nmf/2024_dlpfc/go_plots_percentile_01/pattern_70_plots.pdf
[2025-09-23 12:08:42] Processing pattern 71...
[2025-09-23 12:08:53] Saved plots for pattern 71 to /zata/zippy/kresgeb/hippocampus/my_output/nmf/2024_dlpfc/go_plots_percentile_01/pattern_71_plots.pdf
[2025-09-23 12:08:53] Processing pattern 72...
[2025-09-23 12:08:57] Saved plots for pattern 72 to /zata/zippy/kresgeb/hippocampus/my_output/nmf/2024_dlpfc/go_plots_percentile_01/pattern_72_plots.pdf
[2025-09-23 12:08:57] Processing pattern 73...
[2025-09-23 12:08:57] No enriched terms for pattern 73.
[2025-09-23 12:08:57] Processing pattern 74...
[2025-09-23 12:08:57] No enriched terms for pattern 74.
[2025-09-23 12:08:57] Processing pattern 75...
[2025-09-23 12:09:08] Saved plots for pattern 75 to /zata/zippy/kresgeb/hippocampus/my_output/nmf/2024_dlpfc/go_plots_percentile_01/pattern_75_plots.pdf
[2025-09-23 12:09:08] Processing pattern 76...
[2025-09-23 12:09:14] Saved plots for pattern 76 to /zata/zippy/kresgeb/hippocampus/my_output/nmf/2024_dlpfc/go_plots_percentile_01/pattern_76_plots.pdf
[2025-09-23 12:09:14] Processing pattern 77...
[2025-09-23 12:09:14] No enriched terms for pattern 77.
[2025-09-23 12:09:14] Processing pattern 78...
[2025-09-23 12:09:22] Saved plots for pattern 78 to /zata/zippy/kresgeb/hippocampus/my_output/nmf/2024_dlpfc/go_plots_percentile_01/pattern_78_plots.pdf
[2025-09-23 12:09:22] Processing pattern 79...
[2025-09-23 12:09:26] Saved plots for pattern 79 to /zata/zippy/kresgeb/hippocampus/my_output/nmf/2024_dlpfc/go_plots_percentile_01/pattern_79_plots.pdf
[2025-09-23 12:09:26] Processing pattern 80...
[2025-09-23 12:09:31] Saved plots for pattern 80 to /zata/zippy/kresgeb/hippocampus/my_output/nmf/2024_dlpfc/go_plots_percentile_01/pattern_80_plots.pdf
36601 x 77604 x 80 factor model of class "nmf"
@ w
            nmf1 nmf2 nmf3 nmf4 nmf5 nmf6 nmf7
MIR1302-2HG    .    .    .    .    .    .    .
FAM138A        .    .    .    .    .    .    .
OR4F5          .    .    .    .    .    .    .
AL627309.1     .    .    .    .    .    .    .
AL627309.3     .    .    .    .    .    .    .
AL627309.2     .    .    .    .    .    .    .
AL627309.5     .    .    .    .    .    .    .
...suppressing 36594 rows and 73 columns

@ d
25353740  13863292  11465178  11319736  10843584  10522618  10062717  
...suppressing 73 values

@ h
     1_AAACCCAAGTTCTCTT-1 1_AAACCCACAAGGTCTT-1 1_AAACCCATCAAAGACA-1 1_AAACCCATCATGACAC-1 1_AAACCCATCATTGCGA-1
nmf1         5.028988e-05         1.878935e-05         2.479598e-05         5.067883e-05         1.063638e-05
nmf2                    .                    .                    .         8.150500e-06                    .
nmf3                    .         1.185332e-05                    .                    .         7.584175e-05
nmf4         1.323278e-05                    .                    .                    .                    .
nmf5         2.724112e-06                    .                    .                    .                    .
nmf6         2.061819e-04                    .         8.146811e-06         3.498196e-05                    .
nmf7         7.952212e-06                    .                    .         4.677708e-06                    .
     1_AAACCCATCGCCAGTG-1 1_AAACGAAAGTCCTGCG-1
nmf1         4.436888e-05         4.145704e-05
nmf2         2.314405e-06         1.179221e-06
nmf3                    .                    .
nmf4         1.191857e-05         6.921710e-06
nmf5         1.072337e-05                    .
nmf6         2.815018e-04         2.803377e-04
nmf7         2.998738e-05         8.075043e-06
...suppressing 73 rows and 77597 columns

@ misc
List of 4
 $ tol    : num 9.25e-07
 $ iter   : num 164
 $ runtime: 'difftime' num 1531.13704609871
  ..- attr(*, "units")= chr "secs"
 $ w_init : num [1:80, 1:36601] 0.0698 0.312 0.6716 0.8572 0.4389 ...
Formal class 'nmf' [package "RcppML"] with 4 slots
  ..@ w   : num [1:36601, 1:80] 0 0 0 0 0 0 0 0 0 0 ...
  .. ..- attr(*, "dimnames")=List of 2
  .. .. ..$ : chr [1:36601] "MIR1302-2HG" "FAM138A" "OR4F5" "AL627309.1" ...
  .. .. ..$ : chr [1:80] "nmf1" "nmf2" "nmf3" "nmf4" ...
  ..@ d   : num [1:80] 25353740 13863292 11465178 11319736 10843584 ...
  ..@ h   : num [1:80, 1:77604] 5.03e-05 0.00 0.00 1.32e-05 2.72e-06 ...
  .. ..- attr(*, "dimnames")=List of 2
  .. .. ..$ : chr [1:80] "nmf1" "nmf2" "nmf3" "nmf4" ...
  .. .. ..$ : chr [1:77604] "1_AAACCCAAGTTCTCTT-1" "1_AAACCCACAAGGTCTT-1" "1_AAACCCATCAAAGACA-1" "1_AAACCCATCATGACAC-1" ...
  ..@ misc:List of 4
  .. ..$ tol    : num 9.25e-07
  .. ..$ iter   : num 164
  .. ..$ runtime: 'difftime' num 1531.13704609871
  .. .. ..- attr(*, "units")= chr "secs"
  .. ..$ w_init : num [1:80, 1:36601] 0.0698 0.312 0.6716 0.8572 0.4389 ...
 num [1:36601, 1:80] 0 0 0 0 0 0 0 0 0 0 ...
 - attr(*, "dimnames")=List of 2
  ..$ : chr [1:36601] "MIR1302-2HG" "FAM138A" "OR4F5" "AL627309.1" ...
  ..$ : chr [1:80] "nmf1" "nmf2" "nmf3" "nmf4" ...
       ENC1         CCK       CREG2      ARPP19      CAMK2A     CAMK2N1        LMO4        CHN1       VSNL1      ATP2B1 
0.007485269 0.006967445 0.005653782 0.005259772 0.004965580 0.004815045 0.004731931 0.004480635 0.004470504 0.004334070 
      OLFM1      PPP3CA        NRGN       YWHAH        PRNP      KCTD16       CALM1     TSC22D1      NECAB1       CALM2 
0.004224182 0.004100341 0.004040636 0.004032805 0.003739992 0.003547895 0.003422085 0.003398850 0.003378368 0.003239491 
[1] 0.09028868
       ENC1         CCK       CREG2      ARPP19      CAMK2A     CAMK2N1        LMO4        CHN1       VSNL1      ATP2B1 
0.007485269 0.006967445 0.005653782 0.005259772 0.004965580 0.004815045 0.004731931 0.004480635 0.004470504 0.004334070 
      OLFM1      PPP3CA        NRGN       YWHAH        PRNP      KCTD16       CALM1     TSC22D1      NECAB1       CALM2 
0.004224182 0.004100341 0.004040636 0.004032805 0.003739992 0.003547895 0.003422085 0.003398850 0.003378368 0.003239491 
