[2025-10-20 16:32:07] Loading in data...
Loading objects:
  spatial_hpc_snrna_seq
Loading objects:
  spatial_hpc_spe
[2025-10-20 16:35:44] Data loading complete
[2025-10-20 16:35:44] Found 100 nmf patterns
[2025-10-20 16:35:44] Creating ECDF plot for nonzero NMF pattern weights...
[2025-10-20 16:35:44] Saving ECDF plot to /zata/zippy/kresgeb/hippocampus/my_output/nmf/HPC/plots/ecdf_nonzero_nuclei_spots_nmf_patterns_faceted.pdf
[2025-10-20 16:35:45] Preparing data for dotplot of NMF pattern presence by cell type...
[2025-10-20 16:35:45] Summarizing NMF pattern presence per cell type...
[2025-10-20 16:35:45] NMF pattern proportion summary created successfully
[2025-10-20 16:35:45] Preparing data for dotplot of average scaled NMF weights by cell type...
[2025-10-20 16:35:49] Summarizing average scaled NMF weights per cell type...
[2025-10-20 16:35:49] Average scaled NMF weight summary created successfully
fitting ...
  |                                                                                                                      |                                                                                                              |   0%  |                                                                                                                      |=====================================                                                                         |  33%  |                                                                                                                      |=========================================================================                                     |  67%  |                                                                                                                      |==============================================================================================================| 100%
[2025-10-20 16:35:49] Identified 58 specific and 42 general NMF patterns based on entropy.
[2025-10-20 16:35:49] Ordering complete: 97 total NMFs (manual: 3, low: 29, high: 68)
[2025-10-20 16:35:49] Dotplot successfully generated and saved.
[2025-10-20 16:35:49] ===== Session Info =====
R version 4.4.2 (2024-10-31)
Platform: x86_64-pc-linux-gnu
Running under: Ubuntu 22.04.5 LTS

Matrix products: default
BLAS:   /usr/lib/x86_64-linux-gnu/blas/libblas.so.3.10.0 
LAPACK: /usr/lib/x86_64-linux-gnu/lapack/liblapack.so.3.10.0

locale:
[1] C

time zone: America/New_York
tzcode source: system (glibc)

attached base packages:
[1] stats4    stats     graphics  grDevices utils     datasets  methods   base     

other attached packages:
 [1] viridis_0.6.5               viridisLite_0.4.2           mclust_6.1.1                sessioninfo_1.2.2          
 [5] scater_1.34.1               scuttle_1.16.0              ggplot2_4.0.0               dplyr_1.1.4                
 [9] SpatialExperiment_1.16.0    SingleCellExperiment_1.28.1 SummarizedExperiment_1.36.0 Biobase_2.66.0             
[13] GenomicRanges_1.58.0        GenomeInfoDb_1.42.1         IRanges_2.40.1              S4Vectors_0.44.0           
[17] BiocGenerics_0.52.0         MatrixGenerics_1.18.0       matrixStats_1.5.0          

loaded via a namespace (and not attached):
 [1] gtable_0.3.6            beeswarm_0.4.0          rjson_0.2.23            ggrepel_0.9.6          
 [5] lattice_0.22-5          vctrs_0.6.5             tools_4.4.2             generics_0.1.4         
 [9] parallel_4.4.2          tibble_3.3.0            pkgconfig_2.0.3         BiocNeighbors_2.0.1    
[13] Matrix_1.7-1            RColorBrewer_1.1-3      S7_0.2.0                lifecycle_1.0.4        
[17] GenomeInfoDbData_1.2.13 compiler_4.4.2          farver_2.1.2            textshaping_1.0.1      
[21] codetools_0.2-19        vipor_0.4.7             tidyr_1.3.1             pillar_1.11.1          
[25] crayon_1.5.3            BiocParallel_1.40.0     DelayedArray_0.32.0     magick_2.8.6           
[29] abind_1.4-8             tidyselect_1.2.1        rsvd_1.0.5              purrr_1.1.0            
[33] BiocSingular_1.22.0     labeling_0.4.3          grid_4.4.2              cli_3.6.5              
[37] SparseArray_1.6.0       magrittr_2.0.4          S4Arrays_1.6.0          withr_3.0.2            
[41] scales_1.4.0            UCSC.utils_1.2.0        ggbeeswarm_0.7.2        XVector_0.46.0         
[45] httr_1.4.7              gridExtra_2.3           ragg_1.4.0              ScaledMatrix_1.14.0    
[49] beachmat_2.22.0         irlba_2.3.5.1           rlang_1.1.6             Rcpp_1.1.0             
[53] glue_1.8.0              jsonlite_2.0.0          R6_2.6.1                systemfonts_1.2.3      
[57] zlibbioc_1.52.0        
- Session info ---------------------------------------------------------------------------------------------------------------------------------------------------------------
 setting  value
 version  R version 4.4.2 (2024-10-31)
 os       Ubuntu 22.04.5 LTS
 system   x86_64, linux-gnu
 ui       X11
 language (EN)
 collate  C
 ctype    C
 tz       America/New_York
 date     2025-10-20
 pandoc   2.9.2.1 @ /usr/bin/pandoc

- Packages -------------------------------------------------------------------------------------------------------------------------------------------------------------------
 package              * version date (UTC) lib source
 abind                  1.4-8   2024-09-12 [1] CRAN (R 4.4.2)
 beachmat               2.22.0  2024-10-29 [1] Bioconductor 3.20 (R 4.4.2)
 beeswarm               0.4.0   2021-06-01 [1] CRAN (R 4.4.2)
 Biobase              * 2.66.0  2024-10-29 [1] Bioconductor 3.20 (R 4.4.2)
 BiocGenerics         * 0.52.0  2024-10-29 [1] Bioconductor 3.20 (R 4.4.2)
 BiocNeighbors          2.0.1   2024-11-28 [1] Bioconductor 3.20 (R 4.4.2)
 BiocParallel           1.40.0  2024-10-29 [1] Bioconductor 3.20 (R 4.4.2)
 BiocSingular           1.22.0  2024-10-29 [1] Bioconductor 3.20 (R 4.4.2)
 cli                    3.6.5   2025-04-23 [1] CRAN (R 4.4.2)
 codetools              0.2-19  2023-02-01 [3] CRAN (R 4.2.2)
 crayon                 1.5.3   2024-06-20 [1] CRAN (R 4.4.2)
 DelayedArray           0.32.0  2024-10-29 [1] Bioconductor 3.20 (R 4.4.2)
 dplyr                * 1.1.4   2023-11-17 [1] CRAN (R 4.4.2)
 farver                 2.1.2   2024-05-13 [1] CRAN (R 4.4.2)
 generics               0.1.4   2025-05-09 [1] CRAN (R 4.4.2)
 GenomeInfoDb         * 1.42.1  2024-11-28 [1] Bioconductor 3.20 (R 4.4.2)
 GenomeInfoDbData       1.2.13  2025-01-10 [1] Bioconductor
 GenomicRanges        * 1.58.0  2024-10-29 [1] Bioconductor 3.20 (R 4.4.2)
 ggbeeswarm             0.7.2   2023-04-29 [1] CRAN (R 4.4.2)
 ggplot2              * 4.0.0   2025-09-11 [1] CRAN (R 4.4.2)
 ggrepel                0.9.6   2024-09-07 [1] CRAN (R 4.4.2)
 glue                   1.8.0   2024-09-30 [1] CRAN (R 4.4.2)
 gridExtra              2.3     2017-09-09 [1] CRAN (R 4.4.2)
 gtable                 0.3.6   2024-10-25 [1] CRAN (R 4.4.2)
 httr                   1.4.7   2023-08-15 [1] CRAN (R 4.4.2)
 IRanges              * 2.40.1  2024-12-05 [1] Bioconductor 3.20 (R 4.4.2)
 irlba                  2.3.5.1 2022-10-03 [1] CRAN (R 4.4.2)
 jsonlite               2.0.0   2025-03-27 [1] CRAN (R 4.4.2)
 labeling               0.4.3   2023-08-29 [1] CRAN (R 4.4.2)
 lattice                0.22-5  2023-10-24 [3] CRAN (R 4.3.1)
 lifecycle              1.0.4   2023-11-07 [1] CRAN (R 4.4.2)
 magick                 2.8.6   2025-03-23 [1] CRAN (R 4.4.2)
 magrittr               2.0.4   2025-09-12 [1] CRAN (R 4.4.2)
 Matrix                 1.7-1   2024-10-18 [3] CRAN (R 4.4.1)
 MatrixGenerics       * 1.18.0  2024-10-29 [1] Bioconductor 3.20 (R 4.4.2)
 matrixStats          * 1.5.0   2025-01-07 [1] CRAN (R 4.4.2)
 mclust               * 6.1.1   2024-04-29 [1] CRAN (R 4.4.2)
 pillar                 1.11.1  2025-09-17 [1] CRAN (R 4.4.2)
 pkgconfig              2.0.3   2019-09-22 [1] CRAN (R 4.4.2)
 purrr                  1.1.0   2025-07-10 [1] CRAN (R 4.4.2)
 R6                     2.6.1   2025-02-15 [1] CRAN (R 4.4.2)
 ragg                   1.4.0   2025-04-10 [1] CRAN (R 4.4.2)
 RColorBrewer           1.1-3   2022-04-03 [1] CRAN (R 4.4.2)
 Rcpp                   1.1.0   2025-07-02 [1] CRAN (R 4.4.2)
 rjson                  0.2.23  2024-09-16 [1] CRAN (R 4.4.2)
 rlang                  1.1.6   2025-04-11 [1] CRAN (R 4.4.2)
 rsvd                   1.0.5   2021-04-16 [1] CRAN (R 4.4.2)
 S4Arrays               1.6.0   2024-10-29 [1] Bioconductor 3.20 (R 4.4.2)
 S4Vectors            * 0.44.0  2024-10-29 [1] Bioconductor 3.20 (R 4.4.2)
 S7                     0.2.0   2024-11-07 [1] CRAN (R 4.4.2)
 ScaledMatrix           1.14.0  2024-10-29 [1] Bioconductor 3.20 (R 4.4.2)
 scales                 1.4.0   2025-04-24 [1] CRAN (R 4.4.2)
 scater               * 1.34.1  2025-03-03 [1] Bioconductor 3.20 (R 4.4.2)
 scuttle              * 1.16.0  2024-10-29 [1] Bioconductor 3.20 (R 4.4.2)
 sessioninfo          * 1.2.2   2021-12-06 [1] CRAN (R 4.4.2)
 SingleCellExperiment * 1.28.1  2024-11-10 [1] Bioconductor 3.20 (R 4.4.2)
 SparseArray            1.6.0   2024-10-29 [1] Bioconductor 3.20 (R 4.4.2)
 SpatialExperiment    * 1.16.0  2024-10-29 [1] Bioconductor 3.20 (R 4.4.2)
 SummarizedExperiment * 1.36.0  2024-10-29 [1] Bioconductor 3.20 (R 4.4.2)
 systemfonts            1.2.3   2025-04-30 [1] CRAN (R 4.4.2)
 textshaping            1.0.1   2025-05-01 [1] CRAN (R 4.4.2)
 tibble                 3.3.0   2025-06-08 [1] CRAN (R 4.4.2)
 tidyr                  1.3.1   2024-01-24 [1] CRAN (R 4.4.2)
 tidyselect             1.2.1   2024-03-11 [1] CRAN (R 4.4.2)
 UCSC.utils             1.2.0   2024-10-29 [1] Bioconductor 3.20 (R 4.4.2)
 vctrs                  0.6.5   2023-12-01 [1] CRAN (R 4.4.2)
 vipor                  0.4.7   2023-12-18 [1] CRAN (R 4.4.2)
 viridis              * 0.6.5   2024-01-29 [1] CRAN (R 4.4.2)
 viridisLite          * 0.4.2   2023-05-02 [1] CRAN (R 4.4.2)
 withr                  3.0.2   2024-10-28 [1] CRAN (R 4.4.2)
 XVector                0.46.0  2024-10-29 [1] Bioconductor 3.20 (R 4.4.2)
 zlibbioc               1.52.0  2024-10-29 [1] Bioconductor 3.20 (R 4.4.2)

 [1] /usr/local/lib/R/site-library
 [2] /usr/lib/R/site-library
 [3] /usr/lib/R/library

------------------------------------------------------------------------------------------------------------------------------------------------------------------------------
[2025-10-20 16:35:50] ===== Finished Making Plots=====
