[1] "2025-05-14 13:35:52 EDT"
[1] "Loading from: resources/paper_data/2024.RData"
[1] "2025-05-14 13:37:29 EDT"
Found samples: Br2743_ant, Br2743_mid, Br2743_post, Br3942_ant, Br3942_mid, Br3942_post, Br6423_ant, Br6423_mid, Br6423_post, Br8492_ant, Br8492_mid, Br8492_post, Br2720_ant, Br2720_mid, Br2720_post, Br6432_ant, Br6432_mid, Br6432_post, Br6471_ant, Br6471_mid, Br6471_post, Br6522_ant, Br6522_mid, Br6522_post, Br8325_ant, Br8325_mid, Br8325_post, Br8667_ant, Br8667_mid, Br8667_post 
[1] "2025-05-14 13:37:29 EDT"
Processing sample: Br2743_ant 
[1] "2025-05-14 13:37:39 EDT"
Processing sample: Br2743_mid 
[1] "2025-05-14 13:37:51 EDT"
Processing sample: Br2743_post 
[1] "2025-05-14 13:38:01 EDT"
Processing sample: Br3942_ant 
[1] "2025-05-14 13:38:13 EDT"
Processing sample: Br3942_mid 
[1] "2025-05-14 13:38:25 EDT"
Processing sample: Br3942_post 
[1] "2025-05-14 13:38:39 EDT"
Processing sample: Br6423_ant 
[1] "2025-05-14 13:38:50 EDT"
Processing sample: Br6423_mid 
[1] "2025-05-14 13:39:01 EDT"
Processing sample: Br6423_post 
[1] "2025-05-14 13:39:13 EDT"
Processing sample: Br8492_ant 
[1] "2025-05-14 13:39:25 EDT"
Processing sample: Br8492_mid 
[1] "2025-05-14 13:39:36 EDT"
Processing sample: Br8492_post 
[1] "2025-05-14 13:39:46 EDT"
Processing sample: Br2720_ant 
[1] "2025-05-14 13:39:52 EDT"
Processing sample: Br2720_mid 
[1] "2025-05-14 13:39:59 EDT"
Processing sample: Br2720_post 
[1] "2025-05-14 13:40:12 EDT"
Processing sample: Br6432_ant 
[1] "2025-05-14 13:40:21 EDT"
Processing sample: Br6432_mid 
[1] "2025-05-14 13:40:35 EDT"
Processing sample: Br6432_post 
[1] "2025-05-14 13:40:49 EDT"
Processing sample: Br6471_ant 
[1] "2025-05-14 13:40:58 EDT"
Processing sample: Br6471_mid 
[1] "2025-05-14 13:41:10 EDT"
Processing sample: Br6471_post 
[1] "2025-05-14 13:41:21 EDT"
Processing sample: Br6522_ant 
[1] "2025-05-14 13:41:34 EDT"
Processing sample: Br6522_mid 
[1] "2025-05-14 13:41:47 EDT"
Processing sample: Br6522_post 
[1] "2025-05-14 13:41:58 EDT"
Processing sample: Br8325_ant 
[1] "2025-05-14 13:42:08 EDT"
Processing sample: Br8325_mid 
[1] "2025-05-14 13:42:17 EDT"
Processing sample: Br8325_post 
[1] "2025-05-14 13:42:27 EDT"
Processing sample: Br8667_ant 
[1] "2025-05-14 13:42:38 EDT"
Processing sample: Br8667_mid 
[1] "2025-05-14 13:42:51 EDT"
Processing sample: Br8667_post 
[1] "Reproducibility information:"
[1] "2025-05-14 13:43:02 EDT"
   user  system elapsed 
427.845   8.749 436.486 
- Session info ---------------------------------------------------------------
 setting  value
 version  R version 4.5.0 (2025-04-11)
 os       Ubuntu 22.04.5 LTS
 system   x86_64, linux-gnu
 ui       X11
 language (EN)
 collate  C
 ctype    C
 tz       America/New_York
 date     2025-05-14
 pandoc   NA
 quarto   NA

- Packages -------------------------------------------------------------------
 package              * version date (UTC) lib source
 abind                  1.4-8   2024-09-12 [1] CRAN (R 4.5.0)
 Biobase              * 2.68.0  2025-04-15 [1] Bioconductor 3.21 (R 4.5.0)
 BiocGenerics         * 0.54.0  2025-04-15 [1] Bioconductor 3.21 (R 4.5.0)
 cli                    3.6.5   2025-04-23 [1] CRAN (R 4.5.0)
 crayon                 1.5.3   2024-06-20 [1] CRAN (R 4.5.0)
 DelayedArray           0.34.1  2025-04-17 [1] Bioconductor 3.21 (R 4.5.0)
 generics             * 0.1.4   2025-05-09 [1] CRAN (R 4.5.0)
 GenomeInfoDb         * 1.44.0  2025-04-15 [1] Bioconductor 3.21 (R 4.5.0)
 GenomeInfoDbData       1.2.14  2025-05-14 [1] Bioconductor
 GenomicRanges        * 1.60.0  2025-04-15 [1] Bioconductor 3.21 (R 4.5.0)
 httr                   1.4.7   2023-08-15 [1] CRAN (R 4.5.0)
 IRanges              * 2.42.0  2025-04-15 [1] Bioconductor 3.21 (R 4.5.0)
 jsonlite               2.0.0   2025-03-27 [1] CRAN (R 4.5.0)
 lattice                0.22-5  2023-10-24 [3] CRAN (R 4.3.1)
 magick                 2.8.6   2025-03-23 [1] CRAN (R 4.5.0)
 magrittr               2.0.3   2022-03-30 [1] CRAN (R 4.5.0)
 Matrix                 1.7-3   2025-03-11 [3] CRAN (R 4.4.3)
 MatrixGenerics       * 1.20.0  2025-04-15 [1] Bioconductor 3.21 (R 4.5.0)
 matrixStats          * 1.5.0   2025-01-07 [1] CRAN (R 4.5.0)
 R6                     2.6.1   2025-02-15 [1] CRAN (R 4.5.0)
 Rcpp                   1.0.14  2025-01-12 [1] CRAN (R 4.5.0)
 rjson                  0.2.23  2024-09-16 [1] CRAN (R 4.5.0)
 S4Arrays               1.8.0   2025-04-15 [1] Bioconductor 3.21 (R 4.5.0)
 S4Vectors            * 0.46.0  2025-04-15 [1] Bioconductor 3.21 (R 4.5.0)
 sessioninfo          * 1.2.3   2025-02-05 [1] CRAN (R 4.5.0)
 SingleCellExperiment * 1.30.1  2025-05-07 [1] Bioconductor 3.21 (R 4.5.0)
 SparseArray            1.8.0   2025-04-15 [1] Bioconductor 3.21 (R 4.5.0)
 SpatialExperiment    * 1.18.1  2025-05-11 [1] Bioconductor 3.21 (R 4.5.0)
 SummarizedExperiment * 1.38.1  2025-04-30 [1] Bioconductor 3.21 (R 4.5.0)
 UCSC.utils             1.4.0   2025-04-15 [1] Bioconductor 3.21 (R 4.5.0)
 XVector                0.48.0  2025-04-15 [1] Bioconductor 3.21 (R 4.5.0)

 [1] /usr/local/lib/R/site-library
 [2] /usr/lib/R/site-library
 [3] /usr/lib/R/library
 * -- Packages attached to the search path.

------------------------------------------------------------------------------
